11-11 07:21:55.257  1521  1521 I notification_cancel: [10042,1910,com.android.systemui,3,low_battery,-1,0,1088,8,NULL]
11-11 07:21:58.497  1910  2380 I sysui_multi_action: [757,1093,758,4,793,7013,1094,18923648,1095,6]
11-11 07:21:59.497  1910  2380 I sysui_multi_action: [757,1093,758,4,793,1005,1094,18923648,1095,6]
11-11 07:22:00.507  1910  2380 I sysui_multi_action: [757,1093,758,4,793,1012,1094,18923648,1095,6]
11-11 07:22:01.517  1910  2380 I sysui_multi_action: [757,1093,758,4,793,1007,1094,18923648,1095,6]
11-11 07:22:03.507  1910  2380 I sysui_multi_action: [757,1093,758,4,793,1987,1094,18923648,1095,6]
11-11 07:22:05.907  1521  1553 I am_uid_idle: 10051
11-11 07:22:13.127  1521  1552 I am_pss  : [5775,10021,com.android.vending,30098432,23371776,0]
11-11 07:22:18.297  1521  1521 I notification_cancel: [10042,1910,com.android.systemui,2,low_battery,-1,0,1088,8,NULL]
11-11 07:22:18.297  1521  1521 I notification_cancel: [10042,1910,com.android.systemui,3,low_battery,-1,0,1088,8,NULL]
11-11 07:22:26.207  1910  1910 I sysui_multi_action: [757,931,758,4,759,4,932,0,933,0]
11-11 07:22:26.207  1521  2366 I sysui_count: [key_back_down,1]
11-11 07:22:26.207  1521  2366 I sysui_multi_action: [757,803,799,key_back_down,802,1]
11-11 07:22:26.287  1910  1910 I sysui_multi_action: [757,931,758,4,759,4,932,0,933,1]
11-11 07:22:26.377  1910  1910 I sysui_multi_action: [757,931,758,4,759,4,932,0,933,0]
11-11 07:22:26.377  1521  6105 I sysui_count: [key_back_down,1]
11-11 07:22:26.377  1521  6105 I sysui_multi_action: [757,803,799,key_back_down,802,1]
11-11 07:22:26.487  1910  1910 I sysui_multi_action: [757,931,758,4,759,4,932,0,933,1]
11-11 07:22:28.187  1910  1910 I sysui_multi_action: [757,931,758,4,759,3,932,0,933,0]
11-11 07:22:28.297  1910  1910 I sysui_multi_action: [757,931,758,4,759,3,932,0,933,1]
11-11 07:22:28.307  1521  1837 I am_new_intent: [0,116116113,3343,com.zte.mifavor.launcher/com.android.launcher3.Launcher,android.intent.action.MAIN,NULL,NULL,268435712]
11-11 07:22:28.307  1521  1837 I wm_task_moved: [3343,1,0]
11-11 07:22:28.317  1521  1837 I am_focused_stack: [0,0,1,bringingFoundTaskToFront]
11-11 07:22:28.317  1521  1837 I wm_task_moved: [3343,1,0]
11-11 07:22:28.317  1521  1837 I am_pause_activity: [0,35719038,com.tencent.mm/.ui.LauncherUI]
11-11 07:22:28.327  1521  1837 I am_set_resumed_activity: [0,com.zte.mifavor.launcher/com.android.launcher3.Launcher,resumeTopActivityInnerLocked]
11-11 07:22:28.347  1521  1837 I am_resume_activity: [0,116116113,3343,com.zte.mifavor.launcher/com.android.launcher3.Launcher]
11-11 07:22:28.357  1521  1837 I am_task_to_front: [0,3343]
11-11 07:22:28.387  3237  3237 I am_on_resume_called: [0,com.android.launcher3.Launcher,RESUME_ACTIVITY]
11-11 07:22:28.387  3415  3415 I am_on_paused_called: [0,com.tencent.mm.ui.LauncherUI,handlePauseActivity_pauseBackStacks]
11-11 07:22:28.397  1521  1553 I am_stop_activity: [0,35719038,com.tencent.mm/.ui.LauncherUI]
11-11 07:22:28.397  1521  1553 I sysui_count: [window_time_0,80]
11-11 07:22:28.397  1521  1553 I sysui_multi_action: [757,803,799,window_time_0,802,80]
11-11 07:22:28.417  3415  3415 I am_on_stop_called: [0,com.tencent.mm.ui.LauncherUI,handleStopActivity]
11-11 07:22:28.447  1521  1561 I sysui_multi_action: [319,143,322,124,325,597,757,761,758,9,759,2,806,com.zte.mifavor.launcher,871,com.android.launcher3.Launcher,905,0]
11-11 07:22:29.377  1521  3128 I wm_task_moved: [3347,1,8]
11-11 07:22:29.387  1521  3128 I am_focused_stack: [0,1,0,bringingFoundTaskToFront]
11-11 07:22:29.387  1521  3128 I wm_task_moved: [3347,1,8]
11-11 07:22:29.387  1521  3128 I am_pause_activity: [0,116116113,com.zte.mifavor.launcher/com.android.launcher3.Launcher]
11-11 07:22:29.387  1521  3128 I am_task_to_front: [0,3347]
11-11 07:22:29.397  1521  3128 I wm_task_moved: [3347,1,8]
11-11 07:22:29.397  1521  3128 I am_create_activity: [0,99072756,3347,cn.com.zte.mobilemail/cn.com.zte.zmail.app.ui.activity.WelComeActivity,android.intent.action.MAIN,NULL,NULL,274726912]
11-11 07:22:29.397  3237  3237 I am_on_paused_called: [0,com.android.launcher3.Launcher,handlePauseActivity_pauseBackStacks]
11-11 07:22:29.407  1521  3128 I am_uid_active: 10169
11-11 07:22:29.407  1521  3128 I am_restart_activity: [0,99072756,3347,cn.com.zte.mobilemail/cn.com.zte.zmail.app.ui.activity.WelComeActivity]
11-11 07:22:29.407  1521  3128 I am_set_resumed_activity: [0,cn.com.zte.mobilemail/cn.com.zte.zmail.app.ui.activity.WelComeActivity,minimalResumeActivityLocked]
11-11 07:22:29.407  1521  1553 I sysui_count: [window_time_0,1]
11-11 07:22:29.407  1521  1553 I sysui_multi_action: [757,803,799,window_time_0,802,1]
11-11 07:22:29.417  1521  2103 I am_finish_activity: [0,99072756,3347,cn.com.zte.mobilemail/cn.com.zte.zmail.app.ui.activity.WelComeActivity,app-request]
11-11 07:22:29.417  1521  2103 I am_pause_activity: [0,99072756,cn.com.zte.mobilemail/cn.com.zte.zmail.app.ui.activity.WelComeActivity]
11-11 07:22:29.417  1521  1553 I sysui_count: [window_time_0,0]
11-11 07:22:29.417  1521  1553 I sysui_multi_action: [757,803,799,window_time_0,802,0]
11-11 07:22:29.427  1521  2103 I am_set_resumed_activity: [0,cn.com.zte.mobilemail/cn.com.zte.zmail.app.ui.activity.HomeActivity,resumeTopActivityInnerLocked]
11-11 07:22:29.427  1521  2103 I am_resume_activity: [0,113881471,3347,cn.com.zte.mobilemail/cn.com.zte.zmail.app.ui.activity.HomeActivity]
11-11 07:22:29.437  1521  1553 I sysui_count: [window_time_0,0]
11-11 07:22:29.437  1521  1553 I sysui_multi_action: [757,803,799,window_time_0,802,0]
11-11 07:22:29.437  1521  1521 I notification_cancel_all: [10169,4902,cn.com.zte.mobilemail,0,0,64,9,NULL]
11-11 07:22:29.437  4902  4902 I am_on_resume_called: [0,cn.com.zte.zmail.app.ui.activity.HomeActivity,RESUME_ACTIVITY]
11-11 07:22:29.467  1521  1561 I sysui_multi_action: [319,43,321,42,322,101,325,598,757,761,758,8,759,4,806,cn.com.zte.mobilemail,871,cn.com.zte.zmail.app.ui.activity.WelComeActivity,904,com.zte.mifavor.launcher,905,0]
11-11 07:22:29.687  1521  1553 I am_destroy_activity: [0,99072756,3347,cn.com.zte.mobilemail/cn.com.zte.zmail.app.ui.activity.WelComeActivity,finish-imm]
11-11 07:22:29.687  1521  1553 I am_stop_activity: [0,116116113,com.zte.mifavor.launcher/com.android.launcher3.Launcher]
11-11 07:22:29.687  3237  3237 I am_on_stop_called: [0,com.android.launcher3.Launcher,handleStopActivity]
11-11 07:22:29.797  1521  2110 I battery_level: [11,4005,410]
11-11 07:22:29.797  1521  1521 I notification_cancel: [10042,1910,com.android.systemui,2,low_battery,-1,0,1088,8,NULL]
11-11 07:22:29.797  1521  1521 I notification_cancel: [10042,1910,com.android.systemui,3,low_battery,-1,0,1088,8,NULL]
11-11 07:22:30.807  1910  2380 I sysui_multi_action: [757,1093,758,4,793,27303,1094,18923648,1095,6]
11-11 07:22:34.897  1910  1910 I sysui_multi_action: [757,931,758,4,759,3,932,0,933,0]
11-11 07:22:35.047  1910  1910 I sysui_multi_action: [757,931,758,4,759,3,932,0,933,1]
11-11 07:22:35.057  1521  1837 I am_new_intent: [0,116116113,3343,com.zte.mifavor.launcher/com.android.launcher3.Launcher,android.intent.action.MAIN,NULL,NULL,268435712]
11-11 07:22:35.057  1521  1837 I wm_task_moved: [3343,1,0]
11-11 07:22:35.057  1521  1837 I am_focused_stack: [0,0,1,bringingFoundTaskToFront]
11-11 07:22:35.057  1521  1837 I wm_task_moved: [3343,1,0]
11-11 07:22:35.057  1521  1837 I am_pause_activity: [0,113881471,cn.com.zte.mobilemail/cn.com.zte.zmail.app.ui.activity.HomeActivity]
11-11 07:22:35.067  4902  4902 I am_on_paused_called: [0,cn.com.zte.zmail.app.ui.activity.HomeActivity,handlePauseActivity_pauseBackStacks]
11-11 07:22:35.067  1521  1837 I am_set_resumed_activity: [0,com.zte.mifavor.launcher/com.android.launcher3.Launcher,resumeTopActivityInnerLocked]
11-11 07:22:35.077  1521  1837 I am_resume_activity: [0,116116113,3343,com.zte.mifavor.launcher/com.android.launcher3.Launcher]
11-11 07:22:35.087  1521  1837 I am_task_to_front: [0,3343]
11-11 07:22:35.087  1521  1553 I am_stop_activity: [0,113881471,cn.com.zte.mobilemail/cn.com.zte.zmail.app.ui.activity.HomeActivity]
11-11 07:22:35.097  1521  1553 I sysui_count: [window_time_0,6]
11-11 07:22:35.097  1521  1553 I sysui_multi_action: [757,803,799,window_time_0,802,6]
11-11 07:22:35.107  4902  4902 I am_on_stop_called: [0,cn.com.zte.zmail.app.ui.activity.HomeActivity,handleStopActivity]
11-11 07:22:35.117  3237  3237 I am_on_resume_called: [0,com.android.launcher3.Launcher,RESUME_ACTIVITY]
11-11 07:22:35.167  1521  1561 I sysui_multi_action: [319,106,322,91,325,604,757,761,758,9,759,2,806,com.zte.mifavor.launcher,871,com.android.launcher3.Launcher,905,0]
11-11 07:22:40.047  1521  2103 I am_uid_active: 10021
11-11 07:22:42.747  1910  1910 I sysui_count: [panel_open_qs,1]
11-11 07:22:42.747  1910  1910 I sysui_multi_action: [757,803,799,panel_open_qs,802,1]
11-11 07:22:42.757  1910  1910 I sysui_count: [panel_open,1]
11-11 07:22:42.757  1910  1910 I sysui_multi_action: [757,803,799,panel_open,802,1]
11-11 07:22:42.767  1910  1910 I sysui_count: [panel_open_qs,1]
11-11 07:22:42.767  1910  1910 I sysui_multi_action: [757,803,799,panel_open_qs,802,1]
11-11 07:22:42.787  1910  1910 I sysui_count: [panel_open_qs,1]
11-11 07:22:42.787  1910  1910 I sysui_multi_action: [757,803,799,panel_open_qs,802,1]
11-11 07:22:42.807  1910  1910 I sysui_count: [panel_open_qs,1]
11-11 07:22:42.807  1910  1910 I sysui_multi_action: [757,803,799,panel_open_qs,802,1]
11-11 07:22:42.817  1910  1910 I sysui_count: [panel_open_qs,1]
11-11 07:22:42.817  1910  1910 I sysui_multi_action: [757,803,799,panel_open_qs,802,1]
11-11 07:22:42.827  1521  3082 I sysui_view_visibility: [127,100]
11-11 07:22:42.827  1521  3082 I sysui_multi_action: [757,127,758,1]
11-11 07:22:42.827  1521  3082 I sysui_histogram: [note_load,0]
11-11 07:22:42.827  1521  3082 I sysui_multi_action: [757,804,799,note_load,801,0,802,1]
11-11 07:22:42.827  1521  3082 I notification_panel_revealed: 0
11-11 07:22:43.007  1910  1910 I sysui_view_visibility: [111,100]
11-11 07:22:43.007  1910  1910 I sysui_multi_action: [757,111,758,1]
11-11 07:22:43.007  1910  1910 I sysui_multi_action: [757,0,758,1,759,0,833,1,927,0]
11-11 07:22:43.007  1910  1910 I sysui_multi_action: [757,126,758,1,759,126,833,1,927,1]
11-11 07:22:43.007  1910  1910 I sysui_multi_action: [757,111,758,1,759,111,833,1,927,2,928,1]
11-11 07:22:43.007  1910  1910 I sysui_multi_action: [757,122,758,1,759,122,833,1,927,3,928,1]
11-11 07:22:43.007  1910  1910 I sysui_multi_action: [757,113,758,1,759,113,833,1,927,4]
11-11 07:22:43.007  1910  1910 I sysui_multi_action: [757,126,758,1,759,126,833,1,927,5]
11-11 07:22:43.007  1910  1910 I sysui_multi_action: [757,112,758,1,759,112,833,1,927,6,928,0]
11-11 07:22:43.007  1910  1910 I sysui_multi_action: [757,120,758,1,759,120,833,1,927,7]
11-11 07:22:43.007  1910  1910 I sysui_multi_action: [757,0,758,1,759,0,833,1,927,8]
11-11 07:22:43.007  1910  1910 I sysui_multi_action: [757,119,758,1,759,119,833,1,927,9]
11-11 07:22:43.007  1910  1910 I sysui_multi_action: [757,0,758,1,759,0,833,1,927,10,928,0]
11-11 07:22:43.007  1910  1910 I sysui_multi_action: [757,0,758,1,759,0,833,1,927,11,928,0]
11-11 07:22:43.007  1910  1910 I sysui_multi_action: [757,123,758,1,759,123,833,0,927,12,928,0]
11-11 07:22:43.007  1910  1910 I sysui_multi_action: [757,111,758,1,759,111,833,0,927,13]
11-11 07:22:43.007  1910  1910 I sysui_multi_action: [757,111,758,1,759,111,833,0,927,14]
11-11 07:22:43.007  1910  1910 I sysui_multi_action: [757,111,758,1,759,111,833,0,927,15]
11-11 07:22:43.007  1910  1910 I sysui_multi_action: [757,118,758,1,759,118,833,0,927,16,928,0]
11-11 07:22:43.007  1910  1910 I sysui_multi_action: [757,111,758,1,759,111,833,0,927,17]
11-11 07:22:43.007  1910  1910 I sysui_multi_action: [757,111,758,1,759,111,833,0,927,18]
11-11 07:22:43.007  1910  1910 I sysui_multi_action: [757,268,758,1,759,268,806,com.moji.zteweather,833,0,871,com.moji.mjweather.quicksetting.MJQSWeatherTileService,927,19]
11-11 07:22:43.007  1910  1910 I sysui_view_visibility: [111,100]
11-11 07:22:43.007  1910  1910 I sysui_multi_action: [757,111,758,1]
11-11 07:22:43.007  1910  1910 I sysui_multi_action: [757,0,758,1,759,0,833,1,927,0]
11-11 07:22:43.007  1910  1910 I sysui_multi_action: [757,126,758,1,759,126,833,1,927,1]
11-11 07:22:43.007  1910  1910 I sysui_multi_action: [757,111,758,1,759,111,833,1,927,2,928,1]
11-11 07:22:43.007  1910  1910 I sysui_multi_action: [757,122,758,1,759,122,833,1,927,3,928,1]
11-11 07:22:43.837  1910  2380 I sysui_multi_action: [757,1093,758,4,793,13032,1094,18923648,1095,6]
11-11 07:22:43.977  1910  1910 I sysui_action: [406,]
11-11 07:22:43.977  1910  1910 I sysui_multi_action: [757,406,758,4]
11-11 07:22:43.997  1521  3151 I am_finish_activity: [0,27095383,3344,com.android.settings/.zte.ZteAboutPhone,clear-task-stack]
11-11 07:22:43.997  1521  3151 I am_destroy_activity: [0,27095383,3344,com.android.settings/.zte.ZteAboutPhone,finish-imm]
11-11 07:22:44.007  1521  3151 I am_finish_activity: [0,70911366,3344,com.zte.zdm/.application.mmi.MainActivity,clear-task-stack]
11-11 07:22:44.007  1521  3151 I am_destroy_activity: [0,70911366,3344,com.zte.zdm/.application.mmi.MainActivity,finish-imm]
11-11 07:22:44.007  1521  3151 I am_new_intent: [0,168121604,3344,com.android.settings/.Settings,android.settings.SETTINGS,NULL,NULL,335544320]
11-11 07:22:44.007  1521  3151 I wm_task_moved: [3344,1,8]
11-11 07:22:44.007  1521  3151 I am_focused_stack: [0,1,0,bringingFoundTaskToFront]
11-11 07:22:44.007  1521  3151 I wm_task_moved: [3344,1,8]
11-11 07:22:44.007  1521  3151 I am_pause_activity: [0,116116113,com.zte.mifavor.launcher/com.android.launcher3.Launcher]
11-11 07:22:44.007  1521  3151 I am_task_to_front: [0,3344]
11-11 07:22:44.017  1521  1553 I sysui_count: [window_time_0,9]
11-11 07:22:44.017  1521  1553 I sysui_multi_action: [757,803,799,window_time_0,802,9]
11-11 07:22:44.017  1521  1553 I sysui_count: [window_time_0,0]
11-11 07:22:44.017  1521  1553 I sysui_multi_action: [757,803,799,window_time_0,802,0]
11-11 07:22:44.017  3237  3237 I am_on_paused_called: [0,com.android.launcher3.Launcher,handlePauseActivity_pauseBackStacks]
11-11 07:22:44.027  1521  2103 I am_set_resumed_activity: [0,com.android.settings/.Settings,resumeTopActivityInnerLocked]
11-11 07:22:44.047  1521  2103 I am_resume_activity: [0,168121604,3344,com.android.settings/.Settings]
11-11 07:22:44.067  1521  1553 I sysui_count: [window_time_0,0]
11-11 07:22:44.067  1521  1553 I sysui_multi_action: [757,803,799,window_time_0,802,0]
11-11 07:22:44.077  2202  2202 I sysui_multi_action: [757,35,758,1,833,0]
11-11 07:22:44.077  2202  2202 I am_on_resume_called: [0,com.android.settings.Settings,RESUME_ACTIVITY]
11-11 07:22:44.117  1521  1561 I sysui_multi_action: [319,129,322,129,325,613,757,761,758,9,759,2,806,com.zte.zdm,871,com.zte.zdm.application.mmi.MainActivity,904,com.android.settings,905,0]
11-11 07:22:44.267  1910  1910 I sysui_view_visibility: [111,0]
11-11 07:22:44.267  1910  1910 I sysui_multi_action: [757,111,758,2]
11-11 07:22:44.267  1910  1910 I sysui_view_visibility: [111,0]
11-11 07:22:44.267  1910  1910 I sysui_multi_action: [757,111,758,2]
11-11 07:22:44.337  1521  1553 I am_stop_activity: [0,116116113,com.zte.mifavor.launcher/com.android.launcher3.Launcher]
11-11 07:22:44.347  3237  3237 I am_on_stop_called: [0,com.android.launcher3.Launcher,handleStopActivity]
11-11 07:22:44.547  1521  3076 I sysui_view_visibility: [127,0]
11-11 07:22:44.547  1521  3076 I sysui_multi_action: [757,127,758,2]
11-11 07:22:44.547  1521  3076 I notification_panel_hidden: 
11-11 07:22:45.547  1910  2380 I sysui_multi_action: [757,1093,758,4,793,1704,1094,18923648,1095,6]
11-11 07:22:48.987  1521  3076 I wm_task_moved: [3344,1,8]
11-11 07:22:48.987  1521  3076 I am_create_activity: [0,174192304,3344,com.android.settings/.Settings$NetworkDashboardActivity,NULL,NULL,NULL,32768]
11-11 07:22:48.987  1521  3076 I am_pause_activity: [0,168121604,com.android.settings/.Settings]
11-11 07:22:48.987  2202  2202 I sysui_view_visibility: [35,0]
11-11 07:22:48.987  2202  2202 I sysui_multi_action: [757,35,758,2]
11-11 07:22:48.997  2202  2202 I am_on_paused_called: [0,com.android.settings.Settings,handlePauseActivity]
11-11 07:22:48.997  1521  3141 I am_restart_activity: [0,174192304,3344,com.android.settings/.Settings$NetworkDashboardActivity]
11-11 07:22:48.997  1521  3141 I am_set_resumed_activity: [0,com.android.settings/.Settings$NetworkDashboardActivity,minimalResumeActivityLocked]
11-11 07:22:48.997  1521  1553 I sysui_count: [window_time_0,5]
11-11 07:22:48.997  1521  1553 I sysui_multi_action: [757,803,799,window_time_0,802,5]
11-11 07:22:49.047  2202  2202 I sysui_multi_action: [757,746,758,1,833,35]
11-11 07:22:49.057  2202  2202 I am_on_resume_called: [0,com.android.settings.Settings$NetworkDashboardActivity,LAUNCH_ACTIVITY]
11-11 07:22:49.107  1521  1561 I am_activity_launch_time: [0,174192304,com.android.settings/.Settings$NetworkDashboardActivity,113,19705]
11-11 07:22:49.437  1521  3141 I am_stop_activity: [0,168121604,com.android.settings/.Settings]
11-11 07:22:49.437  2202  2202 I am_on_stop_called: [0,com.android.settings.Settings,handleStopActivity]
11-11 07:22:50.687  2202  2202 I sysui_multi_action: [757,830,758,4,806,com.zte.heartyservice.intent.action.startActivity.NET_SCANNER,833,746]
11-11 07:22:50.697  1521  3141 I wm_task_moved: [3344,1,8]
11-11 07:22:50.707  1521  3141 I am_create_activity: [0,162175678,3344,com.zte.heartyservice/.net.NetTrafficActivity,com.zte.heartyservice.intent.action.startActivity.NET_SCANNER,NULL,NULL,0]
11-11 07:22:50.707  1521  3141 I am_pause_activity: [0,174192304,com.android.settings/.Settings$NetworkDashboardActivity]
11-11 07:22:50.707  2202  2202 I sysui_view_visibility: [746,0]
11-11 07:22:50.707  2202  2202 I sysui_multi_action: [757,746,758,2]
11-11 07:22:50.707  2202  2202 I am_on_paused_called: [0,com.android.settings.Settings$NetworkDashboardActivity,handlePauseActivity]
11-11 07:22:50.717  1521  1908 I am_proc_start: [0,12783,10023,com.zte.heartyservice:ui,activity,com.zte.heartyservice/.net.NetTrafficActivity]
11-11 07:22:50.727  1521  1553 I sysui_count: [window_time_0,1]
11-11 07:22:50.727  1521  1553 I sysui_multi_action: [757,803,799,window_time_0,802,1]
11-11 07:22:50.727  1521  3076 I am_proc_bound: [0,12783,com.zte.heartyservice:ui]
11-11 07:22:50.727  1521  3076 I am_restart_activity: [0,162175678,3344,com.zte.heartyservice/.net.NetTrafficActivity]
11-11 07:22:50.727  1521  3076 I am_set_resumed_activity: [0,com.zte.heartyservice/.net.NetTrafficActivity,minimalResumeActivityLocked]
11-11 07:22:51.287 12783 12783 I am_on_resume_called: [0,com.zte.heartyservice.net.NetTrafficActivity,LAUNCH_ACTIVITY]
11-11 07:22:51.317  1521  1567 I am_uid_running: 10008
11-11 07:22:51.327  1521  1567 I am_proc_start: [0,12860,10008,com.android.defcontainer,service,com.android.defcontainer/.DefaultContainerService]
11-11 07:22:51.337  1521  3076 I am_proc_bound: [0,12860,com.android.defcontainer]
11-11 07:22:51.337  1521  3076 I am_uid_active: 10008
11-11 07:22:51.377  1521  3128 I netstats_mobile_sample: [7214,25,2658,28,7214,25,2658,28,7214,25,2658,28,1541892171454]
11-11 07:22:51.377  1521  3128 I netstats_wifi_sample: [12785763,12696,1368494,10094,12698955,10665,1227020,10043,12698955,10665,1227020,10043,1541892171454]
11-11 07:22:51.537  1521  1521 I notification_cancel: [10042,1910,com.android.systemui,2,low_battery,-1,0,1088,8,NULL]
11-11 07:22:51.587  1521  1521 I notification_cancel: [10042,1910,com.android.systemui,3,low_battery,-1,0,1088,8,NULL]
11-11 07:22:51.687  1521  1561 I sysui_multi_action: [319,76,321,71,322,1000,325,619,757,761,758,7,759,1,806,com.zte.heartyservice,871,com.zte.heartyservice.net.NetTrafficActivity,904,com.android.settings,905,0,945,36]
11-11 07:22:51.697  1521  1561 I am_activity_launch_time: [0,162175678,com.zte.heartyservice/.net.NetTrafficActivity,979,979]
11-11 07:22:51.897  1521  1567 I unknown_sources_enabled: 1
11-11 07:22:52.077  1521  2110 I sysui_action: [727,com.oupeng.max.sdk]
11-11 07:22:52.077  1521  2110 I sysui_multi_action: [757,727,758,4,806,com.oupeng.max.sdk]
11-11 07:22:52.097  1521  2366 I sysui_action: [731,com.oupeng.max.sdk]
11-11 07:22:52.097  1521  2366 I sysui_multi_action: [757,731,758,4,806,com.oupeng.max.sdk]
11-11 07:22:52.297  1521  1521 I notification_cancel: [10021,5775,com.android.vending,1422176253,NULL,0,0,1088,8,NULL]
11-11 07:22:52.477  1521  1521 I notification_cancel_all: [1000,1521,com.oupeng.max.sdk,0,0,0,5,NULL]
11-11 07:22:52.477  1521  1552 I sync    : [com.google.android.gms.people,0,0,132323836]
11-11 07:22:52.537  1521  1552 I sync    : [com.google.android.gms.people,1,0,132323836]
11-11 07:22:52.537  1521  1521 I notification_cancel: [1000,1521,android,18,-2062149812,0,0,0,8,NULL]
11-11 07:22:54.117  1521  1521 I notification_cancel: [10042,1910,com.android.systemui,2,low_battery,-1,0,1088,8,NULL]
11-11 07:22:54.117  1521  1521 I notification_cancel: [10042,1910,com.android.systemui,3,low_battery,-1,0,1088,8,NULL]
11-11 07:22:54.977  1521  3152 I wm_task_moved: [3344,1,8]
11-11 07:22:54.987  1521  3152 I am_create_activity: [0,140130055,3344,com.zte.heartyservice/.net.NetTrafficStatsActivity,com.zte.heartyservice.intent.action.startActivity.NET_STATS,NULL,NULL,0]
11-11 07:22:54.987  1521  3152 I am_pause_activity: [0,162175678,com.zte.heartyservice/.net.NetTrafficActivity]
11-11 07:22:54.987 12783 12783 I am_on_paused_called: [0,com.zte.heartyservice.net.NetTrafficActivity,handlePauseActivity]
11-11 07:22:54.997  1521  3152 I am_restart_activity: [0,140130055,3344,com.zte.heartyservice/.net.NetTrafficStatsActivity]
11-11 07:22:54.997  1521  3152 I am_set_resumed_activity: [0,com.zte.heartyservice/.net.NetTrafficStatsActivity,minimalResumeActivityLocked]
11-11 07:22:54.997  1521  1553 I am_stop_activity: [0,174192304,com.android.settings/.Settings$NetworkDashboardActivity]
11-11 07:22:54.997  2202  2202 I am_on_stop_called: [0,com.android.settings.Settings$NetworkDashboardActivity,handleStopActivity]
11-11 07:22:54.997  1521  1553 I sysui_count: [window_time_0,5]
11-11 07:22:54.997  1521  1553 I sysui_multi_action: [757,803,799,window_time_0,802,5]
11-11 07:22:55.037 12783 12783 I am_on_resume_called: [0,com.zte.heartyservice.net.NetTrafficStatsActivity,LAUNCH_ACTIVITY]
11-11 07:22:55.127  1521  1561 I am_activity_launch_time: [0,140130055,com.zte.heartyservice/.net.NetTrafficStatsActivity,128,128]
11-11 07:22:55.137  1521  1552 I am_pss  : [4902,10169,cn.com.zte.mobilemail,80588800,75108352,0]
11-11 07:22:55.507  1521  3082 I am_stop_activity: [0,162175678,com.zte.heartyservice/.net.NetTrafficActivity]
11-11 07:22:55.517 12783 12783 I am_on_stop_called: [0,com.zte.heartyservice.net.NetTrafficActivity,handleStopActivity]
11-11 07:23:00.047  1521  1552 I am_pss  : [3415,10126,com.tencent.mm,218070016,202108928,0]
11-11 07:23:00.077  1521  1552 I am_pss  : [4140,10126,com.tencent.mm:exdevice,13396992,7843840,0]
11-11 07:23:00.087  1521  1552 I am_pss  : [4303,10126,com.tencent.mm:push,20193280,13549568,0]
11-11 07:23:01.047  1910  2380 I sysui_multi_action: [757,1093,758,4,793,15500,1094,18923648,1095,6]
11-11 07:23:01.487  1521  1552 I am_pss  : [12783,10023,com.zte.heartyservice:ui,110319616,102215680,0]
11-11 07:23:02.147  1521  1535 I am_uid_active: 10012
11-11 07:23:02.147  1521  1535 I am_uid_active: 10003
11-11 07:23:04.377  1521  1521 I notification_cancel: [10042,1910,com.android.systemui,2,low_battery,-1,0,1088,8,NULL]
11-11 07:23:04.377  1521  1521 I notification_cancel: [10042,1910,com.android.systemui,3,low_battery,-1,0,1088,8,NULL]
11-11 07:23:07.397  1521  1552 I am_pss  : [3237,10025,com.zte.mifavor.launcher,129002496,123310080,0]
11-11 07:23:20.857  1521  1521 I notification_cancel: [10042,1910,com.android.systemui,2,low_battery,-1,0,1088,8,NULL]
11-11 07:23:20.857  1521  1521 I notification_cancel: [10042,1910,com.android.systemui,3,low_battery,-1,0,1088,8,NULL]
11-11 07:23:27.117  1521  1552 I am_pss  : [2202,1000,com.android.settings,102111232,98054144,0]
11-11 07:23:27.147  1521  1521 I notification_enqueue: [1000,6217,com.zte.powersavemode,1,NULL,0,Notification(channel=com.zte.powersavemode pri=0 contentView=null vibrate=null sound=null tick defaults=0x0 flags=0x0 color=0x00000000 actions=2 vis=PRIVATE),0]
11-11 07:23:27.147  1521  1521 I sysui_multi_action: [757,199,758,1,759,1,793,7,794,0,795,7,796,1,806,com.zte.powersavemode,857,com.zte.powersavemode,858,3,947,0]
11-11 07:23:27.147  1521  1521 I notification_alert: [0|com.zte.powersavemode|1|null|1000,1,0,0]
11-11 07:23:27.147  1521  1552 I am_pss  : [5775,10021,com.android.vending,30287872,23855104,0]
11-11 07:23:28.397  1521  1553 I am_uid_idle: 10126
11-11 07:23:30.527  1910  1910 I sysui_count: [panel_open_qs,1]
11-11 07:23:30.527  1910  1910 I sysui_multi_action: [757,803,799,panel_open_qs,802,1]
11-11 07:23:30.547  1910  1910 I sysui_count: [panel_open,1]
11-11 07:23:30.547  1910  1910 I sysui_multi_action: [757,803,799,panel_open,802,1]
11-11 07:23:30.547  1521  3141 I sysui_view_visibility: [127,100]
11-11 07:23:30.547  1521  3141 I sysui_multi_action: [757,127,758,1]
11-11 07:23:30.547  1521  3141 I sysui_histogram: [note_load,1]
11-11 07:23:30.557  1521  3141 I sysui_multi_action: [757,804,799,note_load,801,1,802,1]
11-11 07:23:30.557  1521  3141 I notification_panel_revealed: 1
11-11 07:23:30.847  1910  1910 I sysui_view_visibility: [111,100]
11-11 07:23:30.847  1910  1910 I sysui_multi_action: [757,111,758,1]
11-11 07:23:30.847  1910  1910 I sysui_multi_action: [757,0,758,1,759,0,833,1,927,0]
11-11 07:23:30.847  1910  1910 I sysui_multi_action: [757,126,758,1,759,126,833,1,927,1]
11-11 07:23:30.847  1910  1910 I sysui_multi_action: [757,111,758,1,759,111,833,1,927,2,928,1]
11-11 07:23:30.847  1910  1910 I sysui_multi_action: [757,122,758,1,759,122,833,1,927,3,928,1]
11-11 07:23:30.847  1910  1910 I sysui_multi_action: [757,113,758,1,759,113,833,1,927,4]
11-11 07:23:30.847  1910  1910 I sysui_multi_action: [757,126,758,1,759,126,833,1,927,5]
11-11 07:23:30.847  1910  1910 I sysui_multi_action: [757,112,758,1,759,112,833,1,927,6,928,0]
11-11 07:23:30.847  1910  1910 I sysui_multi_action: [757,120,758,1,759,120,833,1,927,7]
11-11 07:23:30.847  1910  1910 I sysui_multi_action: [757,0,758,1,759,0,833,1,927,8]
11-11 07:23:30.847  1910  1910 I sysui_multi_action: [757,119,758,1,759,119,833,1,927,9]
11-11 07:23:30.847  1910  1910 I sysui_multi_action: [757,0,758,1,759,0,833,1,927,10,928,0]
11-11 07:23:30.847  1910  1910 I sysui_multi_action: [757,0,758,1,759,0,833,1,927,11,928,0]
11-11 07:23:30.847  1910  1910 I sysui_multi_action: [757,123,758,1,759,123,833,0,927,12,928,0]
11-11 07:23:30.847  1910  1910 I sysui_multi_action: [757,111,758,1,759,111,833,0,927,13]
11-11 07:23:30.847  1910  1910 I sysui_multi_action: [757,111,758,1,759,111,833,0,927,14]
11-11 07:23:30.847  1910  1910 I sysui_multi_action: [757,111,758,1,759,111,833,0,927,15]
11-11 07:23:30.847  1910  1910 I sysui_multi_action: [757,118,758,1,759,118,833,0,927,16,928,0]
11-11 07:23:30.847  1910  1910 I sysui_multi_action: [757,111,758,1,759,111,833,0,927,17]
11-11 07:23:30.847  1910  1910 I sysui_multi_action: [757,111,758,1,759,111,833,0,927,18]
11-11 07:23:30.847  1910  1910 I sysui_multi_action: [757,268,758,1,759,268,806,com.moji.zteweather,833,0,871,com.moji.mjweather.quicksetting.MJQSWeatherTileService,927,19]
11-11 07:23:30.847  1910  1910 I sysui_view_visibility: [111,100]
11-11 07:23:30.847  1910  1910 I sysui_multi_action: [757,111,758,1]
11-11 07:23:30.847  1910  1910 I sysui_multi_action: [757,0,758,1,759,0,833,1,927,0]
11-11 07:23:30.847  1910  1910 I sysui_multi_action: [757,126,758,1,759,126,833,1,927,1]
11-11 07:23:30.847  1910  1910 I sysui_multi_action: [757,111,758,1,759,111,833,1,927,2,928,1]
11-11 07:23:30.847  1910  1910 I sysui_multi_action: [757,122,758,1,759,122,833,1,927,3,928,1]
11-11 07:23:31.097  1521  1535 I sysui_multi_action: [757,128,758,1,793,3954,794,0,795,3954,796,1,798,0,806,com.zte.powersavemode,857,com.zte.powersavemode,858,3,947,0]
11-11 07:23:31.097  1521  1535 I sysui_histogram: [note_freshness,3954]
11-11 07:23:31.097  1521  1535 I sysui_multi_action: [757,804,799,note_freshness,801,3954,802,1]
11-11 07:23:31.097  1521  1535 I notification_visibility: [0|com.zte.powersavemode|1|null|1000,1,3954,3954,0,0]
11-11 07:23:31.557  1910  2380 I sysui_multi_action: [757,1093,758,4,793,30516,1094,18923648,1095,6]
11-11 07:23:34.047  1521  1552 I am_pss  : [3002,10012,android.process.media,8303616,7069696,0]
11-11 07:23:34.067  1521  1552 I am_pss  : [12860,10008,com.android.defcontainer,3146752,2686976,0]
11-11 07:23:34.907  1521  1521 I notification_cancel: [10042,1910,com.android.systemui,2,low_battery,-1,0,1088,8,NULL]
11-11 07:23:34.907  1521  1521 I notification_cancel: [10042,1910,com.android.systemui,3,low_battery,-1,0,1088,8,NULL]
11-11 07:23:35.097  1521  1553 I am_uid_idle: 10169
11-11 07:23:35.257  1521  3141 I sysui_multi_action: [757,128,758,3,793,8120,794,4166,795,8120,796,1,806,com.zte.powersavemode,857,com.zte.powersavemode,858,3,947,0]
11-11 07:23:35.257  1521  3141 I notification_expansion: [0|com.zte.powersavemode|1|null|1000,1,1,8120,8120,4166]
11-11 07:23:35.257  1910  1910 I sysui_action: [409,true]
11-11 07:23:35.257  1910  1910 I sysui_multi_action: [757,409,758,4,759,1]
11-11 07:23:36.997  1521  1552 I sync    : [subscribedfeeds,1,0,132323836]
11-11 07:23:36.997  1521  1521 I notification_cancel: [1000,1521,android,18,-210645280,0,0,0,8,NULL]
11-11 07:23:40.077  1521  1553 I am_uid_idle: 10021
11-11 07:23:40.947  1521  3141 I sysui_multi_action: [757,129,758,4,759,1,793,13802,794,9848,795,13802,796,1,806,com.zte.powersavemode,857,com.zte.powersavemode,858,3,947,0]
11-11 07:23:40.947  1521  3141 I notification_action_clicked: [0|com.zte.powersavemode|1|null|1000,1,13802,13802,9848]
11-11 07:23:40.947  1521  3141 I am_wtf  : [0,1521,system_server,-1,ActivityManager,Sending non-protected broadcast android.powersave.action.ABNORMAL_APP_NOTIFY_IGNORE from system uid 1000 pkg com.zte.powersavemode]
11-11 07:23:40.957  1521  1521 I notification_cancel: [1000,6217,com.zte.powersavemode,1,NULL,0,0,0,8,NULL]
11-11 07:23:40.957  1521  1521 I sysui_multi_action: [757,128,758,5,759,8,793,13818,794,9864,795,13818,796,1,806,com.zte.powersavemode,857,com.zte.powersavemode,858,3,947,0]
11-11 07:23:40.957  1521  1521 I notification_canceled: [0|com.zte.powersavemode|1|null|1000,8,13818,13818,9864,NULL]
11-11 07:23:44.177  1910  1910 I sysui_view_visibility: [111,0]
11-11 07:23:44.177  1910  1910 I sysui_multi_action: [757,111,758,2]
11-11 07:23:44.177  1910  1910 I sysui_view_visibility: [111,0]
11-11 07:23:44.177  1910  1910 I sysui_multi_action: [757,111,758,2]
11-11 07:23:44.847  1521  1535 I sysui_view_visibility: [127,0]
11-11 07:23:44.847  1521  1535 I sysui_multi_action: [757,127,758,2]
11-11 07:23:44.847  1521  1535 I notification_panel_hidden: 
11-11 07:23:45.827  1910  2380 I sysui_multi_action: [757,1093,758,4,793,14268,1094,18923648,1095,6]
11-11 07:23:48.737  1910  2380 I sysui_multi_action: [757,1093,758,4,793,2911,1094,18923648,1095,6]
11-11 07:23:50.187  1910  1910 I sysui_multi_action: [757,931,758,4,759,3,932,0,933,0]
11-11 07:23:50.327  1910  1910 I sysui_multi_action: [757,931,758,4,759,3,932,0,933,1]
11-11 07:23:50.337  1521  1837 I am_new_intent: [0,116116113,3343,com.zte.mifavor.launcher/com.android.launcher3.Launcher,android.intent.action.MAIN,NULL,NULL,268435712]
11-11 07:23:50.337  1521  1837 I wm_task_moved: [3343,1,0]
11-11 07:23:50.337  1521  1837 I am_focused_stack: [0,0,1,bringingFoundTaskToFront]
11-11 07:23:50.337  1521  1837 I wm_task_moved: [3343,1,0]
11-11 07:23:50.347  1521  1837 I am_pause_activity: [0,140130055,com.zte.heartyservice/.net.NetTrafficStatsActivity]
11-11 07:23:50.347  1521  1837 I am_set_resumed_activity: [0,com.zte.mifavor.launcher/com.android.launcher3.Launcher,resumeTopActivityInnerLocked]
11-11 07:23:50.357 12783 12783 I am_on_paused_called: [0,com.zte.heartyservice.net.NetTrafficStatsActivity,handlePauseActivity_pauseBackStacks]
11-11 07:23:50.367  1521  1837 I am_resume_activity: [0,116116113,3343,com.zte.mifavor.launcher/com.android.launcher3.Launcher]
11-11 07:23:50.377  1521  1837 I am_task_to_front: [0,3343]
11-11 07:23:50.387  1521  1553 I am_stop_activity: [0,140130055,com.zte.heartyservice/.net.NetTrafficStatsActivity]
11-11 07:23:50.397 12783 12783 I am_on_stop_called: [0,com.zte.heartyservice.net.NetTrafficStatsActivity,handleStopActivity]
11-11 07:23:50.407  1521  1553 I sysui_count: [window_time_0,55]
11-11 07:23:50.407  1521  1553 I sysui_multi_action: [757,803,799,window_time_0,802,55]
11-11 07:23:50.407  3237  3237 I am_on_resume_called: [0,com.android.launcher3.Launcher,RESUME_ACTIVITY]
11-11 07:23:50.457  1521  1561 I sysui_multi_action: [319,121,322,111,325,679,757,761,758,9,759,2,806,com.zte.mifavor.launcher,871,com.android.launcher3.Launcher,905,0]
11-11 07:23:50.467  1521  1521 I notification_cancel: [10042,1910,com.android.systemui,2,low_battery,-1,0,1088,8,NULL]
11-11 07:23:50.467  1521  1521 I notification_cancel: [10042,1910,com.android.systemui,3,low_battery,-1,0,1088,8,NULL]
11-11 07:23:52.997  1521  2105 I am_uid_running: 10027
11-11 07:23:53.017  1521  2105 I am_proc_start: [0,13897,10027,com.zte.mifavor.miboard,content provider,com.zte.mifavor.miboard/.data.CustomProvider]
11-11 07:23:53.037  1521  2103 I am_proc_bound: [0,13897,com.zte.mifavor.miboard]
11-11 07:23:53.037  1521  2103 I am_uid_active: 10027
11-11 07:23:53.397  1521  3141 I am_uid_active: 10066
11-11 07:23:53.397  1521  3141 I am_uid_active: 10004
11-11 07:23:56.457  1521  2366 I am_finish_activity: [0,174192304,3344,com.android.settings/.Settings$NetworkDashboardActivity,clear-task-stack]
11-11 07:23:56.457  1521  2366 I am_destroy_activity: [0,174192304,3344,com.android.settings/.Settings$NetworkDashboardActivity,finish-imm]
11-11 07:23:56.457  1521  2366 I am_finish_activity: [0,162175678,3344,com.zte.heartyservice/.net.NetTrafficActivity,clear-task-stack]
11-11 07:23:56.467  1521  2366 I am_destroy_activity: [0,162175678,3344,com.zte.heartyservice/.net.NetTrafficActivity,finish-imm]
11-11 07:23:56.467  1521  2366 I am_finish_activity: [0,140130055,3344,com.zte.heartyservice/.net.NetTrafficStatsActivity,clear-task-stack]
11-11 07:23:56.467  1521  2366 I am_destroy_activity: [0,140130055,3344,com.zte.heartyservice/.net.NetTrafficStatsActivity,finish-imm]
11-11 07:23:56.467  1521  2366 I am_new_intent: [0,168121604,3344,com.android.settings/.Settings,android.settings.SETTINGS,NULL,NULL,335544320]
11-11 07:23:56.467  1521  2366 I wm_task_moved: [3344,1,8]
11-11 07:23:56.477  1521  2366 I am_focused_stack: [0,1,0,bringingFoundTaskToFront]
11-11 07:23:56.477  1521  2366 I wm_task_moved: [3344,1,8]
11-11 07:23:56.477  1521  2366 I am_pause_activity: [0,116116113,com.zte.mifavor.launcher/com.android.launcher3.Launcher]
11-11 07:23:56.477  1521  2366 I am_task_to_front: [0,3344]
11-11 07:23:56.487  1521  1553 I sysui_count: [window_time_0,6]
11-11 07:23:56.487  1521  1553 I sysui_multi_action: [757,803,799,window_time_0,802,6]
11-11 07:23:56.487  1521  1553 I sysui_count: [window_time_0,0]
11-11 07:23:56.487  1521  1553 I sysui_multi_action: [757,803,799,window_time_0,802,0]
11-11 07:23:56.487  1521  1553 I sysui_count: [window_time_0,0]
11-11 07:23:56.487  1521  1553 I sysui_multi_action: [757,803,799,window_time_0,802,0]
11-11 07:23:56.507  3237  3237 I am_on_paused_called: [0,com.android.launcher3.Launcher,handlePauseActivity_pauseBackStacks]
11-11 07:23:56.527  1521  3141 I am_set_resumed_activity: [0,com.android.settings/.Settings,resumeTopActivityInnerLocked]
11-11 07:23:56.527  1521  3141 I am_resume_activity: [0,168121604,3344,com.android.settings/.Settings]
11-11 07:23:56.547  1521  1553 I sysui_count: [window_time_0,0]
11-11 07:23:56.557  1521  1553 I sysui_multi_action: [757,803,799,window_time_0,802,0]
11-11 07:23:56.557  2202  2202 I sysui_multi_action: [757,35,758,1,833,0]
11-11 07:23:56.567  2202  2202 I am_on_resume_called: [0,com.android.settings.Settings,RESUME_ACTIVITY]
11-11 07:23:56.607  1521  1561 I sysui_multi_action: [319,145,322,144,325,685,757,761,758,9,759,2,806,com.android.settings,871,com.android.settings.Settings,904,com.android.systemui,905,0]
11-11 07:23:56.837  1521  1553 I am_stop_activity: [0,116116113,com.zte.mifavor.launcher/com.android.launcher3.Launcher]
11-11 07:23:56.847  3237  3237 I am_on_stop_called: [0,com.android.launcher3.Launcher,handleStopActivity]
11-11 07:23:58.347  1521  2366 I battery_level: [12,4012,410]
11-11 07:23:58.367  1521  1521 I notification_cancel: [10042,1910,com.android.systemui,2,low_battery,-1,0,1088,8,NULL]
11-11 07:23:58.367  1521  1521 I notification_cancel: [10042,1910,com.android.systemui,3,low_battery,-1,0,1088,8,NULL]
11-11 07:23:59.377  1910  2380 I sysui_multi_action: [757,1093,758,4,793,10644,1094,18923648,1095,6]
11-11 07:23:59.547  1521  2366 I wm_task_moved: [3344,1,8]
11-11 07:23:59.547  1521  2366 I am_create_activity: [0,154392982,3344,com.android.settings/.Settings$PowerUsageSummaryActivity,NULL,NULL,NULL,32768]
11-11 07:23:59.547  1521  2366 I am_pause_activity: [0,168121604,com.android.settings/.Settings]
11-11 07:23:59.547  2202  2202 I sysui_view_visibility: [35,0]
11-11 07:23:59.547  2202  2202 I sysui_multi_action: [757,35,758,2]
11-11 07:23:59.557  2202  2202 I am_on_paused_called: [0,com.android.settings.Settings,handlePauseActivity]
11-11 07:23:59.557  1521  2366 I am_restart_activity: [0,154392982,3344,com.android.settings/.Settings$PowerUsageSummaryActivity]
11-11 07:23:59.557  1521  2366 I am_set_resumed_activity: [0,com.android.settings/.Settings$PowerUsageSummaryActivity,minimalResumeActivityLocked]
11-11 07:23:59.557  1521  1553 I sysui_count: [window_time_0,3]
11-11 07:23:59.557  1521  1553 I sysui_multi_action: [757,803,799,window_time_0,802,3]
11-11 07:23:59.577  1521  3082 I wm_task_moved: [3345,1,8]
11-11 07:23:59.577  1521  3082 I am_pause_activity: [0,154392982,com.android.settings/.Settings$PowerUsageSummaryActivity]
11-11 07:23:59.577  1521  3082 I am_task_to_front: [0,3345]
11-11 07:23:59.577  1521  1552 I am_pss  : [2974,10016,com.google.android.gms,73111552,58638336,0]
11-11 07:23:59.577  1521  2105 I am_finish_activity: [0,154392982,3344,com.android.settings/.Settings$PowerUsageSummaryActivity,app-request]
11-11 07:23:59.587  1521  1553 I sysui_count: [window_time_0,0]
11-11 07:23:59.587  1521  1553 I sysui_multi_action: [757,803,799,window_time_0,802,0]
11-11 07:23:59.587  1521  2366 I am_set_resumed_activity: [0,com.zte.powersavemode/.power.BatteryHistoryDetailMFV,resumeTopActivityInnerLocked]
11-11 07:23:59.587  1521  2366 I am_resume_activity: [0,139431920,3345,com.zte.powersavemode/.power.BatteryHistoryDetailMFV]
11-11 07:23:59.597  1521  1553 I sysui_count: [window_time_0,0]
11-11 07:23:59.597  1521  1553 I sysui_multi_action: [757,803,799,window_time_0,802,0]
11-11 07:23:59.617  6217  6217 I am_on_resume_called: [0,com.zte.powersavemode.power.BatteryHistoryDetailMFV,RESUME_ACTIVITY]
11-11 07:23:59.657  1521  1561 I sysui_multi_action: [319,21,321,19,322,80,325,688,757,761,758,9,759,4,806,com.zte.powersavemode,871,com.zte.powersavemode.power.BatteryHistoryDetailMFV,904,com.zte.powersavemode,905,0]
11-11 07:23:59.657  1521  1553 I am_destroy_activity: [0,154392982,3344,com.android.settings/.Settings$PowerUsageSummaryActivity,finish-imm]
11-11 07:23:59.657  1521  1553 I am_stop_activity: [0,168121604,com.android.settings/.Settings]
11-11 07:23:59.657  2202  2202 I am_on_stop_called: [0,com.android.settings.Settings,handleStopActivity]
11-11 07:24:01.017  1910  2380 I sysui_multi_action: [757,1093,758,4,793,1639,1094,18923648,1095,6]
11-11 07:24:01.457  1521  1553 I am_uid_idle: 10008
11-11 07:24:02.197  1521  1553 I am_uid_idle: 10003
11-11 07:24:02.207  1521  1553 I am_uid_idle: 10012
11-11 07:24:02.457  1910  1910 I sysui_multi_action: [757,931,758,4,759,4,932,0,933,0]
11-11 07:24:02.457  1521  3128 I sysui_count: [key_back_down,1]
11-11 07:24:02.457  1521  3128 I sysui_multi_action: [757,803,799,key_back_down,802,1]
11-11 07:24:02.577  1910  1910 I sysui_multi_action: [757,931,758,4,759,4,932,0,933,1]
11-11 07:24:02.587  1521  3128 I am_finish_activity: [0,139431920,3345,com.zte.powersavemode/.power.BatteryHistoryDetailMFV,app-request]
11-11 07:24:02.587  1521  3128 I am_pause_activity: [0,139431920,com.zte.powersavemode/.power.BatteryHistoryDetailMFV]
11-11 07:24:02.597  1521  1553 I sysui_count: [window_time_0,3]
11-11 07:24:02.597  1521  1553 I sysui_multi_action: [757,803,799,window_time_0,802,3]
11-11 07:24:02.597  6217  6217 I am_on_paused_called: [0,com.zte.powersavemode.power.BatteryHistoryDetailMFV,handlePauseActivity]
11-11 07:24:02.597  1521  3082 I am_set_resumed_activity: [0,com.zte.powersavemode/.power.PowerUsageSummaryActivityMFV,resumeTopActivityInnerLocked]
11-11 07:24:02.597  1521  3082 I am_resume_activity: [0,168461378,3345,com.zte.powersavemode/.power.PowerUsageSummaryActivityMFV]
11-11 07:24:02.607  1521  1553 I sysui_count: [window_time_0,0]
11-11 07:24:02.607  1521  1553 I sysui_multi_action: [757,803,799,window_time_0,802,0]
11-11 07:24:02.617  6217  6217 I am_on_resume_called: [0,com.zte.powersavemode.power.PowerUsageSummaryActivityMFV,RESUME_ACTIVITY]
11-11 07:24:03.277  1521  1553 I am_destroy_activity: [0,139431920,3345,com.zte.powersavemode/.power.BatteryHistoryDetailMFV,finish-imm]
11-11 07:24:03.287  6217  6217 I am_on_stop_called: [0,com.zte.powersavemode.power.BatteryHistoryDetailMFV,destroy]
11-11 07:24:06.437  6217  6217 I menu_item_selected: [0,]
11-11 07:24:06.447  1521  2366 I wm_task_moved: [3345,1,8]
11-11 07:24:06.447  1521  2366 I am_create_activity: [0,263813343,3345,com.zte.powersavemode/.power.BatteryHistoryDetailMFV,android.intent.action.MAIN,NULL,NULL,0]
11-11 07:24:06.447  1521  2366 I am_pause_activity: [0,168461378,com.zte.powersavemode/.power.PowerUsageSummaryActivityMFV]
11-11 07:24:06.447  6217  6217 I am_on_paused_called: [0,com.zte.powersavemode.power.PowerUsageSummaryActivityMFV,handlePauseActivity]
11-11 07:24:06.457  1521  2366 I am_restart_activity: [0,263813343,3345,com.zte.powersavemode/.power.BatteryHistoryDetailMFV]
11-11 07:24:06.457  1521  2366 I am_set_resumed_activity: [0,com.zte.powersavemode/.power.BatteryHistoryDetailMFV,minimalResumeActivityLocked]
11-11 07:24:06.457  1521  1553 I sysui_count: [window_time_0,4]
11-11 07:24:06.457  1521  1553 I sysui_multi_action: [757,803,799,window_time_0,802,4]
11-11 07:24:06.487  6217  6217 I am_on_resume_called: [0,com.zte.powersavemode.power.BatteryHistoryDetailMFV,LAUNCH_ACTIVITY]
11-11 07:24:06.537  1521  1561 I am_activity_launch_time: [0,263813343,com.zte.powersavemode/.power.BatteryHistoryDetailMFV,78,6976]
11-11 07:24:06.807  1521  1553 I am_stop_activity: [0,168461378,com.zte.powersavemode/.power.PowerUsageSummaryActivityMFV]
11-11 07:24:06.817  6217  6217 I am_on_stop_called: [0,com.zte.powersavemode.power.PowerUsageSummaryActivityMFV,handleStopActivity]
11-11 07:24:07.847  1910  1910 I sysui_multi_action: [757,931,758,4,759,4,932,0,933,0]
11-11 07:24:07.847  1521  3128 I sysui_count: [key_back_down,1]
11-11 07:24:07.847  1521  3128 I sysui_multi_action: [757,803,799,key_back_down,802,1]
11-11 07:24:07.957  1910  1910 I sysui_multi_action: [757,931,758,4,759,4,932,0,933,1]
11-11 07:24:07.957  1521  3128 I am_finish_activity: [0,263813343,3345,com.zte.powersavemode/.power.BatteryHistoryDetailMFV,app-request]
11-11 07:24:07.957  1521  3128 I am_pause_activity: [0,263813343,com.zte.powersavemode/.power.BatteryHistoryDetailMFV]
11-11 07:24:07.967  1521  1553 I sysui_count: [window_time_0,2]
11-11 07:24:07.967  1521  1553 I sysui_multi_action: [757,803,799,window_time_0,802,2]
11-11 07:24:07.967  6217  6217 I am_on_paused_called: [0,com.zte.powersavemode.power.BatteryHistoryDetailMFV,handlePauseActivity]
11-11 07:24:07.967  1521  2366 I am_set_resumed_activity: [0,com.zte.powersavemode/.power.PowerUsageSummaryActivityMFV,resumeTopActivityInnerLocked]
11-11 07:24:07.967  1521  2366 I am_resume_activity: [0,168461378,3345,com.zte.powersavemode/.power.PowerUsageSummaryActivityMFV]
11-11 07:24:07.977  1521  1553 I sysui_count: [window_time_0,0]
11-11 07:24:07.977  1521  1553 I sysui_multi_action: [757,803,799,window_time_0,802,0]
11-11 07:24:07.997  6217  6217 I am_on_resume_called: [0,com.zte.powersavemode.power.PowerUsageSummaryActivityMFV,RESUME_ACTIVITY]
11-11 07:24:08.017  1521  1552 I am_pss  : [3762,10016,com.google.process.gapps,4417536,3543040,0]
11-11 07:24:08.677  1521  1553 I am_destroy_activity: [0,263813343,3345,com.zte.powersavemode/.power.BatteryHistoryDetailMFV,finish-imm]
11-11 07:24:08.677  6217  6217 I am_on_stop_called: [0,com.zte.powersavemode.power.BatteryHistoryDetailMFV,destroy]
11-11 07:24:11.037  1521  1552 I am_pss  : [6217,1000,com.zte.powersavemode,125331456,121520128,0]
11-11 07:24:13.487  1521  1521 I notification_cancel: [10042,1910,com.android.systemui,2,low_battery,-1,0,1088,8,NULL]
11-11 07:24:13.487  1521  1521 I notification_cancel: [10042,1910,com.android.systemui,3,low_battery,-1,0,1088,8,NULL]
11-11 07:24:14.637  1521  1521 I notification_cancel: [10042,1910,com.android.systemui,2,low_battery,-1,0,1088,8,NULL]
11-11 07:24:14.637  1521  1521 I notification_cancel: [10042,1910,com.android.systemui,3,low_battery,-1,0,1088,8,NULL]
11-11 07:24:23.277  1521  1521 I notification_cancel: [10042,1910,com.android.systemui,2,low_battery,-1,0,1088,8,NULL]
11-11 07:24:23.277  1521  1521 I notification_cancel: [10042,1910,com.android.systemui,3,low_battery,-1,0,1088,8,NULL]
11-11 07:24:26.067  1521  1552 I am_pss  : [3237,10025,com.zte.mifavor.launcher,134049792,126480384,0]
11-11 07:24:26.087  1521  1552 I am_pss  : [2974,10016,com.google.android.gms,73095168,58626048,0]
11-11 07:24:26.107  1521  1552 I am_pss  : [12783,10023,com.zte.heartyservice:ui,101897216,93655040,0]
11-11 07:24:41.407  1521  1552 I am_pss  : [2202,1000,com.android.settings,103736320,99319808,0]
11-11 07:24:41.437  1521  1552 I am_pss  : [5775,10021,com.android.vending,30806016,24371200,0]
11-11 07:24:48.057  1521  1521 I notification_cancel: [10042,1910,com.android.systemui,2,low_battery,-1,0,1088,8,NULL]
11-11 07:24:48.057  1521  1521 I notification_cancel: [10042,1910,com.android.systemui,3,low_battery,-1,0,1088,8,NULL]
11-11 07:24:53.407  1521  1553 I am_uid_idle: 10004
11-11 07:24:53.417  1521  1553 I am_uid_idle: 10066
11-11 07:24:53.417  1521  1553 I am_uid_idle: 10027
11-11 07:24:56.807  1521  1552 I am_pss  : [6411,10016,com.google.android.gms.unstable,14620672,10416128,0]
11-11 07:24:57.557  1521  2105 I am_finish_activity: [0,168461378,3345,com.zte.powersavemode/.power.PowerUsageSummaryActivityMFV,app-request]
11-11 07:24:57.557  1521  2105 I am_pause_activity: [0,168461378,com.zte.powersavemode/.power.PowerUsageSummaryActivityMFV]
11-11 07:24:57.567  1521  1553 I sysui_count: [window_time_0,49]
11-11 07:24:57.567  1521  1553 I sysui_multi_action: [757,803,799,window_time_0,802,49]
11-11 07:24:57.567  6217  6217 I am_on_paused_called: [0,com.zte.powersavemode.power.PowerUsageSummaryActivityMFV,handlePauseActivity]
11-11 07:24:57.577  1521  3128 I am_set_resumed_activity: [0,com.zte.powersavemode/.main.PowerSaveModeActivityMFV,resumeTopActivityInnerLocked]
11-11 07:24:57.577  1521  3128 I am_resume_activity: [0,99348164,3345,com.zte.powersavemode/.main.PowerSaveModeActivityMFV]
11-11 07:24:57.587  1521  1553 I sysui_count: [window_time_0,0]
11-11 07:24:57.587  1521  1553 I sysui_multi_action: [757,803,799,window_time_0,802,0]
11-11 07:24:57.627  6217  6217 I am_on_resume_called: [0,com.zte.powersavemode.main.PowerSaveModeActivityMFV,RESUME_ACTIVITY]
11-11 07:24:59.557  1521  2103 I battery_level: [13,4015,420]
11-11 07:24:59.597  1521  1521 I notification_cancel: [10042,1910,com.android.systemui,2,low_battery,-1,0,1088,8,NULL]
11-11 07:24:59.597  1521  1521 I notification_cancel: [10042,1910,com.android.systemui,3,low_battery,-1,0,1088,8,NULL]
11-11 07:25:00.027  1521  1552 I sync    : [subscribedfeeds,0,0,132323836]
11-11 07:25:00.167  1521  1521 I notification_cancel: [1000,1521,android,37,AccountManagerService:37:686122139,0,0,0,8,NULL]
11-11 07:25:00.587  1910  2380 I sysui_multi_action: [757,1093,758,4,793,59568,1094,18923648,1095,6]
11-11 07:25:02.877  1521  2105 I wm_task_moved: [3345,1,8]
11-11 07:25:02.887  1521  2105 I am_create_activity: [0,127056730,3345,com.zte.powersavemode/.appspowersave.AppManagerActivityMFV,NULL,NULL,NULL,8388608]
11-11 07:25:02.887  1521  2105 I am_pause_activity: [0,99348164,com.zte.powersavemode/.main.PowerSaveModeActivityMFV]
11-11 07:25:02.887  6217  6217 I am_on_paused_called: [0,com.zte.powersavemode.main.PowerSaveModeActivityMFV,handlePauseActivity]
11-11 07:25:02.897  1521  2105 I am_restart_activity: [0,127056730,3345,com.zte.powersavemode/.appspowersave.AppManagerActivityMFV]
11-11 07:25:02.897  1521  2105 I am_set_resumed_activity: [0,com.zte.powersavemode/.appspowersave.AppManagerActivityMFV,minimalResumeActivityLocked]
11-11 07:25:02.897  1521  1553 I am_destroy_activity: [0,168461378,3345,com.zte.powersavemode/.power.PowerUsageSummaryActivityMFV,finish-imm]
11-11 07:25:02.897  1521  1553 I sysui_count: [window_time_0,5]
11-11 07:25:02.897  1521  1553 I sysui_multi_action: [757,803,799,window_time_0,802,5]
11-11 07:25:02.907  1910  2380 I sysui_multi_action: [757,1093,758,4,793,2314,1094,18923648,1095,6]
11-11 07:25:02.917  6217  6217 I am_on_resume_called: [0,com.zte.powersavemode.appspowersave.AppManagerActivityMFV,LAUNCH_ACTIVITY]
11-11 07:25:02.937  6217  6217 I am_on_stop_called: [0,com.zte.powersavemode.power.PowerUsageSummaryActivityMFV,destroy]
11-11 07:25:02.957  1521  1561 I am_activity_launch_time: [0,127056730,com.zte.powersavemode/.appspowersave.AppManagerActivityMFV,64,64]
11-11 07:25:03.217  1521  1553 I am_stop_activity: [0,99348164,com.zte.powersavemode/.main.PowerSaveModeActivityMFV]
