11-11 07:25:03.217  6217  6217 I am_on_stop_called: [0,com.zte.powersavemode.main.PowerSaveModeActivityMFV,handleStopActivity]
11-11 07:25:07.387  1910  2380 I sysui_multi_action: [757,1093,758,4,793,4475,1094,18923648,1095,6]
11-11 07:25:09.637  1910  2380 I sysui_multi_action: [757,1093,758,4,793,2257,1094,18923648,1095,6]
11-11 07:25:11.357  1521  6103 I wm_task_moved: [3345,1,8]
11-11 07:25:11.357  1521  6103 I am_create_activity: [0,117695896,3345,com.zte.powersavemode/.appspowersave.AppPowerSaveSetMFV,NULL,NULL,NULL,0]
11-11 07:25:11.357  1521  6103 I am_pause_activity: [0,127056730,com.zte.powersavemode/.appspowersave.AppManagerActivityMFV]
11-11 07:25:11.357  6217  6217 I am_on_paused_called: [0,com.zte.powersavemode.appspowersave.AppManagerActivityMFV,handlePauseActivity]
11-11 07:25:11.357  1521  2711 I am_restart_activity: [0,117695896,3345,com.zte.powersavemode/.appspowersave.AppPowerSaveSetMFV]
11-11 07:25:11.367  1521  2711 I am_set_resumed_activity: [0,com.zte.powersavemode/.appspowersave.AppPowerSaveSetMFV,minimalResumeActivityLocked]
11-11 07:25:11.367  1521  1553 I sysui_count: [window_time_0,9]
11-11 07:25:11.367  1521  1553 I sysui_multi_action: [757,803,799,window_time_0,802,9]
11-11 07:25:11.387  6217  6217 I am_on_resume_called: [0,com.zte.powersavemode.appspowersave.AppPowerSaveSetMFV,LAUNCH_ACTIVITY]
11-11 07:25:11.427  1521  1561 I am_activity_launch_time: [0,117695896,com.zte.powersavemode/.appspowersave.AppPowerSaveSetMFV,59,59]
11-11 07:25:11.687  1521  1553 I am_stop_activity: [0,127056730,com.zte.powersavemode/.appspowersave.AppManagerActivityMFV]
11-11 07:25:11.687  6217  6217 I am_on_stop_called: [0,com.zte.powersavemode.appspowersave.AppManagerActivityMFV,handleStopActivity]
11-11 07:25:14.037  1521  2711 I am_finish_activity: [0,117695896,3345,com.zte.powersavemode/.appspowersave.AppPowerSaveSetMFV,app-request]
11-11 07:25:14.037  1521  2711 I am_pause_activity: [0,117695896,com.zte.powersavemode/.appspowersave.AppPowerSaveSetMFV]
11-11 07:25:14.047  1521  1553 I sysui_count: [window_time_0,3]
11-11 07:25:14.047  1521  1553 I sysui_multi_action: [757,803,799,window_time_0,802,3]
11-11 07:25:14.047  6217  6217 I am_on_paused_called: [0,com.zte.powersavemode.appspowersave.AppPowerSaveSetMFV,handlePauseActivity]
11-11 07:25:14.057  1521  2711 I am_set_resumed_activity: [0,com.zte.powersavemode/.appspowersave.AppManagerActivityMFV,resumeTopActivityInnerLocked]
11-11 07:25:14.057  1521  2711 I am_resume_activity: [0,127056730,3345,com.zte.powersavemode/.appspowersave.AppManagerActivityMFV]
11-11 07:25:14.067  1521  1553 I sysui_count: [window_time_0,0]
11-11 07:25:14.067  1521  1553 I sysui_multi_action: [757,803,799,window_time_0,802,0]
11-11 07:25:14.147  6217  6217 I am_on_resume_called: [0,com.zte.powersavemode.appspowersave.AppManagerActivityMFV,RESUME_ACTIVITY]
11-11 07:25:14.417  1521  1553 I am_destroy_activity: [0,117695896,3345,com.zte.powersavemode/.appspowersave.AppPowerSaveSetMFV,finish-imm]
11-11 07:25:14.417  6217  6217 I am_on_stop_called: [0,com.zte.powersavemode.appspowersave.AppPowerSaveSetMFV,destroy]
11-11 07:25:14.497  1521  1521 I notification_cancel: [10042,1910,com.android.systemui,2,low_battery,-1,0,1088,8,NULL]
11-11 07:25:14.497  1521  1521 I notification_cancel: [10042,1910,com.android.systemui,3,low_battery,-1,0,1088,8,NULL]
11-11 07:25:16.277  1521  2711 I wm_task_moved: [3345,1,8]
11-11 07:25:16.277  1521  2711 I am_create_activity: [0,234527295,3345,com.zte.powersavemode/.appspowersave.AppPowerSaveSetMFV,NULL,NULL,NULL,0]
11-11 07:25:16.277  1521  2711 I am_pause_activity: [0,127056730,com.zte.powersavemode/.appspowersave.AppManagerActivityMFV]
11-11 07:25:16.287  6217  6217 I am_on_paused_called: [0,com.zte.powersavemode.appspowersave.AppManagerActivityMFV,handlePauseActivity]
11-11 07:25:16.287  1521  3100 I am_restart_activity: [0,234527295,3345,com.zte.powersavemode/.appspowersave.AppPowerSaveSetMFV]
11-11 07:25:16.287  1521  3100 I am_set_resumed_activity: [0,com.zte.powersavemode/.appspowersave.AppPowerSaveSetMFV,minimalResumeActivityLocked]
11-11 07:25:16.287  1521  1553 I sysui_count: [window_time_0,2]
11-11 07:25:16.287  1521  1553 I sysui_multi_action: [757,803,799,window_time_0,802,2]
11-11 07:25:16.307  6217  6217 I am_on_resume_called: [0,com.zte.powersavemode.appspowersave.AppPowerSaveSetMFV,LAUNCH_ACTIVITY]
11-11 07:25:16.337  1521  1561 I am_activity_launch_time: [0,234527295,com.zte.powersavemode/.appspowersave.AppPowerSaveSetMFV,47,47]
11-11 07:25:16.597  1521  1553 I am_stop_activity: [0,127056730,com.zte.powersavemode/.appspowersave.AppManagerActivityMFV]
11-11 07:25:16.607  6217  6217 I am_on_stop_called: [0,com.zte.powersavemode.appspowersave.AppManagerActivityMFV,handleStopActivity]
11-11 07:25:24.057  1521  3082 I am_finish_activity: [0,234527295,3345,com.zte.powersavemode/.appspowersave.AppPowerSaveSetMFV,app-request]
11-11 07:25:24.067  1521  3082 I am_pause_activity: [0,234527295,com.zte.powersavemode/.appspowersave.AppPowerSaveSetMFV]
11-11 07:25:24.067  1521  1553 I sysui_count: [window_time_0,8]
11-11 07:25:24.067  1521  1553 I sysui_multi_action: [757,803,799,window_time_0,802,8]
11-11 07:25:24.067  6217  6217 I am_on_paused_called: [0,com.zte.powersavemode.appspowersave.AppPowerSaveSetMFV,handlePauseActivity]
11-11 07:25:24.077  1521  6103 I am_set_resumed_activity: [0,com.zte.powersavemode/.appspowersave.AppManagerActivityMFV,resumeTopActivityInnerLocked]
11-11 07:25:24.077  1521  6103 I am_resume_activity: [0,127056730,3345,com.zte.powersavemode/.appspowersave.AppManagerActivityMFV]
11-11 07:25:24.087  1521  1553 I sysui_count: [window_time_0,0]
11-11 07:25:24.087  1521  1553 I sysui_multi_action: [757,803,799,window_time_0,802,0]
11-11 07:25:24.137  1521  1552 I am_pss  : [2974,10016,com.google.android.gms,72269824,57802752,0]
11-11 07:25:24.157  1521  1552 I am_pss  : [3762,10016,com.google.process.gapps,4401152,3526656,0]
11-11 07:25:24.207  6217  6217 I am_on_resume_called: [0,com.zte.powersavemode.appspowersave.AppManagerActivityMFV,RESUME_ACTIVITY]
11-11 07:25:24.477  1521  1553 I am_destroy_activity: [0,234527295,3345,com.zte.powersavemode/.appspowersave.AppPowerSaveSetMFV,finish-imm]
11-11 07:25:24.487  6217  6217 I am_on_stop_called: [0,com.zte.powersavemode.appspowersave.AppPowerSaveSetMFV,destroy]
11-11 07:25:26.077  1521  6103 I am_finish_activity: [0,127056730,3345,com.zte.powersavemode/.appspowersave.AppManagerActivityMFV,app-request]
11-11 07:25:26.077  1521  6103 I am_pause_activity: [0,127056730,com.zte.powersavemode/.appspowersave.AppManagerActivityMFV]
11-11 07:25:26.077  1521  1553 I sysui_count: [window_time_0,2]
11-11 07:25:26.077  1521  1553 I sysui_multi_action: [757,803,799,window_time_0,802,2]
11-11 07:25:26.087  6217  6217 I am_on_paused_called: [0,com.zte.powersavemode.appspowersave.AppManagerActivityMFV,handlePauseActivity]
11-11 07:25:26.097  1521  6103 I am_set_resumed_activity: [0,com.zte.powersavemode/.main.PowerSaveModeActivityMFV,resumeTopActivityInnerLocked]
11-11 07:25:26.097  1521  6103 I am_resume_activity: [0,99348164,3345,com.zte.powersavemode/.main.PowerSaveModeActivityMFV]
11-11 07:25:26.107  1521  1553 I sysui_count: [window_time_0,0]
11-11 07:25:26.107  1521  1553 I sysui_multi_action: [757,803,799,window_time_0,802,0]
11-11 07:25:26.137  6217  6217 I am_on_resume_called: [0,com.zte.powersavemode.main.PowerSaveModeActivityMFV,RESUME_ACTIVITY]
11-11 07:25:26.577  1910  2380 I sysui_multi_action: [757,1093,758,4,793,16938,1094,18923648,1095,6]
11-11 07:25:27.757  1910  1910 I sysui_multi_action: [757,931,758,4,759,3,932,0,933,0]
11-11 07:25:27.977  1910  1910 I sysui_multi_action: [757,931,758,4,759,3,932,0,933,1]
11-11 07:25:27.997  1521  1837 I am_new_intent: [0,116116113,3343,com.zte.mifavor.launcher/com.android.launcher3.Launcher,android.intent.action.MAIN,NULL,NULL,268435712]
11-11 07:25:27.997  1521  1837 I wm_task_moved: [3343,1,0]
11-11 07:25:27.997  1521  1837 I am_focused_stack: [0,0,1,bringingFoundTaskToFront]
11-11 07:25:27.997  1521  1837 I wm_task_moved: [3343,1,0]
11-11 07:25:27.997  1521  1837 I am_pause_activity: [0,99348164,com.zte.powersavemode/.main.PowerSaveModeActivityMFV]
11-11 07:25:27.997  1521  1837 I am_set_resumed_activity: [0,com.zte.mifavor.launcher/com.android.launcher3.Launcher,resumeTopActivityInnerLocked]
11-11 07:25:28.007  1521  1837 I am_resume_activity: [0,116116113,3343,com.zte.mifavor.launcher/com.android.launcher3.Launcher]
11-11 07:25:28.017  1521  1837 I am_task_to_front: [0,3343]
11-11 07:25:28.017  1521  1553 I am_destroy_activity: [0,127056730,3345,com.zte.powersavemode/.appspowersave.AppManagerActivityMFV,finish-imm]
11-11 07:25:28.027  6217  6217 I am_on_paused_called: [0,com.zte.powersavemode.main.PowerSaveModeActivityMFV,handlePauseActivity_pauseBackStacks]
11-11 07:25:28.037  1521  1553 I am_stop_activity: [0,99348164,com.zte.powersavemode/.main.PowerSaveModeActivityMFV]
11-11 07:25:28.037  1521  1553 I sysui_count: [window_time_0,2]
11-11 07:25:28.037  1521  1553 I sysui_multi_action: [757,803,799,window_time_0,802,2]
11-11 07:25:28.047  6217  6217 I am_on_stop_called: [0,com.zte.powersavemode.appspowersave.AppManagerActivityMFV,destroy]
11-11 07:25:28.047  3237  3237 I am_on_resume_called: [0,com.android.launcher3.Launcher,RESUME_ACTIVITY]
11-11 07:25:28.087  6217  6217 I am_on_stop_called: [0,com.zte.powersavemode.main.PowerSaveModeActivityMFV,handleStopActivity]
11-11 07:25:28.087  1521  1561 I sysui_multi_action: [319,99,322,83,325,777,757,761,758,9,759,2,806,com.zte.mifavor.launcher,871,com.android.launcher3.Launcher,905,0]
11-11 07:25:30.017  1521  2103 I am_new_intent: [0,168121604,3344,com.android.settings/.Settings,android.settings.SETTINGS,NULL,NULL,335544320]
11-11 07:25:30.027  1521  2103 I wm_task_moved: [3344,1,8]
11-11 07:25:30.027  1521  2103 I am_focused_stack: [0,1,0,bringingFoundTaskToFront]
11-11 07:25:30.027  1521  2103 I wm_task_moved: [3344,1,8]
11-11 07:25:30.027  1521  2103 I am_pause_activity: [0,116116113,com.zte.mifavor.launcher/com.android.launcher3.Launcher]
11-11 07:25:30.027  1521  2103 I am_task_to_front: [0,3344]
11-11 07:25:30.037  3237  3237 I am_on_paused_called: [0,com.android.launcher3.Launcher,handlePauseActivity_pauseBackStacks]
11-11 07:25:30.047  1521  2103 I am_set_resumed_activity: [0,com.android.settings/.Settings,resumeTopActivityInnerLocked]
11-11 07:25:30.047  1521  2103 I am_resume_activity: [0,168121604,3344,com.android.settings/.Settings]
11-11 07:25:30.067  1521  1553 I sysui_count: [window_time_0,2]
11-11 07:25:30.067  1521  1553 I sysui_multi_action: [757,803,799,window_time_0,802,2]
11-11 07:25:30.067  2202  2202 I sysui_multi_action: [757,35,758,1,833,0]
11-11 07:25:30.077  2202  2202 I am_on_resume_called: [0,com.android.settings.Settings,RESUME_ACTIVITY]
11-11 07:25:30.107  1521  1561 I sysui_multi_action: [319,88,322,88,325,779,757,761,758,9,759,2,806,com.android.settings,871,com.android.settings.Settings,904,com.android.systemui,905,0]
11-11 07:25:30.337  1521  1553 I am_stop_activity: [0,116116113,com.zte.mifavor.launcher/com.android.launcher3.Launcher]
11-11 07:25:30.347  3237  3237 I am_on_stop_called: [0,com.android.launcher3.Launcher,handleStopActivity]
11-11 07:25:31.567  1521  1521 I notification_cancel: [10042,1910,com.android.systemui,2,low_battery,-1,0,1088,8,NULL]
11-11 07:25:31.567  1521  1521 I notification_cancel: [10042,1910,com.android.systemui,3,low_battery,-1,0,1088,8,NULL]
11-11 07:25:32.037  1521  2105 I wm_task_moved: [3344,1,8]
11-11 07:25:32.047  1521  2105 I am_create_activity: [0,61899019,3344,com.android.settings/.Settings$MyZTEPhoneActivity,NULL,NULL,NULL,32768]
11-11 07:25:32.047  1521  2105 I am_pause_activity: [0,168121604,com.android.settings/.Settings]
11-11 07:25:32.047  2202  2202 I sysui_view_visibility: [35,0]
11-11 07:25:32.047  2202  2202 I sysui_multi_action: [757,35,758,2]
11-11 07:25:32.047  2202  2202 I am_on_paused_called: [0,com.android.settings.Settings,handlePauseActivity]
11-11 07:25:32.047  1521  1535 I am_restart_activity: [0,61899019,3344,com.android.settings/.Settings$MyZTEPhoneActivity]
11-11 07:25:32.047  1521  1535 I am_set_resumed_activity: [0,com.android.settings/.Settings$MyZTEPhoneActivity,minimalResumeActivityLocked]
11-11 07:25:32.057  1521  1553 I sysui_count: [window_time_0,2]
11-11 07:25:32.057  1521  1553 I sysui_multi_action: [757,803,799,window_time_0,802,2]
11-11 07:25:32.067  1521  1552 I am_pss  : [5775,10021,com.android.vending,30336000,23900160,0]
11-11 07:25:32.077  1521  2105 I wm_task_moved: [3344,1,8]
11-11 07:25:32.077  1521  2105 I am_create_activity: [0,66023060,3344,com.android.settings/.zte.ZteAboutPhone,NULL,NULL,NULL,0]
11-11 07:25:32.077  1521  2105 I am_pause_activity: [0,61899019,com.android.settings/.Settings$MyZTEPhoneActivity]
11-11 07:25:32.077  1521  2105 I am_finish_activity: [0,61899019,3344,com.android.settings/.Settings$MyZTEPhoneActivity,app-request]
11-11 07:25:32.077  1521  1553 I sysui_count: [window_time_0,0]
11-11 07:25:32.077  1521  1553 I sysui_multi_action: [757,803,799,window_time_0,802,0]
11-11 07:25:32.087  1521  6103 I am_restart_activity: [0,66023060,3344,com.android.settings/.zte.ZteAboutPhone]
11-11 07:25:32.087  1521  6103 I am_set_resumed_activity: [0,com.android.settings/.zte.ZteAboutPhone,minimalResumeActivityLocked]
11-11 07:25:32.087  1521  1553 I sysui_count: [window_time_0,0]
11-11 07:25:32.087  1521  1553 I sysui_multi_action: [757,803,799,window_time_0,802,0]
11-11 07:25:32.147  2202  2202 I sysui_multi_action: [757,40,758,1,833,0]
11-11 07:25:32.157  2202  2202 I am_on_resume_called: [0,com.android.settings.zte.ZteAboutPhone,LAUNCH_ACTIVITY]
11-11 07:25:32.197  1521  1561 I am_activity_launch_time: [0,66023060,com.android.settings/.zte.ZteAboutPhone,111,143]
11-11 07:25:32.517  1521  3082 I am_destroy_activity: [0,61899019,3344,com.android.settings/.Settings$MyZTEPhoneActivity,finish-imm]
11-11 07:25:32.517  1521  3082 I am_stop_activity: [0,168121604,com.android.settings/.Settings]
11-11 07:25:32.517  2202  2202 I am_on_stop_called: [0,com.android.settings.Settings,handleStopActivity]
11-11 07:25:32.707  1910  2380 I sysui_multi_action: [757,1093,758,4,793,6140,1094,18923648,1095,6]
11-11 07:25:51.017  1521  1521 I notification_cancel: [10042,1910,com.android.systemui,2,low_battery,-1,0,1088,8,NULL]
11-11 07:25:51.017  1521  1521 I notification_cancel: [10042,1910,com.android.systemui,3,low_battery,-1,0,1088,8,NULL]
11-11 07:25:51.947  2202  2202 I sysui_multi_action: [757,830,758,4,806,com.zte.zdm/com.zte.zdm.application.mmi.MainActivity,833,40]
11-11 07:25:51.957  1521  3082 I wm_task_moved: [3344,1,8]
11-11 07:25:51.957  1521  3082 I am_create_activity: [0,34972868,3344,com.zte.zdm/.application.mmi.MainActivity,NULL,NULL,NULL,8388608]
11-11 07:25:51.957  1521  3082 I am_pause_activity: [0,66023060,com.android.settings/.zte.ZteAboutPhone]
11-11 07:25:51.967  2202  2202 I sysui_view_visibility: [40,0]
11-11 07:25:51.967  2202  2202 I sysui_multi_action: [757,40,758,2]
11-11 07:25:51.967  2202  2202 I am_on_paused_called: [0,com.android.settings.zte.ZteAboutPhone,handlePauseActivity]
11-11 07:25:51.967  1521  2105 I am_uid_active: 10051
11-11 07:25:51.967  1521  2105 I am_restart_activity: [0,34972868,3344,com.zte.zdm/.application.mmi.MainActivity]
11-11 07:25:51.967  1521  2105 I am_set_resumed_activity: [0,com.zte.zdm/.application.mmi.MainActivity,minimalResumeActivityLocked]
11-11 07:25:51.977  1521  1553 I sysui_count: [window_time_0,20]
11-11 07:25:51.977  1521  1553 I sysui_multi_action: [757,803,799,window_time_0,802,20]
11-11 07:25:51.987  1521  1552 I am_pss  : [2202,1000,com.android.settings,141029376,136572928,0]
11-11 07:25:52.017  1521  1552 I am_pss  : [3237,10025,com.zte.mifavor.launcher,135469056,127901696,0]
11-11 07:25:52.027  1521  1521 I notification_cancel_all: [10051,6240,com.zte.zdm,0,0,64,9,NULL]
11-11 07:25:52.027  6240  6240 I am_on_resume_called: [0,com.zte.zdm.application.mmi.MainActivity,LAUNCH_ACTIVITY]
11-11 07:25:52.057  1521  1561 I am_activity_launch_time: [0,34972868,com.zte.zdm/.application.mmi.MainActivity,90,90]
11-11 07:25:52.057  1521  1561 I sysui_multi_action: [319,110,322,110,325,801,757,761,758,8,759,2,806,com.zte.zdm,871,com.zte.zdm.application.mmi.MainActivity,904,com.android.settings,905,0]
11-11 07:25:53.097  1521  1535 I am_stop_activity: [0,66023060,com.android.settings/.zte.ZteAboutPhone]
11-11 07:25:53.097  2202  2202 I am_on_stop_called: [0,com.android.settings.zte.ZteAboutPhone,handleStopActivity]
11-11 07:25:53.757  1521  3100 I am_new_intent: [0,34972868,3344,com.zte.zdm/.application.mmi.MainActivity,NULL,NULL,NULL,8388608]
11-11 07:25:53.767  1521  1521 I notification_cancel_all: [10051,6240,com.zte.zdm,0,0,64,9,NULL]
11-11 07:25:55.657  1910  1910 I sysui_multi_action: [757,931,758,4,759,4,932,0,933,0]
11-11 07:25:55.657  1521  2711 I sysui_count: [key_back_down,1]
11-11 07:25:55.657  1521  2711 I sysui_multi_action: [757,803,799,key_back_down,802,1]
11-11 07:25:55.657  1521  1535 I am_finish_activity: [0,34972868,3344,com.zte.zdm/.application.mmi.MainActivity,app-request]
11-11 07:25:55.657  1521  1535 I am_pause_activity: [0,34972868,com.zte.zdm/.application.mmi.MainActivity]
11-11 07:25:55.657  1521  1553 I sysui_count: [window_time_0,3]
11-11 07:25:55.657  1521  1553 I sysui_multi_action: [757,803,799,window_time_0,802,3]
11-11 07:25:55.657  6240  6240 I am_on_paused_called: [0,com.zte.zdm.application.mmi.MainActivity,handlePauseActivity]
11-11 07:25:55.657  1521  1535 I am_set_resumed_activity: [0,com.android.settings/.zte.ZteAboutPhone,resumeTopActivityInnerLocked]
11-11 07:25:55.667  1521  1535 I am_resume_activity: [0,66023060,3344,com.android.settings/.zte.ZteAboutPhone]
11-11 07:25:55.667  1521  1553 I sysui_count: [window_time_0,0]
11-11 07:25:55.667  1521  1553 I sysui_multi_action: [757,803,799,window_time_0,802,0]
11-11 07:25:55.677  2202  2202 I sysui_multi_action: [757,40,758,1,833,0]
11-11 07:25:55.687  2202  2202 I am_on_resume_called: [0,com.android.settings.zte.ZteAboutPhone,RESUME_ACTIVITY]
11-11 07:25:55.707  1910  1910 I sysui_multi_action: [757,931,758,4,759,4,932,0,933,1]
11-11 07:25:55.987  1521  1553 I am_destroy_activity: [0,34972868,3344,com.zte.zdm/.application.mmi.MainActivity,finish-imm]
11-11 07:25:56.007  6240  6240 I am_on_stop_called: [0,com.zte.zdm.application.mmi.MainActivity,destroy]
11-11 07:26:00.047  1521  1552 I am_pss  : [6217,1000,com.zte.powersavemode,92385280,88330240,0]
11-11 07:26:01.047  1910  2380 I sysui_multi_action: [757,1093,758,4,793,28338,1094,18923648,1095,6]
11-11 07:26:01.287  1521  3082 I wm_task_moved: [3344,1,8]
11-11 07:26:01.297  1521  3082 I am_create_activity: [0,47353049,3344,com.android.settings/.SubSettings,android.intent.action.MAIN,NULL,NULL,0]
11-11 07:26:01.297  1521  3082 I am_pause_activity: [0,66023060,com.android.settings/.zte.ZteAboutPhone]
11-11 07:26:01.297  2202  2202 I sysui_view_visibility: [40,0]
11-11 07:26:01.297  2202  2202 I sysui_multi_action: [757,40,758,2]
11-11 07:26:01.297  2202  2202 I am_on_paused_called: [0,com.android.settings.zte.ZteAboutPhone,handlePauseActivity]
11-11 07:26:01.297  1521  1535 I am_restart_activity: [0,47353049,3344,com.android.settings/.SubSettings]
11-11 07:26:01.297  1521  1535 I am_set_resumed_activity: [0,com.android.settings/.SubSettings,minimalResumeActivityLocked]
11-11 07:26:01.297  1521  1553 I sysui_count: [window_time_0,6]
11-11 07:26:01.297  1521  1553 I sysui_multi_action: [757,803,799,window_time_0,802,6]
11-11 07:26:01.337  2202  2202 I sysui_multi_action: [757,44,758,1,833,0]
11-11 07:26:01.337  2202  2202 I am_on_resume_called: [0,com.android.settings.SubSettings,LAUNCH_ACTIVITY]
11-11 07:26:01.367  1521  1561 I am_activity_launch_time: [0,47353049,com.android.settings/.SubSettings,67,67]
11-11 07:26:01.697  1521  3082 I am_stop_activity: [0,66023060,com.android.settings/.zte.ZteAboutPhone]
11-11 07:26:01.697  2202  2202 I am_on_stop_called: [0,com.android.settings.zte.ZteAboutPhone,handleStopActivity]
11-11 07:26:06.557  1521  3082 I wm_task_moved: [3344,1,8]
11-11 07:26:06.557  1521  3082 I am_create_activity: [0,178583936,3344,com.android.settings/.deviceinfo.ZteMSimStatus,NULL,NULL,NULL,0]
11-11 07:26:06.567  1521  3082 I am_pause_activity: [0,47353049,com.android.settings/.SubSettings]
11-11 07:26:06.567  2202  2202 I sysui_view_visibility: [44,0]
11-11 07:26:06.567  2202  2202 I sysui_multi_action: [757,44,758,2]
11-11 07:26:06.567  2202  2202 I am_on_paused_called: [0,com.android.settings.SubSettings,handlePauseActivity]
11-11 07:26:06.577  1521  2711 I am_restart_activity: [0,178583936,3344,com.android.settings/.deviceinfo.ZteMSimStatus]
11-11 07:26:06.577  1521  2711 I am_set_resumed_activity: [0,com.android.settings/.deviceinfo.ZteMSimStatus,minimalResumeActivityLocked]
11-11 07:26:06.577  1521  1553 I sysui_count: [window_time_0,5]
11-11 07:26:06.577  1521  1553 I sysui_multi_action: [757,803,799,window_time_0,802,5]
11-11 07:26:06.597  1521  1552 I am_pss  : [2202,1000,com.android.settings,145283072,140910592,0]
11-11 07:26:06.607  1521  1552 I am_pss  : [3154,10016,com.google.process.gservices,5213184,4407296,0]
11-11 07:26:06.627  2084  2084 I am_on_resume_called: [0,com.android.settings.deviceinfo.ZteMSimStatus,LAUNCH_ACTIVITY]
11-11 07:26:06.667  2084  2084 I sysui_multi_action: [757,43,758,1,833,0]
11-11 07:26:06.727  1521  1561 I sysui_multi_action: [319,57,321,54,322,171,325,815,757,761,758,7,759,1,806,com.android.settings,871,com.android.settings.deviceinfo.ZteMSimStatus,904,com.android.settings,905,0]
11-11 07:26:06.727  1521  1561 I am_activity_launch_time: [0,178583936,com.android.settings/.deviceinfo.ZteMSimStatus,156,156]
11-11 07:26:06.747  1521  1521 I notification_cancel: [10042,1910,com.android.systemui,2,low_battery,-1,0,1088,8,NULL]
11-11 07:26:06.747  1521  1521 I notification_cancel: [10042,1910,com.android.systemui,3,low_battery,-1,0,1088,8,NULL]
11-11 07:26:06.877  1521  1553 I am_stop_activity: [0,47353049,com.android.settings/.SubSettings]
11-11 07:26:06.877  2202  2202 I am_on_stop_called: [0,com.android.settings.SubSettings,handleStopActivity]
11-11 07:26:17.937  1910  1910 I sysui_multi_action: [757,931,758,4,759,4,932,0,933,0]
11-11 07:26:17.937  1521  2103 I sysui_count: [key_back_down,1]
11-11 07:26:17.937  1521  2103 I sysui_multi_action: [757,803,799,key_back_down,802,1]
11-11 07:26:18.007  1910  1910 I sysui_multi_action: [757,931,758,4,759,4,932,0,933,1]
11-11 07:26:18.017  1521  2105 I am_finish_activity: [0,178583936,3344,com.android.settings/.deviceinfo.ZteMSimStatus,app-request]
11-11 07:26:18.017  1521  2105 I am_pause_activity: [0,178583936,com.android.settings/.deviceinfo.ZteMSimStatus]
11-11 07:26:18.027  1521  1553 I sysui_count: [window_time_0,12]
11-11 07:26:18.027  1521  1553 I sysui_multi_action: [757,803,799,window_time_0,802,12]
11-11 07:26:18.027  2084  2084 I sysui_view_visibility: [43,0]
11-11 07:26:18.027  2084  2084 I sysui_multi_action: [757,43,758,2]
11-11 07:26:18.027  2084  2084 I am_on_paused_called: [0,com.android.settings.deviceinfo.ZteMSimStatus,handlePauseActivity]
11-11 07:26:18.037  1521  2103 I am_set_resumed_activity: [0,com.android.settings/.SubSettings,resumeTopActivityInnerLocked]
11-11 07:26:18.047  1521  2103 I am_resume_activity: [0,47353049,3344,com.android.settings/.SubSettings]
11-11 07:26:18.057  1521  1553 I sysui_count: [window_time_0,0]
11-11 07:26:18.057  1521  1553 I sysui_multi_action: [757,803,799,window_time_0,802,0]
11-11 07:26:18.067  2202  2202 I sysui_multi_action: [757,44,758,1,833,0]
11-11 07:26:18.077  2202  2202 I am_on_resume_called: [0,com.android.settings.SubSettings,RESUME_ACTIVITY]
11-11 07:26:18.337  1521  1553 I am_destroy_activity: [0,178583936,3344,com.android.settings/.deviceinfo.ZteMSimStatus,finish-imm]
11-11 07:26:18.347  2084  2084 I am_on_stop_called: [0,com.android.settings.deviceinfo.ZteMSimStatus,destroy]
11-11 07:26:22.047  1521  1521 I notification_cancel: [10042,1910,com.android.systemui,2,low_battery,-1,0,1088,8,NULL]
11-11 07:26:22.047  1521  1521 I notification_cancel: [10042,1910,com.android.systemui,3,low_battery,-1,0,1088,8,NULL]
11-11 07:26:24.977  1910  1910 I sysui_multi_action: [757,931,758,4,759,4,932,0,933,0]
11-11 07:26:24.987  1521  2105 I sysui_count: [key_back_down,1]
11-11 07:26:24.987  1521  2105 I sysui_multi_action: [757,803,799,key_back_down,802,1]
11-11 07:26:25.147  1910  1910 I sysui_multi_action: [757,931,758,4,759,4,932,0,933,1]
11-11 07:26:25.147  1521  2103 I am_finish_activity: [0,47353049,3344,com.android.settings/.SubSettings,app-request]
11-11 07:26:25.157  1521  2103 I am_pause_activity: [0,47353049,com.android.settings/.SubSettings]
11-11 07:26:25.157  1521  1553 I sysui_count: [window_time_0,7]
11-11 07:26:25.157  1521  1553 I sysui_multi_action: [757,803,799,window_time_0,802,7]
11-11 07:26:25.157  2202  2202 I sysui_view_visibility: [44,0]
11-11 07:26:25.157  2202  2202 I sysui_multi_action: [757,44,758,2]
11-11 07:26:25.157  2202  2202 I am_on_paused_called: [0,com.android.settings.SubSettings,handlePauseActivity]
11-11 07:26:25.167  1521  2105 I am_set_resumed_activity: [0,com.android.settings/.zte.ZteAboutPhone,resumeTopActivityInnerLocked]
11-11 07:26:25.167  1521  2105 I am_resume_activity: [0,66023060,3344,com.android.settings/.zte.ZteAboutPhone]
11-11 07:26:25.167  1521  1553 I sysui_count: [window_time_0,0]
11-11 07:26:25.167  1521  1553 I sysui_multi_action: [757,803,799,window_time_0,802,0]
11-11 07:26:25.187  2202  2202 I sysui_multi_action: [757,40,758,1,833,0]
11-11 07:26:25.217  1521  1552 I am_pss  : [6267,1000,com.zte.zdmdaemon,2883584,2514944,0]
11-11 07:26:25.217  2202  2202 I am_on_resume_called: [0,com.android.settings.zte.ZteAboutPhone,RESUME_ACTIVITY]
11-11 07:26:25.487  1521  1553 I am_destroy_activity: [0,47353049,3344,com.android.settings/.SubSettings,finish-imm]
11-11 07:26:25.487  2202  2202 I am_on_stop_called: [0,com.android.settings.SubSettings,destroy]
11-11 07:26:27.867  1521  2103 I battery_level: [14,4023,420]
11-11 07:26:27.877  1521  1521 I notification_cancel: [10042,1910,com.android.systemui,2,low_battery,-1,0,1088,8,NULL]
11-11 07:26:27.877  1521  1521 I notification_cancel: [10042,1910,com.android.systemui,3,low_battery,-1,0,1088,8,NULL]
11-11 07:26:28.887  1910  2380 I sysui_multi_action: [757,1093,758,4,793,27839,1094,18923648,1095,6]
11-11 07:26:31.107  1521  1552 I am_pss  : [2202,1000,com.android.settings,141559808,134955008,0]
11-11 07:26:31.127  1521  1552 I am_pss  : [6240,10051,com.zte.zdm,47726592,44417024,0]
11-11 07:26:31.147  1521  1552 I am_pss  : [5775,10021,com.android.vending,30946304,24510464,0]
11-11 07:26:40.607  1521  1521 I notification_cancel: [10042,1910,com.android.systemui,2,low_battery,-1,0,1088,8,NULL]
11-11 07:26:40.607  1521  1521 I notification_cancel: [10042,1910,com.android.systemui,3,low_battery,-1,0,1088,8,NULL]
11-11 07:26:50.137  1910  1910 I sysui_multi_action: [757,931,758,4,759,4,932,0,933,0]
11-11 07:26:50.137  1521  2103 I sysui_count: [key_back_down,1]
11-11 07:26:50.137  1521  2103 I sysui_multi_action: [757,803,799,key_back_down,802,1]
11-11 07:26:50.257  1910  1910 I sysui_multi_action: [757,931,758,4,759,4,932,0,933,1]
11-11 07:26:50.257  1521  2103 I am_finish_activity: [0,66023060,3344,com.android.settings/.zte.ZteAboutPhone,app-request]
11-11 07:26:50.257  1521  2103 I am_pause_activity: [0,66023060,com.android.settings/.zte.ZteAboutPhone]
11-11 07:26:50.267  1521  1553 I sysui_count: [window_time_0,25]
11-11 07:26:50.267  1521  1553 I sysui_multi_action: [757,803,799,window_time_0,802,25]
11-11 07:26:50.267  2202  2202 I sysui_view_visibility: [40,0]
11-11 07:26:50.267  2202  2202 I sysui_multi_action: [757,40,758,2]
11-11 07:26:50.267  2202  2202 I am_on_paused_called: [0,com.android.settings.zte.ZteAboutPhone,handlePauseActivity]
11-11 07:26:50.267  1521  2105 I am_set_resumed_activity: [0,com.android.settings/.Settings,resumeTopActivityInnerLocked]
11-11 07:26:50.277  1521  2105 I am_resume_activity: [0,168121604,3344,com.android.settings/.Settings]
11-11 07:26:50.287  1521  1553 I sysui_count: [window_time_0,0]
11-11 07:26:50.287  1521  1553 I sysui_multi_action: [757,803,799,window_time_0,802,0]
11-11 07:26:50.297  2202  2202 I sysui_multi_action: [757,35,758,1,833,0]
11-11 07:26:50.307  2202  2202 I am_on_resume_called: [0,com.android.settings.Settings,RESUME_ACTIVITY]
11-11 07:26:50.587  1521  1553 I am_destroy_activity: [0,66023060,3344,com.android.settings/.zte.ZteAboutPhone,finish-imm]
11-11 07:26:50.587  2202  2202 I am_on_stop_called: [0,com.android.settings.zte.ZteAboutPhone,destroy]
11-11 07:26:53.007  2202  2202 I sysui_multi_action: [757,830,758,4,806,com.google.android.gms/com.google.android.gms.app.settings.GoogleSettingsIALink,833,35]
11-11 07:26:53.017  1521  3076 I wm_task_moved: [3344,1,8]
11-11 07:26:53.017  1521  3076 I am_create_activity: [0,144709293,3344,com.google.android.gms/.app.settings.GoogleSettingsIALink,NULL,NULL,NULL,32768]
11-11 07:26:53.027  1521  3076 I am_pause_activity: [0,168121604,com.android.settings/.Settings]
11-11 07:26:53.027  2202  2202 I sysui_view_visibility: [35,0]
11-11 07:26:53.027  2202  2202 I sysui_multi_action: [757,35,758,2]
11-11 07:26:53.027  2202  2202 I am_on_paused_called: [0,com.android.settings.Settings,handlePauseActivity]
11-11 07:26:53.027  1521  2103 I am_restart_activity: [0,144709293,3344,com.google.android.gms/.app.settings.GoogleSettingsIALink]
11-11 07:26:53.027  1521  2103 I am_set_resumed_activity: [0,com.google.android.gms/.app.settings.GoogleSettingsIALink,minimalResumeActivityLocked]
11-11 07:26:53.037  1521  1553 I sysui_count: [window_time_0,3]
11-11 07:26:53.037  1521  1553 I sysui_multi_action: [757,803,799,window_time_0,802,3]
11-11 07:26:53.087  6352  6352 I am_on_resume_called: [0,com.google.android.gms.app.settings.GoogleSettingsIALink,LAUNCH_ACTIVITY]
11-11 07:26:53.207  1521  1521 I notification_cancel: [10016,6352,com.google.android.gms,10436,NULL,0,0,1088,8,NULL]
11-11 07:26:53.217  1521  1561 I am_activity_launch_time: [0,144709293,com.google.android.gms/.app.settings.GoogleSettingsIALink,179,179]
11-11 07:26:53.217  1521  1561 I sysui_multi_action: [319,199,322,199,325,862,757,761,758,8,759,2,806,com.google.android.gms,871,com.google.android.gms.app.settings.GoogleSettingsIALink,904,com.android.settings,905,0]
11-11 07:26:53.257  1521  2105 I am_uid_active: 10021
11-11 07:26:53.477  1521  1553 I am_stop_activity: [0,168121604,com.android.settings/.Settings]
11-11 07:26:53.477  2202  2202 I am_on_stop_called: [0,com.android.settings.Settings,handleStopActivity]
11-11 07:26:55.917  1521  1521 I notification_cancel: [10042,1910,com.android.systemui,2,low_battery,-1,0,1088,8,NULL]
11-11 07:26:55.917  1521  1521 I notification_cancel: [10042,1910,com.android.systemui,3,low_battery,-1,0,1088,8,NULL]
11-11 07:26:55.987  1521  1553 I am_uid_idle: 10051
11-11 07:26:56.827  1521  3082 I wm_task_moved: [3344,1,8]
11-11 07:26:56.827  1521  3082 I am_create_activity: [0,54229124,3344,com.google.android.gms/.accountsettings.mg.ui.main.MainActivity,NULL,NULL,NULL,0]
11-11 07:26:56.837  1521  3082 I am_pause_activity: [0,144709293,com.google.android.gms/.app.settings.GoogleSettingsIALink]
11-11 07:26:56.837  6352  6352 I am_on_paused_called: [0,com.google.android.gms.app.settings.GoogleSettingsIALink,handlePauseActivity]
11-11 07:26:56.837  1521  2103 I am_restart_activity: [0,54229124,3344,com.google.android.gms/.accountsettings.mg.ui.main.MainActivity]
11-11 07:26:56.837  1521  2103 I am_set_resumed_activity: [0,com.google.android.gms/.accountsettings.mg.ui.main.MainActivity,minimalResumeActivityLocked]
11-11 07:26:56.847  1521  1553 I sysui_count: [window_time_0,3]
11-11 07:26:56.847  1521  1553 I sysui_multi_action: [757,803,799,window_time_0,802,3]
11-11 07:26:57.037  1521  2103 I am_uid_active: 10092
11-11 07:26:57.057  1521  3100 I am_uid_running: 99000
11-11 07:26:57.107  1521  3100 I am_proc_start: [0,15402,99000,com.google.android.webview:sandboxed_process0,webview_service,com.google.android.gms/org.chromium.content.app.SandboxedProcessService0]
11-11 07:26:57.127  1521  3100 I am_proc_bound: [0,15402,com.google.android.webview:sandboxed_process0]
11-11 07:26:57.127  1521  3100 I am_uid_active: 99000
11-11 07:26:57.177  6352  6352 I am_on_resume_called: [0,com.google.android.gms.accountsettings.mg.ui.main.MainActivity,LAUNCH_ACTIVITY]
11-11 07:26:57.357  1521  1561 I am_activity_launch_time: [0,54229124,com.google.android.gms/.accountsettings.mg.ui.main.MainActivity,518,518]
11-11 07:26:57.357  1521  1521 I notification_cancel: [10016,6352,com.google.android.gms,10436,NULL,0,0,1088,8,NULL]
11-11 07:26:57.997  1521  3100 I am_stop_activity: [0,144709293,com.google.android.gms/.app.settings.GoogleSettingsIALink]
11-11 07:26:58.007  6352  6352 I am_on_stop_called: [0,com.google.android.gms.app.settings.GoogleSettingsIALink,handleStopActivity]
11-11 07:27:01.057  1910  2380 I sysui_multi_action: [757,1093,758,4,793,32169,1094,18923648,1095,6]
11-11 07:27:07.947  1521  1552 I am_pss  : [6352,10016,com.google.android.gms.ui,138496000,127807488,0]
11-11 07:27:07.967  1521  1552 I am_pss  : [15402,99000,com.google.android.webview:sandboxed_process0,23640064,18731008,0]
11-11 07:27:07.987  1521  1552 I am_pss  : [6411,10016,com.google.android.gms.unstable,16179200,12124160,0]
11-11 07:27:17.827  1521  1521 I notification_cancel: [10042,1910,com.android.systemui,2,low_battery,-1,0,1088,8,NULL]
11-11 07:27:17.827  1521  1521 I notification_cancel: [10042,1910,com.android.systemui,3,low_battery,-1,0,1088,8,NULL]
11-11 07:27:27.887  1521  1552 I am_pss  : [2202,1000,com.android.settings,103678976,97230848,0]
11-11 07:27:27.897  1521  1552 I am_pss  : [4409,10092,com.google.android.webview:webview_service,3478528,2224128,0]
11-11 07:27:29.327  1521  3100 I battery_level: [15,4029,420]
11-11 07:27:29.347  1521  1521 I notification_cancel: [10042,1910,com.android.systemui,2,low_battery,-1,0,1088,8,NULL]
11-11 07:27:29.347  1521  1521 I notification_cancel: [10042,1910,com.android.systemui,3,low_battery,-1,0,1088,8,NULL]
11-11 07:27:30.367  1910  2380 I sysui_multi_action: [757,1093,758,4,793,29304,1094,18923648,1095,6]
11-11 07:27:35.027  1910  1910 I sysui_multi_action: [757,931,758,4,759,3,932,0,933,0]
11-11 07:27:35.127  1910  1910 I sysui_multi_action: [757,931,758,4,759,3,932,0,933,1]
11-11 07:27:35.147  1521  1837 I am_new_intent: [0,116116113,3343,com.zte.mifavor.launcher/com.android.launcher3.Launcher,android.intent.action.MAIN,NULL,NULL,268435712]
11-11 07:27:35.147  1521  1837 I wm_task_moved: [3343,1,0]
11-11 07:27:35.147  1521  1837 I am_focused_stack: [0,0,1,bringingFoundTaskToFront]
11-11 07:27:35.147  1521  1837 I wm_task_moved: [3343,1,0]
11-11 07:27:35.157  1521  1837 I am_pause_activity: [0,54229124,com.google.android.gms/.accountsettings.mg.ui.main.MainActivity]
11-11 07:27:35.157  1521  1837 I am_set_resumed_activity: [0,com.zte.mifavor.launcher/com.android.launcher3.Launcher,resumeTopActivityInnerLocked]
11-11 07:27:35.157  6352  6352 I am_on_paused_called: [0,com.google.android.gms.accountsettings.mg.ui.main.MainActivity,handlePauseActivity_pauseBackStacks]
11-11 07:27:35.177  1521  1837 I am_resume_activity: [0,116116113,3343,com.zte.mifavor.launcher/com.android.launcher3.Launcher]
11-11 07:27:35.187  1521  1837 I am_task_to_front: [0,3343]
11-11 07:27:35.187  1521  1553 I am_stop_activity: [0,54229124,com.google.android.gms/.accountsettings.mg.ui.main.MainActivity]
11-11 07:27:35.197  1521  1553 I sysui_count: [window_time_0,39]
11-11 07:27:35.197  1521  1553 I sysui_multi_action: [757,803,799,window_time_0,802,39]
11-11 07:27:35.217  6352  6352 I am_on_stop_called: [0,com.google.android.gms.accountsettings.mg.ui.main.MainActivity,handleStopActivity]
11-11 07:27:35.227  3237  3237 I am_on_resume_called: [0,com.android.launcher3.Launcher,RESUME_ACTIVITY]
11-11 07:27:35.297  1521  1561 I sysui_multi_action: [319,146,322,121,325,904,757,761,758,9,759,2,806,com.zte.mifavor.launcher,871,com.android.launcher3.Launcher,905,0]
11-11 07:27:36.007  1521  3082 I wm_task_moved: [3346,1,8]
11-11 07:27:36.017  1521  3082 I am_focused_stack: [0,1,0,bringingFoundTaskToFront]
11-11 07:27:36.017  1521  3082 I wm_task_moved: [3346,1,8]
11-11 07:27:36.017  1521  3082 I am_pause_activity: [0,116116113,com.zte.mifavor.launcher/com.android.launcher3.Launcher]
11-11 07:27:36.017  1521  3082 I am_task_to_front: [0,3346]
11-11 07:27:36.017  1521  3082 I am_new_intent: [0,35719038,3346,com.tencent.mm/.ui.LauncherUI,android.intent.action.MAIN,NULL,NULL,270532608]
11-11 07:27:36.027  3237  3237 I am_on_paused_called: [0,com.android.launcher3.Launcher,handlePauseActivity_pauseBackStacks]
11-11 07:27:36.067  1521  2105 I am_set_resumed_activity: [0,com.tencent.mm/.ui.LauncherUI,resumeTopActivityInnerLocked]
11-11 07:27:36.077  1521  2105 I am_uid_active: 10126
11-11 07:27:36.077  1521  2105 I am_resume_activity: [0,35719038,3346,com.tencent.mm/.ui.LauncherUI]
11-11 07:27:36.097  1521  1553 I sysui_count: [window_time_0,1]
11-11 07:27:36.097  1521  1553 I sysui_multi_action: [757,803,799,window_time_0,802,1]
11-11 07:27:36.107  1521  1521 I notification_cancel: [10126,3415,com.tencent.mm,4097,NULL,0,0,1088,8,NULL]
11-11 07:27:36.107  1521  1521 I notification_cancel: [10126,3415,com.tencent.mm,4098,NULL,0,0,1088,8,NULL]
11-11 07:27:36.107  1521  1521 I notification_cancel: [10126,3415,com.tencent.mm,4099,NULL,0,0,1088,8,NULL]
11-11 07:27:36.107  1521  1521 I notification_cancel: [10126,3415,com.tencent.mm,4100,NULL,0,0,1088,8,NULL]
11-11 07:27:36.107  1521  1521 I notification_cancel: [10126,3415,com.tencent.mm,4101,NULL,0,0,1088,8,NULL]
11-11 07:27:36.127  3415  3415 I am_on_resume_called: [0,com.tencent.mm.ui.LauncherUI,RESUME_ACTIVITY]
11-11 07:27:36.207  1521  1561 I sysui_multi_action: [319,91,321,84,322,203,325,905,757,761,758,9,759,4,806,com.tencent.mm,871,com.tencent.mm.ui.LauncherUI,904,com.zte.mifavor.launcher,905,0]
11-11 07:27:36.337  1521  1553 I am_stop_activity: [0,116116113,com.zte.mifavor.launcher/com.android.launcher3.Launcher]
11-11 07:27:36.337  3237  3237 I am_on_stop_called: [0,com.android.launcher3.Launcher,handleStopActivity]
11-11 07:27:39.267  1910  1910 I sysui_multi_action: [757,931,758,4,759,3,932,0,933,0]
11-11 07:27:39.367  1910  1910 I sysui_multi_action: [757,931,758,4,759,3,932,0,933,1]
11-11 07:27:39.377  1521  1837 I am_new_intent: [0,116116113,3343,com.zte.mifavor.launcher/com.android.launcher3.Launcher,android.intent.action.MAIN,NULL,NULL,268435712]
11-11 07:27:39.377  1521  1837 I wm_task_moved: [3343,1,0]
11-11 07:27:39.377  1521  1837 I am_focused_stack: [0,0,1,bringingFoundTaskToFront]
11-11 07:27:39.377  1521  1837 I wm_task_moved: [3343,1,0]
11-11 07:27:39.377  1521  1837 I am_pause_activity: [0,35719038,com.tencent.mm/.ui.LauncherUI]
11-11 07:27:39.387  1521  1837 I am_set_resumed_activity: [0,com.zte.mifavor.launcher/com.android.launcher3.Launcher,resumeTopActivityInnerLocked]
11-11 07:27:39.407  1521  1837 I am_resume_activity: [0,116116113,3343,com.zte.mifavor.launcher/com.android.launcher3.Launcher]
11-11 07:27:39.417  1521  1837 I am_task_to_front: [0,3343]
11-11 07:27:39.447  3237  3237 I am_on_resume_called: [0,com.android.launcher3.Launcher,RESUME_ACTIVITY]
11-11 07:27:39.467  3415  3415 I am_on_paused_called: [0,com.tencent.mm.ui.LauncherUI,handlePauseActivity_pauseBackStacks]
11-11 07:27:39.467  1521  1553 I am_stop_activity: [0,35719038,com.tencent.mm/.ui.LauncherUI]
11-11 07:27:39.477  1521  1553 I sysui_count: [window_time_0,3]
11-11 07:27:39.477  1521  1553 I sysui_multi_action: [757,803,799,window_time_0,802,3]
11-11 07:27:39.487  3415  3415 I am_on_stop_called: [0,com.tencent.mm.ui.LauncherUI,handleStopActivity]
11-11 07:27:39.507  1521  1561 I sysui_multi_action: [319,127,322,107,325,908,757,761,758,9,759,2,806,com.zte.mifavor.launcher,871,com.android.launcher3.Launcher,905,0]
11-11 07:27:39.647  2022  8595 I c2dm    : [0,,3,3]
11-11 07:27:39.967  2022  8604 I c2dm    : [1,,3,3]
11-11 07:27:40.187  1521  2105 I wm_task_created: [3353,1]
11-11 07:27:40.187  1521  2105 I wm_task_moved: [3353,1,9]
11-11 07:27:40.187  1521  2105 I am_focused_stack: [0,1,0,reuseOrNewTask]
11-11 07:27:40.187  1521  2105 I wm_task_moved: [3353,1,9]
11-11 07:27:40.187  1521  2105 I am_create_task: [0,3353]
11-11 07:27:40.187  1521  2105 I am_create_activity: [0,248893110,3353,com.zte.softda/.moa.StartActivity,android.intent.action.MAIN,NULL,NULL,270532608]
11-11 07:27:40.187  1521  2105 I wm_task_moved: [3353,1,9]
11-11 07:27:40.187  1521  2105 I am_pause_activity: [0,116116113,com.zte.mifavor.launcher/com.android.launcher3.Launcher]
11-11 07:27:40.197  3237  3237 I am_on_paused_called: [0,com.android.launcher3.Launcher,handlePauseActivity_pauseBackStacks]
11-11 07:27:40.197  1521  6103 I am_uid_active: 10156
11-11 07:27:40.197  1521  6103 I am_restart_activity: [0,248893110,3353,com.zte.softda/.moa.StartActivity]
11-11 07:27:40.207  1521  6103 I am_set_resumed_activity: [0,com.zte.softda/.moa.StartActivity,minimalResumeActivityLocked]
11-11 07:27:40.207  1521  1553 I sysui_count: [window_time_0,1]
11-11 07:27:40.207  1521  1553 I sysui_multi_action: [757,803,799,window_time_0,802,1]
11-11 07:27:40.227  1521  1521 I notification_cancel_all: [10156,4889,com.zte.softda,0,0,64,9,NULL]
11-11 07:27:40.237  1521  6105 I wm_task_moved: [3353,1,9]
11-11 07:27:40.237  1521  6105 I am_create_activity: [0,233268673,3353,com.zte.softda/.moa.LeadActivity,NULL,NULL,NULL,0]
11-11 07:27:40.237  1521  6105 I am_pause_activity: [0,248893110,com.zte.softda/.moa.StartActivity]
11-11 07:27:40.237  1521  6105 I am_finish_activity: [0,248893110,3353,com.zte.softda/.moa.StartActivity,app-request]
11-11 07:27:40.237  1521  1553 I sysui_count: [window_time_0,0]
11-11 07:27:40.237  1521  1553 I sysui_multi_action: [757,803,799,window_time_0,802,0]
11-11 07:27:40.287  1521  2105 I am_restart_activity: [0,233268673,3353,com.zte.softda/.moa.LeadActivity]
11-11 07:27:40.287  1521  2105 I am_set_resumed_activity: [0,com.zte.softda/.moa.LeadActivity,minimalResumeActivityLocked]
11-11 07:27:40.287  1521  1553 I sysui_count: [window_time_0,0]
11-11 07:27:40.287  1521  1553 I sysui_multi_action: [757,803,799,window_time_0,802,0]
11-11 07:27:40.317  1521  3100 I wm_task_moved: [3353,1,9]
11-11 07:27:40.317  1521  3100 I wm_task_moved: [3353,1,9]
11-11 07:27:40.317  1521  3100 I am_create_activity: [0,165306555,3353,com.zte.softda/.moa.main.MainActivity,NULL,NULL,NULL,268435456]
11-11 07:27:40.317  1521  3100 I am_pause_activity: [0,233268673,com.zte.softda/.moa.LeadActivity]
11-11 07:27:40.327  1521  3100 I am_finish_activity: [0,233268673,3353,com.zte.softda/.moa.LeadActivity,app-request]
11-11 07:27:40.327  1521  1553 I sysui_count: [window_time_0,0]
11-11 07:27:40.327  1521  1553 I sysui_multi_action: [757,803,799,window_time_0,802,0]
11-11 07:27:40.337  1521  6105 I am_restart_activity: [0,165306555,3353,com.zte.softda/.moa.main.MainActivity]
11-11 07:27:40.337  1521  6105 I am_set_resumed_activity: [0,com.zte.softda/.moa.main.MainActivity,minimalResumeActivityLocked]
11-11 07:27:40.347  1521  1553 I sysui_count: [window_time_0,0]
11-11 07:27:40.347  1521  1553 I sysui_multi_action: [757,803,799,window_time_0,802,0]
11-11 07:27:40.437  1521  2711 I wm_task_moved: [3353,1,9]
11-11 07:27:40.437  1521  2711 I wm_task_moved: [3353,1,9]
11-11 07:27:40.437  1521  2711 I am_create_activity: [0,263251305,3353,com.zte.softda/.moa.GestureCheckActivity,NULL,NULL,NULL,268435456]
11-11 07:27:40.437  1521  2711 I am_pause_activity: [0,165306555,com.zte.softda/.moa.main.MainActivity]
11-11 07:27:40.447  4889  4889 I am_on_resume_called: [0,com.zte.softda.moa.main.MainActivity,LAUNCH_ACTIVITY]
11-11 07:27:40.457  4889  4889 I am_on_paused_called: [0,com.zte.softda.moa.main.MainActivity,handlePauseActivity]
11-11 07:27:40.457  1521  3100 I am_restart_activity: [0,263251305,3353,com.zte.softda/.moa.GestureCheckActivity]
11-11 07:27:40.457  1521  3100 I am_set_resumed_activity: [0,com.zte.softda/.moa.GestureCheckActivity,minimalResumeActivityLocked]
11-11 07:27:40.467  1521  1553 I sysui_count: [window_time_0,0]
11-11 07:27:40.467  1521  1553 I sysui_multi_action: [757,803,799,window_time_0,802,0]
11-11 07:27:40.667  1521  1521 I sysui_histogram: [fingerprint_token,0]
11-11 07:27:40.667  1521  1521 I sysui_multi_action: [757,804,799,fingerprint_token,801,0,802,1]
11-11 07:27:40.667  4889  4889 I am_on_resume_called: [0,com.zte.softda.moa.GestureCheckActivity,LAUNCH_ACTIVITY]
11-11 07:27:40.697  1521  1561 I sysui_multi_action: [319,112,321,105,322,514,325,909,757,761,758,8,759,1,806,com.zte.softda,871,com.zte.softda.moa.GestureCheckActivity,904,com.zte.softda,905,0]
11-11 07:27:40.717  1521  1561 I am_activity_launch_time: [0,263251305,com.zte.softda/.moa.GestureCheckActivity,251,513]
11-11 07:27:40.977  1521  1553 I am_destroy_activity: [0,233268673,3353,com.zte.softda/.moa.LeadActivity,finish-imm]
11-11 07:27:40.977  1521  1553 I am_destroy_activity: [0,248893110,3353,com.zte.softda/.moa.StartActivity,finish-imm]
11-11 07:27:40.977  1521  1553 I am_stop_activity: [0,116116113,com.zte.mifavor.launcher/com.android.launcher3.Launcher]
11-11 07:27:40.977  3237  3237 I am_on_stop_called: [0,com.android.launcher3.Launcher,handleStopActivity]
11-11 07:27:41.607  1521  1552 I am_pss  : [5775,10021,com.android.vending,31101952,24559616,0]
11-11 07:27:42.207  1521  2711 I am_finish_activity: [0,263251305,3353,com.zte.softda/.moa.GestureCheckActivity,app-request]
11-11 07:27:42.207  1521  2711 I am_pause_activity: [0,263251305,com.zte.softda/.moa.GestureCheckActivity]
11-11 07:27:42.207  1521  1553 I sysui_count: [window_time_0,2]
11-11 07:27:42.207  1521  1553 I sysui_multi_action: [757,803,799,window_time_0,802,2]
11-11 07:27:42.217  4889  4889 I am_on_paused_called: [0,com.zte.softda.moa.GestureCheckActivity,handlePauseActivity]
11-11 07:27:42.217  1521  3100 I am_set_resumed_activity: [0,com.zte.softda/.moa.main.MainActivity,resumeTopActivityInnerLocked]
11-11 07:27:42.217  1521  3100 I am_resume_activity: [0,165306555,3353,com.zte.softda/.moa.main.MainActivity]
11-11 07:27:42.217  1521  1553 I sysui_count: [window_time_0,0]
11-11 07:27:42.217  1521  1553 I sysui_multi_action: [757,803,799,window_time_0,802,0]
11-11 07:27:42.227  4889  4889 I am_on_resume_called: [0,com.zte.softda.moa.main.MainActivity,RESUME_ACTIVITY]
11-11 07:27:42.287  1521  2711 I am_destroy_activity: [0,263251305,3353,com.zte.softda/.moa.GestureCheckActivity,finish-idle]
11-11 07:27:42.287  4889  4889 I am_on_stop_called: [0,com.zte.softda.moa.GestureCheckActivity,destroy]
11-11 07:27:43.587  1521  3100 I wm_task_moved: [3353,1,9]
11-11 07:27:43.597  1521  3100 I am_create_activity: [0,111240197,3353,com.zte.softda/.moa.ChattingActivity,NULL,NULL,NULL,0]
11-11 07:27:43.597  1521  3100 I am_pause_activity: [0,165306555,com.zte.softda/.moa.main.MainActivity]
11-11 07:27:43.617  4889  4889 I am_on_paused_called: [0,com.zte.softda.moa.main.MainActivity,handlePauseActivity]
11-11 07:27:43.617  1521  3100 I am_restart_activity: [0,111240197,3353,com.zte.softda/.moa.ChattingActivity]
11-11 07:27:43.617  1521  3100 I am_set_resumed_activity: [0,com.zte.softda/.moa.ChattingActivity,minimalResumeActivityLocked]
11-11 07:27:43.617  1521  1553 I sysui_count: [window_time_0,1]
11-11 07:27:43.617  1521  1553 I sysui_multi_action: [757,803,799,window_time_0,802,1]
11-11 07:27:43.717  1521  1521 I notification_cancel_all: [10156,4889,com.zte.softda,0,0,64,9,NULL]
11-11 07:27:43.717  4889  4889 I am_on_resume_called: [0,com.zte.softda.moa.ChattingActivity,LAUNCH_ACTIVITY]
11-11 07:27:43.757  1521  1561 I am_activity_launch_time: [0,111240197,com.zte.softda/.moa.ChattingActivity,136,136]
11-11 07:27:44.037  1521  1553 I am_stop_activity: [0,165306555,com.zte.softda/.moa.main.MainActivity]
11-11 07:27:44.037  4889  4889 I am_on_stop_called: [0,com.zte.softda.moa.main.MainActivity,handleStopActivity]
11-11 07:27:50.347  1521  1552 I am_pss  : [4889,10156,com.zte.softda,215184384,209973248,0]
11-11 07:27:51.237  1521  6105 I am_proc_died: [0,12783,com.zte.heartyservice:ui,900,17]
11-11 07:27:52.367  1521  1521 I notification_cancel: [10042,1910,com.android.systemui,2,low_battery,-1,0,1088,8,NULL]
11-11 07:27:52.367  1521  1521 I notification_cancel: [10042,1910,com.android.systemui,3,low_battery,-1,0,1088,8,NULL]
11-11 07:27:57.247  1521  1553 I am_uid_idle: 10092
11-11 07:28:01.057  1910  2380 I sysui_multi_action: [757,1093,758,4,793,30691,1094,18923648,1095,6]
11-11 07:28:01.537  1521  1552 I am_pss  : [3237,10025,com.zte.mifavor.launcher,138135552,130555904,0]
11-11 07:28:05.147  1521  1521 I notification_cancel: [10042,1910,com.android.systemui,2,low_battery,-1,0,1088,8,NULL]
11-11 07:28:05.157  1521  1521 I notification_cancel: [10042,1910,com.android.systemui,3,low_battery,-1,0,1088,8,NULL]
11-11 07:28:08.997  1521  1552 I sync    : [subscribedfeeds,1,0,132323836]
11-11 07:28:08.997  1521  1521 I notification_cancel: [1000,1521,android,18,-210645280,0,0,0,8,NULL]
11-11 07:28:11.207  1521  1553 I am_uid_idle: 10021
11-11 07:28:26.927  1521  1521 I notification_cancel: [10042,1910,com.android.systemui,2,low_battery,-1,0,1088,8,NULL]
11-11 07:28:26.927  1521  1521 I notification_cancel: [10042,1910,com.android.systemui,3,low_battery,-1,0,1088,8,NULL]
11-11 07:28:27.557  1910  1910 I sysui_multi_action: [757,931,758,4,759,3,932,0,933,0]
11-11 07:28:27.587  1910  1910 I sysui_multi_action: [757,931,758,4,759,3,932,0,933,1]
11-11 07:28:27.607  1521  1837 I am_new_intent: [0,116116113,3343,com.zte.mifavor.launcher/com.android.launcher3.Launcher,android.intent.action.MAIN,NULL,NULL,268435712]
11-11 07:28:27.607  1521  1837 I wm_task_moved: [3343,1,0]
11-11 07:28:27.607  1521  1837 I am_focused_stack: [0,0,1,bringingFoundTaskToFront]
11-11 07:28:27.607  1521  1837 I wm_task_moved: [3343,1,0]
