11-11 07:28:27.617  1521  1837 I am_pause_activity: [0,111240197,com.zte.softda/.moa.ChattingActivity]
11-11 07:28:27.617  4889  4889 I am_on_paused_called: [0,com.zte.softda.moa.ChattingActivity,handlePauseActivity_pauseBackStacks]
11-11 07:28:27.617  1521  1837 I am_set_resumed_activity: [0,com.zte.mifavor.launcher/com.android.launcher3.Launcher,resumeTopActivityInnerLocked]
11-11 07:28:27.637  1521  1837 I am_resume_activity: [0,116116113,3343,com.zte.mifavor.launcher/com.android.launcher3.Launcher]
11-11 07:28:27.647  1521  1837 I am_task_to_front: [0,3343]
11-11 07:28:27.657  1521  1553 I am_stop_activity: [0,111240197,com.zte.softda/.moa.ChattingActivity]
11-11 07:28:27.667  1521  1553 I sysui_count: [window_time_0,44]
11-11 07:28:27.677  1521  1553 I sysui_multi_action: [757,803,799,window_time_0,802,44]
11-11 07:28:27.677  3237  3237 I am_on_resume_called: [0,com.android.launcher3.Launcher,RESUME_ACTIVITY]
11-11 07:28:27.697  4889  4889 I am_on_stop_called: [0,com.zte.softda.moa.ChattingActivity,handleStopActivity]
11-11 07:28:27.707  1521  1552 I am_pss  : [3415,10126,com.tencent.mm,203125760,185614336,0]
11-11 07:28:27.717  1521  1561 I sysui_multi_action: [319,115,322,104,325,956,757,761,758,9,759,2,806,com.zte.mifavor.launcher,871,com.android.launcher3.Launcher,905,0]
11-11 07:28:27.737  1521  1552 I am_pss  : [6352,10016,com.google.android.gms.ui,123089920,112181248,0]
11-11 07:28:27.747  1521  1552 I am_pss  : [15402,99000,com.google.android.webview:sandboxed_process0,23073792,18243584,0]
11-11 07:28:31.437  1521  1552 I am_pss  : [2974,10016,com.google.android.gms,71040000,56696832,0]
11-11 07:28:31.447  1521  1552 I am_pss  : [3154,10016,com.google.process.gservices,5201920,4399104,0]
11-11 07:28:31.517  1521  1838 I am_wtf  : [0,1521,system_server,-1,ActivityManager,Sending non-protected broadcast android.intent.action.HALL_SENSOR_CHANGED from system 1521:system/1000 pkg android]
11-11 07:28:31.527  1521  1838 I am_wtf  : [0,1521,system_server,-1,ActivityManager,Sending non-protected broadcast android.intent.action.HALL_SENSOR_CHANGED from system 1521:system/1000 pkg android]
11-11 07:28:31.557  1521  3151 I am_pause_activity: [0,116116113,com.zte.mifavor.launcher/com.android.launcher3.Launcher]
11-11 07:28:31.587  3237  3237 I am_on_paused_called: [0,com.android.launcher3.Launcher,handlePauseActivity]
11-11 07:28:31.587  1521  1553 I am_stop_activity: [0,116116113,com.zte.mifavor.launcher/com.android.launcher3.Launcher]
11-11 07:28:31.597  3237  3237 I am_on_stop_called: [0,com.android.launcher3.Launcher,handleStopActivity]
11-11 07:28:31.597  1521  1553 I sysui_count: [window_time_0,4]
11-11 07:28:31.597  1521  1553 I sysui_multi_action: [757,803,799,window_time_0,802,4]
11-11 07:28:31.617  1910  1910 I sysui_view_visibility: [111,100]
11-11 07:28:31.617  1910  1910 I sysui_multi_action: [757,111,758,1]
11-11 07:28:31.617  1910  1910 I sysui_multi_action: [757,0,758,1,759,0,833,0,927,0]
11-11 07:28:31.617  1910  1910 I sysui_multi_action: [757,126,758,1,759,126,833,0,927,1]
11-11 07:28:31.617  1910  1910 I sysui_multi_action: [757,111,758,1,759,111,833,0,927,2,928,1]
11-11 07:28:31.617  1910  1910 I sysui_multi_action: [757,122,758,1,759,122,833,0,927,3,928,1]
11-11 07:28:31.617  1521  1908 I am_uid_active: 10103
11-11 07:28:31.627  1521  2109 I sysui_view_visibility: [127,100]
11-11 07:28:31.627  1521  2109 I sysui_multi_action: [757,127,758,1]
11-11 07:28:31.627  1521  2109 I sysui_histogram: [note_load,0]
11-11 07:28:31.627  1521  2109 I sysui_multi_action: [757,804,799,note_load,801,0,802,1]
11-11 07:28:31.627  1521  2109 I notification_panel_revealed: 0
11-11 07:28:31.727  1521  1521 I sysui_histogram: [fingerprint_token,0]
11-11 07:28:31.727  1521  1521 I sysui_multi_action: [757,804,799,fingerprint_token,801,0,802,1]
11-11 07:28:31.727  1910  1910 I sysui_multi_action: [757,196,758,1,759,1]
11-11 07:28:31.727  1910  1910 I sysui_status_bar_state: [1,1,0,0,1,0]
11-11 07:28:32.107  1521  1552 I am_meminfo: [2679336960,1125888000,4096,543125504,399689728]
11-11 07:28:32.127  1521  1552 I am_pss  : [2022,10016,com.google.android.gms.persistent,57227264,44965888,0]
11-11 07:28:32.137  1521  1552 I am_pss  : [3291,10023,com.zte.heartyservice,27994112,24764416,0]
11-11 07:28:32.157  1521  1552 I am_pss  : [2943,1002,com.android.bluetooth,16924672,15187968,0]
11-11 07:28:32.177  1521  1552 I am_pss  : [4957,10132,com.baidu.input,79661056,73097216,0]
11-11 07:28:32.187  1521  1552 I am_pss  : [3278,10022,com.zte.halo,27719680,25858048,0]
11-11 07:28:32.197  1521  1552 I am_pss  : [3206,10090,com.android.smspush,2762752,2363392,0]
11-11 07:28:32.207  1521  1552 I am_pss  : [3614,1000,com.zte.heartyservice.strategy,7809024,7286784,0]
11-11 07:28:32.227  1521  1552 I am_pss  : [7885,10126,com.tencent.mm:appbrand1,31913984,20348928,0]
11-11 07:28:32.247  1521  1552 I am_pss  : [7798,10126,com.tencent.mm:appbrand0,73035776,59940864,0]
11-11 07:28:32.267  1521  1552 I am_pss  : [4578,10126,com.tencent.mm:tools,79986688,51945472,0]
11-11 07:28:32.277  1521  1552 I am_pss  : [4208,10049,com.zte.aliveupdate,54132736,52899840,0]
11-11 07:28:32.297  1521  1552 I am_pss  : [3364,10094,com.yulore.framework,12839936,11542528,0]
11-11 07:28:32.307  1521  1552 I am_pss  : [4176,10035,com.zte.retrieve.service,5953536,5058560,0]
11-11 07:28:32.317  1521  1552 I am_pss  : [8054,10013,com.zte.fingerflashpay,2778112,2461696,0]
11-11 07:28:32.327  1521  1552 I am_pss  : [5247,10073,com.google.process.gapps,4170752,3661824,0]
11-11 07:28:32.347  1521  1552 I am_pss  : [6887,10016,com.google.android.gms.learning,13852672,9981952,0]
11-11 07:28:32.357  1521  1552 I am_pss  : [5039,10078,com.zte.beautify,6434816,5746688,0]
11-11 07:28:32.367  1521  1552 I am_pss  : [2490,10088,com.zte.theme,2664448,2326528,0]
11-11 07:28:32.377  1521  1552 I am_pss  : [5097,1000,com.zte.fontManager,3145728,2842624,0]
11-11 07:28:32.387  1521  1552 I am_pss  : [5068,10097,org.zx.AuthComp,5161984,4575232,0]
11-11 07:28:32.397  1521  1552 I am_pss  : [4320,10103,com.moji.zteweather:mjskin,8637440,5033984,0]
11-11 07:28:32.417  1521  1552 I am_pss  : [6644,1000,org.simalliance.openmobileapi.service,2809856,2347008,0]
11-11 07:28:32.427  1521  1552 I am_pss  : [5927,10019,com.google.android.partnersetup,3788800,3350528,0]
11-11 07:28:32.437  1521  1552 I am_pss  : [5443,1000,com.android.deftdeviceregister,3221504,2772992,0]
11-11 07:28:32.447  1521  1552 I am_pss  : [6743,10100,com.qualcomm.timeservice,2461696,2142208,0]
11-11 07:28:32.457  1521  1552 I am_pss  : [6663,1000,org.simalliance.openmobileapi.service:remote,10398720,9764864,0]
11-11 07:28:32.467  1521  1552 I am_pss  : [6631,1001,org.codeaurora.ims,2885632,2400256,0]
11-11 07:28:32.477  1521  1552 I am_pss  : [3635,1000,com.android.keychain,2661376,2334720,0]
11-11 07:28:32.497  1521  1552 I am_pss  : [6297,10015,com.google.android.ext.services,3282944,2699264,0]
11-11 07:28:32.507  1521  1552 I am_pss  : [6166,10020,com.zte.halo.app:service,7964672,5218304,0]
11-11 07:28:32.517  1521  1552 I am_pss  : [6151,1000,com.zte.cn.doubleapp,3410944,3076096,0]
11-11 07:28:32.527  1521  1552 I am_pss  : [6132,1000,com.qualcomm.qti.smcinvokepkgmgr,2634752,2306048,0]
11-11 07:28:32.537  1521  1552 I am_pss  : [6106,10099,com.qualcomm.qti.qms.service.credentials,2591744,2277376,0]
11-11 07:28:32.547  1521  1552 I am_pss  : [6085,10098,com.qualcomm.qti.qms.service.connectionsecurity,3006464,2121728,0]
11-11 07:28:32.567  1521  1552 I am_pss  : [6066,1001,com.qualcomm.qti.lpa,2576384,2281472,0]
11-11 07:28:32.577  1521  1552 I am_pss  : [6042,1000,com.qualcomm.qti.callenhancement,2701312,2367488,0]
11-11 07:28:32.587  1521  1552 I am_pss  : [6016,1000,com.qualcomm.qti.biometrics.fingerprint.service,2712576,2404352,0]
11-11 07:28:32.597  1521  1552 I am_pss  : [2414,1001,com.qualcomm.qcrilmsgtunnel,3579904,3129344,0]
11-11 07:28:32.607  1521  1552 I am_pss  : [5895,10018,com.google.android.onetimeinitializer,2637824,2334720,0]
11-11 07:28:32.617  1521  1552 I am_pss  : [5850,10006,com.google.android.configupdater,3506176,3153920,0]
11-11 07:28:32.637  1521  1552 I am_pss  : [5713,10029,com.android.mms,15884288,14954496,0]
11-11 07:28:32.647  1521  1552 I am_pss  : [5749,10055,com.android.packageinstaller,4079616,3784704,0]
11-11 07:28:32.657  1521  1552 I am_pss  : [5669,10028,com.android.managedprovisioning,2838528,2531328,0]
11-11 07:28:32.667  1521  1552 I am_pss  : [5323,10016,com.google.android.play.games.ui,7006208,4509696,0]
11-11 07:28:32.677  1521  1552 I am_pss  : [2621,10005,com.android.carrierconfig,3506176,3112960,0]
11-11 07:28:32.697  1521  1552 I am_pss  : [5270,1000,com.qualcomm.display,2744320,2428928,0]
11-11 07:28:32.707  1521  1552 I am_pss  : [5234,10057,com.zte.tensorflow.aizteservice:remote,38805504,38400000,0]
11-11 07:28:32.717  1521  1552 I am_pss  : [4920,10130,cn.com.zte.app.uac,8168448,6578176,0]
11-11 07:28:32.727  1521  1552 I am_pss  : [3561,10084,com.android.printspooler,3056640,2703360,0]
11-11 07:28:32.737  1910  2380 I sysui_multi_action: [757,1093,758,4,793,31683,1094,18923648,1095,6]
11-11 07:28:32.737  1521  1552 I am_pss  : [4164,10040,com.sohu.inputmethod.status,5527552,4632576,0]
11-11 07:28:32.747  1521  1552 I am_pss  : [3677,1000,com.tencent.android.location,4252672,3612672,0]
11-11 07:28:32.767  1521  1552 I am_pss  : [3220,10052,com.zte.faceverify:service,5650432,4329472,0]
11-11 07:28:32.777  1521  1552 I am_pss  : [3134,1000,com.android.modem.service,5315584,4734976,0]
11-11 07:28:32.787  1521  1552 I am_pss  : [3120,1001,com.qualcomm.qti.loadcarrier,2733056,2310144,0]
11-11 07:28:32.797  1521  1552 I am_pss  : [3108,10009,com.android.dialer,15955968,14135296,0]
11-11 07:28:32.807  1521  1552 I am_pss  : [3093,10052,com.zte.faceverify,5388288,4026368,0]
11-11 07:28:32.827  1521  1552 I am_pss  : [3079,1000,com.ztefingerprint.service,3810304,3153920,0]
11-11 07:28:32.837  1521  1552 I am_pss  : [3062,1000,com.zte.mifavor.launcher.adapter,4049920,3579904,0]
11-11 07:28:32.847  1521  1552 I am_pss  : [3050,1000,com.zte.zgesture,4740096,4132864,0]
11-11 07:28:32.857  1521  1552 I am_pss  : [3038,10057,com.zte.tensorflow.aizteservice,2543616,2174976,0]
11-11 07:28:32.867  1521  1552 I am_pss  : [3024,1027,com.android.nfc,15367168,14098432,0]
11-11 07:28:32.887  1521  1552 I am_pss  : [2854,10065,com.android.carrierdefaultapp,2716672,2387968,0]
11-11 07:28:32.897  1521  1552 I am_pss  : [2544,10026,com.zte.mfvkeyguard,3627008,2928640,0]
11-11 07:28:32.917  1521  1552 I am_pss  : [2084,1001,com.android.phone,70811648,61014016,0]
11-11 07:28:32.927  1521  1552 I am_pss  : [2070,1001,com.qualcomm.qti.telephonyservice,3297280,2801664,0]
11-11 07:28:32.937  1521  1552 I am_pss  : [2053,1000,.dataservices,5858304,5283840,0]
11-11 07:28:32.957  1521  1552 I am_pss  : [1910,10042,com.android.systemui,189487104,179716096,0]
11-11 07:28:32.987  1521  1552 I am_pss  : [1521,1000,system,252605440,200605696,0]
11-11 07:28:35.197  1521  1553 I am_uid_idle: 99000
11-11 07:28:38.447  1521  1521 I notification_cancel: [10042,1910,com.android.systemui,2,low_battery,-1,0,1088,8,NULL]
11-11 07:28:38.447  1521  1521 I notification_cancel: [10042,1910,com.android.systemui,3,low_battery,-1,0,1088,8,NULL]
11-11 07:28:39.477  1521  1553 I am_uid_idle: 10126
11-11 07:28:40.007  1521  1857 I netstats_mobile_sample: [7214,25,2658,28,7214,25,2658,28,7214,25,2658,28,1541892520078]
11-11 07:28:40.007  1521  1857 I netstats_wifi_sample: [13664899,14809,1816093,12902,13577811,12768,1635143,12838,13577811,12768,1635143,12838,1541892520078]
11-11 07:28:40.417  1521  1552 I am_pss  : [3762,10016,com.google.process.gapps,4398080,3526656,0]
11-11 07:28:40.477  1521  1908 I am_proc_died: [0,4578,com.tencent.mm:tools,0,12]
11-11 07:28:40.477  1521  1908 I am_schedule_service_restart: [0,com.tencent.mm/.ipcinvoker.wx_extension.service.ToolsProcessIPCService,1000]
11-11 07:28:40.477  1521  1908 I am_broadcast_discard_app: [0,168795627,NULL,0,ResolveInfo{e482dc7 com.tencent.mm/.booter.MMReceivers$ToolsProcessReceiver m=0x0}]
11-11 07:28:40.667  1521  2711 I am_proc_died: [0,4591,com.tencent.mm:toolsmp,0,12]
11-11 07:28:40.667  1521  2711 I am_schedule_service_restart: [0,com.tencent.mm/.ipcinvoker.wx_extension.service.ToolsMpProcessIPCService,1000]
11-11 07:28:40.667  1521  2711 I am_broadcast_discard_app: [0,159778632,NULL,0,ResolveInfo{ee931d com.tencent.mm/.booter.MMReceivers$ToolsMpProcessReceiver m=0x0}]
11-11 07:28:41.697  1910  2380 I sysui_multi_action: [757,1093,758,4,793,8956,1094,18923648,1095,6]
11-11 07:28:41.727  1521  1563 I power_sleep_requested: 0
11-11 07:28:42.057  1521  1559 I sysui_view_visibility: [223,100]
11-11 07:28:42.057  1521  1559 I sysui_multi_action: [757,223,758,1]
11-11 07:28:42.117  1521  1521 I sysui_multi_action: [757,198,758,2,759,3]
11-11 07:28:42.117  1521  1521 I power_screen_state: [0,3,0,0,0]
11-11 07:28:42.117  1521  1521 I screen_toggled: 0
11-11 07:28:42.117  1521  1521 I sysui_histogram: [screen_timeout,60]
11-11 07:28:42.117  1521  1521 I sysui_multi_action: [757,804,799,screen_timeout,801,60,802,1]
11-11 07:28:42.117  1521  1521 I power_screen_broadcast_send: 1
11-11 07:28:42.267  1521  3151 I sysui_view_visibility: [127,0]
11-11 07:28:42.267  1521  3151 I sysui_multi_action: [757,127,758,2]
11-11 07:28:42.267  1521  3151 I notification_panel_hidden: 
11-11 07:28:42.417  1521  1521 I power_screen_broadcast_done: [1,307,1]
11-11 07:28:42.417  1521  1521 I power_screen_broadcast_send: 1
11-11 07:28:42.547  1521  1521 I notification_cancel: [10023,3291,com.zte.heartyservice,2130838838,MFV_ONGOING_EVENT,0,0,1088,8,NULL]
11-11 07:28:42.697  1521  1521 I power_screen_broadcast_done: [0,273,1]
11-11 07:28:42.807  1521  2711 I netstats_mobile_sample: [7214,25,2658,28,7214,25,2658,28,7214,25,2658,28,1541892522883]
11-11 07:28:42.807  1521  2711 I netstats_wifi_sample: [13671213,14821,1820806,12977,13584097,12779,1638778,12912,13584097,12779,1638778,12912,1541892522883]
11-11 07:28:43.177  1521  2103 I netstats_mobile_sample: [7214,25,2658,28,7214,25,2658,28,7214,25,2658,28,1541892523247]
11-11 07:28:43.177  1521  2103 I netstats_wifi_sample: [13671325,14823,1821593,12981,13584209,12781,1639509,12916,13584209,12781,1639509,12916,1541892523247]
11-11 07:28:43.207  1521  3151 I netstats_mobile_sample: [7214,25,2658,28,7214,25,2658,28,7214,25,2658,28,1541892523279]
11-11 07:28:43.207  1521  3151 I netstats_wifi_sample: [13671429,14825,1821593,12981,13584313,12783,1639509,12916,13584313,12783,1639509,12916,1541892523279]
11-11 07:28:43.227  1521  2103 I netstats_mobile_sample: [7214,25,2658,28,7214,25,2658,28,7214,25,2658,28,1541892523300]
11-11 07:28:43.227  1521  2103 I netstats_wifi_sample: [13671429,14825,1821593,12981,13584313,12783,1639509,12916,13584313,12783,1639509,12916,1541892523300]
11-11 07:28:43.247  1521  2711 I netstats_mobile_sample: [7214,25,2658,28,7214,25,2658,28,7214,25,2658,28,1541892523318]
11-11 07:28:43.247  1521  2711 I netstats_wifi_sample: [13671429,14825,1821593,12981,13584313,12783,1639509,12916,13584313,12783,1639509,12916,1541892523318]
11-11 07:28:43.257  1521  3151 I netstats_mobile_sample: [7214,25,2658,28,7214,25,2658,28,7214,25,2658,28,1541892523335]
11-11 07:28:43.257  1521  3151 I netstats_wifi_sample: [13671429,14825,1821593,12981,13584313,12783,1639509,12916,13584313,12783,1639509,12916,1541892523335]
11-11 07:28:43.277  1521  2711 I netstats_mobile_sample: [7214,25,2658,28,7214,25,2658,28,7214,25,2658,28,1541892523351]
11-11 07:28:43.277  1521  2711 I netstats_wifi_sample: [13671429,14825,1821593,12981,13584313,12783,1639509,12916,13584313,12783,1639509,12916,1541892523351]
11-11 07:28:43.287  1521  2711 I netstats_mobile_sample: [7214,25,2658,28,7214,25,2658,28,7214,25,2658,28,1541892523365]
11-11 07:28:43.287  1521  2711 I netstats_wifi_sample: [13671429,14825,1821593,12981,13584313,12783,1639509,12916,13584313,12783,1639509,12916,1541892523365]
11-11 07:28:43.307  1521  2711 I netstats_mobile_sample: [7214,25,2658,28,7214,25,2658,28,7214,25,2658,28,1541892523380]
11-11 07:28:43.307  1521  2711 I netstats_wifi_sample: [13671429,14825,1821593,12981,13584313,12783,1639509,12916,13584313,12783,1639509,12916,1541892523380]
11-11 07:28:43.327  1521  3151 I netstats_mobile_sample: [7214,25,2658,28,7214,25,2658,28,7214,25,2658,28,1541892523398]
11-11 07:28:43.327  1521  3151 I netstats_wifi_sample: [13671429,14825,1821593,12981,13584313,12783,1639509,12916,13584313,12783,1639509,12916,1541892523398]
11-11 07:28:43.347  1521  3151 I netstats_mobile_sample: [7214,25,2658,28,7214,25,2658,28,7214,25,2658,28,1541892523417]
11-11 07:28:43.347  1521  3151 I netstats_wifi_sample: [13671429,14825,1821593,12981,13584313,12783,1639509,12916,13584313,12783,1639509,12916,1541892523417]
11-11 07:28:43.357  1521  3151 I netstats_mobile_sample: [7214,25,2658,28,7214,25,2658,28,7214,25,2658,28,1541892523435]
11-11 07:28:43.357  1521  3151 I netstats_wifi_sample: [13671429,14825,1821593,12981,13584313,12783,1639509,12916,13584313,12783,1639509,12916,1541892523435]
11-11 07:28:43.377  1521  3151 I netstats_mobile_sample: [7214,25,2658,28,7214,25,2658,28,7214,25,2658,28,1541892523453]
11-11 07:28:43.377  1521  3151 I netstats_wifi_sample: [13671429,14825,1821593,12981,13584313,12783,1639509,12916,13584313,12783,1639509,12916,1541892523453]
11-11 07:28:43.397  1521  3151 I netstats_mobile_sample: [7214,25,2658,28,7214,25,2658,28,7214,25,2658,28,1541892523470]
11-11 07:28:43.397  1521  3151 I netstats_wifi_sample: [13671429,14825,1821593,12981,13584313,12783,1639509,12916,13584313,12783,1639509,12916,1541892523470]
11-11 07:28:43.407  1521  3151 I netstats_mobile_sample: [7214,25,2658,28,7214,25,2658,28,7214,25,2658,28,1541892523486]
11-11 07:28:43.407  1521  3151 I netstats_wifi_sample: [13671429,14825,1821593,12981,13584313,12783,1639509,12916,13584313,12783,1639509,12916,1541892523486]
11-11 07:28:43.427  1521  2711 I netstats_mobile_sample: [7214,25,2658,28,7214,25,2658,28,7214,25,2658,28,1541892523500]
11-11 07:28:43.427  1521  2711 I netstats_wifi_sample: [13671429,14825,1821593,12981,13584313,12783,1639509,12916,13584313,12783,1639509,12916,1541892523500]
11-11 07:28:49.957  1521  3151 I battery_level: [16,4035,420]
11-11 07:28:49.977  1521  1521 I notification_cancel: [10042,1910,com.android.systemui,2,low_battery,-1,0,1088,8,NULL]
11-11 07:28:49.977  1521  1521 I notification_cancel: [10042,1910,com.android.systemui,3,low_battery,-1,0,1088,8,NULL]
11-11 07:28:50.997  1910  2380 I sysui_multi_action: [757,1093,758,4,793,9299,1094,18923648,1095,6]
11-11 07:28:51.747  1521  1552 I am_pss  : [2022,10016,com.google.android.gms.persistent,57537536,45277184,0]
11-11 07:28:52.597  1521  1552 I am_pss  : [3237,10025,com.zte.mifavor.launcher,139376640,131756032,0]
11-11 07:28:52.617  1521  1552 I am_pss  : [3291,10023,com.zte.heartyservice,30388224,26669056,0]
11-11 07:28:52.627  1521  1552 I am_pss  : [2943,1002,com.android.bluetooth,16982016,15237120,0]
11-11 07:28:52.647  1521  1552 I am_pss  : [4957,10132,com.baidu.input,82169856,76533760,0]
11-11 07:28:52.667  1521  1552 I am_pss  : [3278,10022,com.zte.halo,27578368,25518080,0]
11-11 07:28:52.677  1521  1552 I am_pss  : [3206,10090,com.android.smspush,2767872,2367488,0]
11-11 07:28:52.687  1521  1552 I am_pss  : [3614,1000,com.zte.heartyservice.strategy,7996416,7471104,0]
11-11 07:28:52.707  1521  1552 I am_pss  : [3364,10094,com.yulore.framework,12841984,11542528,0]
11-11 07:28:52.717  1521  1552 I am_pss  : [4208,10049,com.zte.aliveupdate,53096448,52019200,0]
11-11 07:28:52.727  1521  1552 I am_pss  : [4176,10035,com.zte.retrieve.service,6209536,5312512,0]
11-11 07:28:52.737  1521  1552 I am_pss  : [2490,10088,com.zte.theme,2665472,2326528,0]
11-11 07:28:52.757  1521  1552 I am_pss  : [5443,1000,com.android.deftdeviceregister,3222528,2772992,0]
11-11 07:28:52.767  1521  1552 I am_pss  : [6663,1000,org.simalliance.openmobileapi.service:remote,10403840,9768960,0]
11-11 07:28:52.777  1521  1552 I am_pss  : [6166,10020,com.zte.halo.app:service,8153088,5283840,0]
11-11 07:28:52.787  1521  1552 I am_pss  : [6132,1000,com.qualcomm.qti.smcinvokepkgmgr,2648064,2318336,0]
11-11 07:28:52.807  1521  1552 I am_pss  : [6106,10099,com.qualcomm.qti.qms.service.credentials,2596864,2281472,0]
11-11 07:28:52.817  1521  1552 I am_pss  : [6042,1000,com.qualcomm.qti.callenhancement,2706432,2371584,0]
11-11 07:28:52.827  1521  1552 I am_pss  : [2414,1001,com.qualcomm.qcrilmsgtunnel,3580928,3129344,0]
11-11 07:28:52.837  1521  1552 I am_pss  : [5234,10057,com.zte.tensorflow.aizteservice:remote,38813696,38408192,0]
11-11 07:28:52.847  1521  1552 I am_pss  : [4164,10040,com.sohu.inputmethod.status,5608448,4636672,0]
11-11 07:28:52.867  1521  1552 I am_pss  : [3677,1000,com.tencent.android.location,4254720,3612672,0]
11-11 07:29:01.497  1521  1521 I notification_cancel: [10042,1910,com.android.systemui,2,low_battery,-1,0,1088,8,NULL]
11-11 07:29:01.497  1521  1521 I notification_cancel: [10042,1910,com.android.systemui,3,low_battery,-1,0,1088,8,NULL]
11-11 07:29:04.657  1521  1552 I am_pss  : [7885,10126,com.tencent.mm:appbrand1,35539968,20377600,0]
11-11 07:29:04.677  1521  1552 I am_pss  : [7798,10126,com.tencent.mm:appbrand0,77540352,60977152,0]
11-11 07:29:04.697  1521  1552 I am_pss  : [8054,10013,com.zte.fingerflashpay,2783232,2465792,0]
11-11 07:29:04.707  1521  1552 I am_pss  : [5247,10073,com.google.process.gapps,4175872,3665920,0]
11-11 07:29:04.727  1521  1552 I am_pss  : [6887,10016,com.google.android.gms.learning,13851648,9981952,0]
11-11 07:29:04.737  1521  1552 I am_pss  : [5039,10078,com.zte.beautify,6435840,5746688,0]
11-11 07:29:04.757  1521  1552 I am_pss  : [5097,1000,com.zte.fontManager,3146752,2842624,0]
11-11 07:29:04.767  1521  1552 I am_pss  : [5068,10097,org.zx.AuthComp,5164032,4575232,0]
11-11 07:29:04.777  1521  1552 I am_pss  : [4320,10103,com.moji.zteweather:mjskin,8802304,5058560,0]
11-11 07:29:04.787  1521  1552 I am_pss  : [6644,1000,org.simalliance.openmobileapi.service,2814976,2351104,0]
11-11 07:29:04.807  1521  1552 I am_pss  : [5927,10019,com.google.android.partnersetup,3789824,3350528,0]
11-11 07:29:04.817  1521  1552 I am_pss  : [6743,10100,com.qualcomm.timeservice,2466816,2146304,0]
11-11 07:29:04.827  1521  1552 I am_pss  : [6631,1001,org.codeaurora.ims,2890752,2404352,0]
11-11 07:29:04.837  1521  1552 I am_pss  : [3635,1000,com.android.keychain,2666496,2338816,0]
11-11 07:29:04.847  1521  1552 I am_pss  : [6297,10015,com.google.android.ext.services,3288064,2703360,0]
11-11 07:29:04.857  1521  1552 I am_pss  : [6151,1000,com.zte.cn.doubleapp,3416064,3080192,0]
11-11 07:29:04.867  1521  1552 I am_pss  : [6085,10098,com.qualcomm.qti.qms.service.connectionsecurity,3087360,2125824,0]
11-11 07:29:04.877  1521  1552 I am_pss  : [6066,1001,com.qualcomm.qti.lpa,2581504,2285568,0]
11-11 07:29:04.897  1521  1552 I am_pss  : [6016,1000,com.qualcomm.qti.biometrics.fingerprint.service,2721792,2412544,0]
11-11 07:29:04.907  1521  1552 I am_pss  : [5895,10018,com.google.android.onetimeinitializer,2642944,2338816,0]
11-11 07:29:04.917  1521  1552 I am_pss  : [5850,10006,com.google.android.configupdater,3511296,3158016,0]
11-11 07:29:04.927  1521  1552 I am_pss  : [5713,10029,com.android.mms,15892480,14958592,0]
11-11 07:29:04.937  1521  1552 I am_pss  : [5749,10055,com.android.packageinstaller,4084736,3788800,0]
11-11 07:29:04.957  1521  1552 I am_pss  : [5669,10028,com.android.managedprovisioning,2843648,2535424,0]
11-11 07:29:04.967  1521  1552 I am_pss  : [5323,10016,com.google.android.play.games.ui,7007232,4509696,0]
11-11 07:29:04.977  1521  1552 I am_pss  : [2621,10005,com.android.carrierconfig,3511296,3117056,0]
11-11 07:29:04.987  1521  1552 I am_pss  : [5270,1000,com.qualcomm.display,2749440,2433024,0]
11-11 07:29:04.997  1521  1552 I am_pss  : [4920,10130,cn.com.zte.app.uac,8568832,6766592,0]
11-11 07:29:05.017  1521  1552 I am_pss  : [3561,10084,com.android.printspooler,3061760,2707456,0]
11-11 07:29:05.027  1521  1552 I am_pss  : [3220,10052,com.zte.faceverify:service,5651456,4329472,0]
11-11 07:29:05.037  1521  1552 I am_pss  : [2854,10065,com.android.carrierdefaultapp,2717696,2387968,0]
11-11 07:29:05.047  1521  1552 I am_pss  : [2544,10026,com.zte.mfvkeyguard,3706880,2928640,0]
11-11 07:29:05.767  1910  2380 I sysui_multi_action: [757,1093,758,4,793,14772,1094,18923648,1095,6]
11-11 07:29:13.007  1521  1521 I notification_cancel: [10042,1910,com.android.systemui,2,low_battery,-1,0,1088,8,NULL]
11-11 07:29:13.007  1521  1521 I notification_cancel: [10042,1910,com.android.systemui,3,low_battery,-1,0,1088,8,NULL]
11-11 07:29:16.777  1521  1552 I am_pss  : [3415,10126,com.tencent.mm,210216960,192241664,0]
11-11 07:29:16.797  1521  1552 I am_pss  : [2574,10103,com.moji.zteweather,21152768,15896576,0]
11-11 07:29:16.807  1521  1552 I am_pss  : [4140,10126,com.tencent.mm:exdevice,15238144,7880704,0]
11-11 07:29:16.827  1521  1552 I am_pss  : [4303,10126,com.tencent.mm:push,22530048,13836288,0]
11-11 07:29:27.667  1521  1553 I am_uid_idle: 10156
11-11 07:29:27.667  1521  1553 I am_stop_idle_service: [10156,com.zte.softda/.receiver.WatchService]
11-11 07:29:27.667  1521  1553 I am_stop_idle_service: [10156,com.zte.softda/.LogService]
11-11 07:29:27.717  1521  1552 I am_pss  : [6240,10051,com.zte.zdm,36577280,33611776,0]
11-11 07:29:30.357  1521  1521 I notification_cancel: [10042,1910,com.android.systemui,2,low_battery,-1,0,1088,8,NULL]
11-11 07:29:30.357  1521  1521 I notification_cancel: [10042,1910,com.android.systemui,3,low_battery,-1,0,1088,8,NULL]
11-11 07:29:37.047  1521  1552 I am_pss  : [6267,1000,com.zte.zdmdaemon,2919424,2551808,0]
11-11 07:29:42.277  1521  1553 I am_uid_idle: 10103
11-11 07:29:47.587  1521  1521 I notification_cancel: [10042,1910,com.android.systemui,2,low_battery,-1,0,1088,8,NULL]
11-11 07:29:47.587  1521  1521 I notification_cancel: [10042,1910,com.android.systemui,3,low_battery,-1,0,1088,8,NULL]
11-11 07:29:57.737  1521  1552 I am_pss  : [4889,10156,com.zte.softda,154637312,148226048,0]
11-11 07:30:01.127  1910  2380 I sysui_multi_action: [757,1093,758,4,793,55360,1094,18923648,1095,6]
11-11 07:30:06.877  1521  1521 I notification_cancel: [10042,1910,com.android.systemui,2,low_battery,-1,0,1088,8,NULL]
11-11 07:30:06.877  1521  1521 I notification_cancel: [10042,1910,com.android.systemui,3,low_battery,-1,0,1088,8,NULL]
11-11 07:30:11.947  1521  1552 I sync    : [subscribedfeeds,0,0,132323836]
11-11 07:30:12.037  1521  1521 I notification_cancel: [1000,1521,android,37,AccountManagerService:37:686122139,0,0,0,8,NULL]
11-11 07:30:22.117  1521  3151 I battery_level: [17,4043,420]
11-11 07:30:22.197  1521  1521 I notification_cancel: [10042,1910,com.android.systemui,2,low_battery,-1,0,1088,8,NULL]
11-11 07:30:22.197  1521  1521 I notification_cancel: [10042,1910,com.android.systemui,3,low_battery,-1,0,1088,8,NULL]
11-11 07:30:23.167  1910  2380 I sysui_multi_action: [757,1093,758,4,793,22046,1094,18923648,1095,6]
11-11 07:30:28.127  1521  1552 I am_pss  : [3154,10016,com.google.process.gservices,5200896,4399104,0]
11-11 07:30:32.167  1521  1552 I am_pss  : [2974,10016,com.google.android.gms,71746560,57421824,0]
11-11 07:30:32.177  1521  1552 I am_pss  : [3762,10016,com.google.process.gapps,4407296,3534848,0]
11-11 07:30:32.197  1521  1552 I am_pss  : [5775,10021,com.android.vending,32232448,25124864,0]
11-11 07:30:32.207  1521  1552 I am_pss  : [3134,1000,com.android.modem.service,5341184,4759552,0]
11-11 07:30:32.217  1521  1552 I am_pss  : [3120,1001,com.qualcomm.qti.loadcarrier,2738176,2314240,0]
11-11 07:30:32.237  1521  1552 I am_pss  : [3108,10009,com.android.dialer,15980544,14155776,0]
11-11 07:30:32.247  1521  1552 I am_pss  : [3093,10052,com.zte.faceverify,5389312,4026368,0]
11-11 07:30:32.267  1521  1552 I am_pss  : [3079,1000,com.ztefingerprint.service,3810304,3153920,0]
11-11 07:30:32.277  1521  1552 I am_pss  : [3062,1000,com.zte.mifavor.launcher.adapter,4050944,3579904,0]
11-11 07:30:32.287  1521  1552 I am_pss  : [3050,1000,com.zte.zgesture,5044224,4431872,0]
11-11 07:30:32.307  1521  1552 I am_pss  : [3038,10057,com.zte.tensorflow.aizteservice,2544640,2174976,0]
11-11 07:30:32.317  1521  1552 I am_pss  : [3024,1027,com.android.nfc,15367168,14098432,0]
11-11 07:30:32.337  1521  1552 I am_pss  : [2084,1001,com.android.phone,65601536,57102336,0]
11-11 07:30:32.347  1521  1552 I am_pss  : [2070,1001,com.qualcomm.qti.telephonyservice,3298304,2801664,0]
11-11 07:30:32.367  1521  1552 I am_pss  : [2053,1000,.dataservices,5888000,5312512,0]
11-11 07:30:32.387  1521  1552 I am_pss  : [1910,10042,com.android.systemui,188214272,180629504,0]
11-11 07:30:32.417  1521  1552 I am_pss  : [1521,1000,system,229223424,176660480,0]
11-11 07:30:43.367  1521  1521 I notification_cancel: [10042,1910,com.android.systemui,2,low_battery,-1,0,1088,8,NULL]
11-11 07:30:43.367  1521  1521 I notification_cancel: [10042,1910,com.android.systemui,3,low_battery,-1,0,1088,8,NULL]
11-11 07:30:56.067  1521  1521 I notification_cancel: [10042,1910,com.android.systemui,2,low_battery,-1,0,1088,8,NULL]
11-11 07:30:56.067  1521  1521 I notification_cancel: [10042,1910,com.android.systemui,3,low_battery,-1,0,1088,8,NULL]
11-11 07:31:04.097  1521  1552 I am_pss  : [6411,10016,com.google.android.gms.unstable,17062912,12984320,0]
11-11 07:31:07.577  1521  3128 I battery_level: [18,4048,410]
11-11 07:31:07.587  1521  1521 I notification_cancel: [10042,1910,com.android.systemui,2,low_battery,-1,0,1088,8,NULL]
11-11 07:31:07.587  1521  1521 I notification_cancel: [10042,1910,com.android.systemui,3,low_battery,-1,0,1088,8,NULL]
11-11 07:31:08.607  1910  2380 I sysui_multi_action: [757,1093,758,4,793,45441,1094,18923648,1095,6]
11-11 07:31:19.087  1521  1521 I notification_cancel: [10042,1910,com.android.systemui,2,low_battery,-1,0,1088,8,NULL]
11-11 07:31:19.087  1521  1521 I notification_cancel: [10042,1910,com.android.systemui,3,low_battery,-1,0,1088,8,NULL]
11-11 07:31:26.807  1910  2380 I sysui_multi_action: [757,1093,758,4,793,18193,1094,18923648,1095,6]
11-11 07:31:29.977  1521  1521 I notification_cancel: [10042,1910,com.android.systemui,2,low_battery,-1,0,1088,8,NULL]
11-11 07:31:29.977  1521  1521 I notification_cancel: [10042,1910,com.android.systemui,3,low_battery,-1,0,1088,8,NULL]
11-11 07:31:32.047  1521  1521 I notification_cancel: [10042,1910,com.android.systemui,2,low_battery,-1,0,1088,8,NULL]
11-11 07:31:32.047  1521  1521 I notification_cancel: [10042,1910,com.android.systemui,3,low_battery,-1,0,1088,8,NULL]
11-11 07:31:34.907  1521  1521 I notification_cancel: [10042,1910,com.android.systemui,2,low_battery,-1,0,1088,8,NULL]
11-11 07:31:34.907  1521  1521 I notification_cancel: [10042,1910,com.android.systemui,3,low_battery,-1,0,1088,8,NULL]
11-11 07:31:43.517  1521  3151 I netstats_mobile_sample: [7214,25,2658,28,7214,25,2658,28,7214,25,2658,28,1541892703587]
11-11 07:31:43.517  1521  3151 I netstats_wifi_sample: [13734685,15047,1902793,13553,13647513,13003,1712659,13485,13647513,13003,1712659,13485,1541892703587]
11-11 07:31:43.527  1521  3126 I netstats_mobile_sample: [7214,25,2658,28,7214,25,2658,28,7214,25,2658,28,1541892703606]
11-11 07:31:43.527  1521  3126 I netstats_wifi_sample: [13734685,15047,1902793,13553,13647513,13003,1712659,13485,13647513,13003,1712659,13485,1541892703606]
11-11 07:31:43.537  1521  1552 I am_pss  : [6411,10016,com.google.android.gms.unstable,16804864,12726272,0]
11-11 07:31:43.557  1521  3128 I netstats_mobile_sample: [7214,25,2658,28,7214,25,2658,28,7214,25,2658,28,1541892703629]
11-11 07:31:43.557  1521  3128 I netstats_wifi_sample: [13734685,15047,1902793,13553,13647513,13003,1712659,13485,13647513,13003,1712659,13485,1541892703629]
11-11 07:31:43.577  1521  3151 I netstats_mobile_sample: [7214,25,2658,28,7214,25,2658,28,7214,25,2658,28,1541892703647]
11-11 07:31:43.577  1521  3151 I netstats_wifi_sample: [13734685,15047,1902793,13553,13647513,13003,1712659,13485,13647513,13003,1712659,13485,1541892703647]
11-11 07:31:43.597  1521  3128 I netstats_mobile_sample: [7214,25,2658,28,7214,25,2658,28,7214,25,2658,28,1541892703667]
11-11 07:31:43.597  1521  3128 I netstats_wifi_sample: [13734685,15047,1902793,13553,13647513,13003,1712659,13485,13647513,13003,1712659,13485,1541892703667]
11-11 07:31:43.607  1521  3151 I netstats_mobile_sample: [7214,25,2658,28,7214,25,2658,28,7214,25,2658,28,1541892703681]
11-11 07:31:43.607  1521  3151 I netstats_wifi_sample: [13734685,15047,1902793,13553,13647513,13003,1712659,13485,13647513,13003,1712659,13485,1541892703681]
11-11 07:31:43.617  1521  3151 I netstats_mobile_sample: [7214,25,2658,28,7214,25,2658,28,7214,25,2658,28,1541892703688]
11-11 07:31:43.617  1521  3151 I netstats_wifi_sample: [13734685,15047,1902793,13553,13647513,13003,1712659,13485,13647513,13003,1712659,13485,1541892703688]
11-11 07:31:43.617  1521  3128 I netstats_mobile_sample: [7214,25,2658,28,7214,25,2658,28,7214,25,2658,28,1541892703693]
11-11 07:31:43.617  1521  3128 I netstats_wifi_sample: [13734685,15047,1902793,13553,13647513,13003,1712659,13485,13647513,13003,1712659,13485,1541892703693]
11-11 07:31:43.627  1521  3128 I netstats_mobile_sample: [7214,25,2658,28,7214,25,2658,28,7214,25,2658,28,1541892703700]
11-11 07:31:43.627  1521  3128 I netstats_wifi_sample: [13734685,15047,1902793,13553,13647513,13003,1712659,13485,13647513,13003,1712659,13485,1541892703700]
11-11 07:31:43.637  1521  3128 I netstats_mobile_sample: [7214,25,2658,28,7214,25,2658,28,7214,25,2658,28,1541892703711]
11-11 07:31:43.637  1521  3128 I netstats_wifi_sample: [13734685,15047,1902793,13553,13647513,13003,1712659,13485,13647513,13003,1712659,13485,1541892703711]
11-11 07:31:43.647  1521  3128 I netstats_mobile_sample: [7214,25,2658,28,7214,25,2658,28,7214,25,2658,28,1541892703720]
11-11 07:31:43.647  1521  3128 I netstats_wifi_sample: [13734685,15047,1902793,13553,13647513,13003,1712659,13485,13647513,13003,1712659,13485,1541892703720]
11-11 07:31:43.657  1521  3128 I netstats_mobile_sample: [7214,25,2658,28,7214,25,2658,28,7214,25,2658,28,1541892703733]
11-11 07:31:43.657  1521  3128 I netstats_wifi_sample: [13734685,15047,1902793,13553,13647513,13003,1712659,13485,13647513,13003,1712659,13485,1541892703733]
11-11 07:31:43.677  1521  3128 I netstats_mobile_sample: [7214,25,2658,28,7214,25,2658,28,7214,25,2658,28,1541892703748]
11-11 07:31:43.677  1521  3128 I netstats_wifi_sample: [13734685,15047,1902793,13553,13647513,13003,1712659,13485,13647513,13003,1712659,13485,1541892703748]
11-11 07:31:43.687  1521  3126 I netstats_mobile_sample: [7214,25,2658,28,7214,25,2658,28,7214,25,2658,28,1541892703764]
11-11 07:31:43.687  1521  3126 I netstats_wifi_sample: [13734685,15047,1902793,13553,13647513,13003,1712659,13485,13647513,13003,1712659,13485,1541892703764]
11-11 07:31:43.707  1521  3126 I netstats_mobile_sample: [7214,25,2658,28,7214,25,2658,28,7214,25,2658,28,1541892703780]
11-11 07:31:43.707  1521  3126 I netstats_wifi_sample: [13734685,15047,1902793,13553,13647513,13003,1712659,13485,13647513,13003,1712659,13485,1541892703780]
11-11 07:31:43.907  1521  2711 I am_uid_stopped: 10156
11-11 07:31:43.907  1521  2711 I am_kill : [0,4889,com.zte.softda,700,stop com.zte.softda]
11-11 07:31:43.917  1521  2711 I am_finish_activity: [0,165306555,3353,com.zte.softda/.moa.main.MainActivity,force-stop]
11-11 07:31:43.917  1521  2711 I am_finish_activity: [0,111240197,3353,com.zte.softda/.moa.ChattingActivity,force-stop]
11-11 07:31:43.927  1521  1553 I sysui_count: [window_time_0,193]
11-11 07:31:43.927  1521  1553 I sysui_multi_action: [757,803,799,window_time_0,802,193]
11-11 07:31:43.927  1521  1553 I sysui_count: [window_time_0,0]
11-11 07:31:43.927  1521  1553 I sysui_multi_action: [757,803,799,window_time_0,802,0]
11-11 07:31:43.927  1521  1553 I am_destroy_activity: [0,165306555,3353,com.zte.softda/.moa.main.MainActivity,finish-idle]
11-11 07:31:43.927  1521  1553 I am_destroy_activity: [0,111240197,3353,com.zte.softda/.moa.ChattingActivity,finish-idle]
11-11 07:31:43.937  1521  1553 I wm_task_removed: [3353,removeAppToken: last token]
11-11 07:31:43.937  1521  1553 I wm_task_removed: [3353,removeTask]
11-11 07:31:43.937  1521  1521 I notification_cancel_all: [1000,1521,com.zte.softda,0,0,0,5,NULL]
11-11 07:31:43.937  1521  1521 I notification_cancel_all: [1000,1521,com.zte.softda,0,0,0,5,NULL]
11-11 07:31:43.937  1521  3151 I am_uid_stopped: 10169
11-11 07:31:43.937  1521  3151 I am_kill : [0,4902,cn.com.zte.mobilemail,900,stop cn.com.zte.mobilemail]
11-11 07:31:43.947  1521  3151 I am_schedule_service_restart: [0,cn.com.zte.mobilemail/cn.com.zte.zmail.app.service.ZMailService,1000]
11-11 07:31:43.947  1521  3151 I am_schedule_service_restart: [0,cn.com.zte.mobilemail/cn.com.zte.zmail.app.service.AlarmService,10999]
11-11 07:31:43.947  1521  3151 I am_finish_activity: [0,113881471,3347,cn.com.zte.mobilemail/cn.com.zte.zmail.app.ui.activity.HomeActivity,force-stop]
11-11 07:31:43.957  1521  1553 I sysui_count: [window_time_0,0]
11-11 07:31:43.957  1521  1553 I sysui_multi_action: [757,803,799,window_time_0,802,0]
11-11 07:31:43.957  1521  1553 I am_destroy_activity: [0,113881471,3347,cn.com.zte.mobilemail/cn.com.zte.zmail.app.ui.activity.HomeActivity,finish-idle]
11-11 07:31:43.957  1521  1553 I wm_task_removed: [3347,removeAppToken: last token]
11-11 07:31:43.957  1521  1553 I wm_task_removed: [3347,removeTask]
11-11 07:31:43.967  1521  1521 I notification_cancel_all: [1000,1521,cn.com.zte.mobilemail,0,0,0,5,NULL]
11-11 07:31:43.967  1521  3128 I am_uid_stopped: 10130
11-11 07:31:43.967  1521  3128 I am_kill : [0,4920,cn.com.zte.app.uac,904,stop cn.com.zte.app.uac]
11-11 07:31:43.977  1521  1521 I notification_cancel_all: [1000,1521,cn.com.zte.mobilemail,0,0,0,5,NULL]
11-11 07:31:43.987  1521  1521 I notification_cancel_all: [1000,1521,cn.com.zte.app.uac,0,0,0,5,NULL]
11-11 07:31:43.997  1521  1521 I notification_cancel_all: [1000,1521,cn.com.zte.app.uac,0,0,0,5,NULL]
11-11 07:31:44.107  1521  1521 I notification_cancel: [10042,1910,com.android.systemui,2,low_battery,-1,0,1088,8,NULL]
11-11 07:31:44.107  1521  1521 I notification_cancel: [10042,1910,com.android.systemui,3,low_battery,-1,0,1088,8,NULL]
11-11 07:31:44.577  1521  1838 I am_wtf  : [0,1521,system_server,-1,ActivityManager,Sending non-protected broadcast android.intent.action.HALL_SENSOR_CHANGED from system 1521:system/1000 pkg android]
11-11 07:31:44.577  1521  1838 I am_wtf  : [0,1521,system_server,-1,ActivityManager,Sending non-protected broadcast android.intent.action.HALL_SENSOR_CHANGED from system 1521:system/1000 pkg android]
11-11 07:31:44.597  1521  1521 I screen_toggled: 1
11-11 07:31:44.597  1521  1521 I power_screen_broadcast_send: 1
11-11 07:31:44.957  1521  1563 I sysui_multi_action: [757,198,758,1,759,0,793,398]
11-11 07:31:44.957  1521  1563 I power_screen_state: [1,0,0,0,398]
11-11 07:31:44.967  1521  6105 I sysui_view_visibility: [127,100]
11-11 07:31:44.967  1521  6105 I sysui_multi_action: [757,127,758,1]
11-11 07:31:44.967  1521  6105 I sysui_histogram: [note_load,0]
11-11 07:31:44.967  1521  6105 I sysui_multi_action: [757,804,799,note_load,801,0,802,1]
11-11 07:31:44.967  1521  6105 I notification_panel_revealed: 0
11-11 07:31:44.987  1521  1559 I sysui_view_visibility: [223,0]
11-11 07:31:44.987  1521  1559 I sysui_multi_action: [757,223,758,2]
11-11 07:31:44.987  1521  1559 I sysui_histogram: [dozing_minutes,3]
11-11 07:31:44.987  1521  1559 I sysui_multi_action: [757,804,799,dozing_minutes,801,3,802,1]
11-11 07:31:45.077  1521  1521 I power_screen_broadcast_done: [1,480,1]
11-11 07:31:45.517  1521  2105 I netstats_mobile_sample: [7214,25,2658,28,7214,25,2658,28,7214,25,2658,28,1541892705594]
11-11 07:31:45.517  1521  2105 I netstats_wifi_sample: [13735069,15056,1904317,13579,13647897,13012,1713819,13511,13647897,13012,1713819,13511,1541892705594]
11-11 07:31:45.637  1910  2380 I sysui_multi_action: [757,1093,758,4,793,18830,1094,18923648,1095,6]
11-11 07:31:46.667  1910  2380 I sysui_multi_action: [757,1093,758,4,793,1032,1094,18923648,1095,6]
11-11 07:31:47.547  1521  1838 I am_wtf  : [0,1521,system_server,-1,ActivityManager,Sending non-protected broadcast android.intent.action.HALL_SENSOR_CHANGED from system 1521:system/1000 pkg android]
11-11 07:31:47.547  1521  1838 I am_wtf  : [0,1521,system_server,-1,ActivityManager,Sending non-protected broadcast android.intent.action.HALL_SENSOR_CHANGED from system 1521:system/1000 pkg android]
11-11 07:31:47.577  1521  2105 I am_uid_active: 10103
11-11 07:31:48.417  1521 17285 I battery_status: [3,2,1,0,Li-ion]
11-11 07:31:48.447  1521  1521 I notification_cancel: [10042,1910,com.android.systemui,2,low_battery,-1,0,1088,8,NULL]
11-11 07:31:48.447  1521  1521 I notification_cancel: [10042,1910,com.android.systemui,3,low_battery,-1,0,1088,8,NULL]
11-11 07:31:48.477  1521  1521 I notification_cancel: [10042,1910,com.android.systemui,2,low_battery,-1,0,1088,8,NULL]
11-11 07:31:48.477  1521  1521 I notification_cancel: [10042,1910,com.android.systemui,3,low_battery,-1,0,1088,8,NULL]
11-11 07:31:48.717  1910  2380 I sysui_multi_action: [757,1093,758,4,793,2048,1094,18923648,1095,6]
11-11 07:31:51.717  1521  1908 I battery_status: [4,2,1,0,Li-ion]
11-11 07:31:51.727  1521  1521 I notification_cancel: [10042,1910,com.android.systemui,2,low_battery,-1,0,1088,8,NULL]
11-11 07:31:51.727  1521  1521 I notification_cancel: [10042,1910,com.android.systemui,3,low_battery,-1,0,1088,8,NULL]
11-11 07:31:52.237  1521  1908 I battery_status: [2,2,1,0,Li-ion]
11-11 07:31:52.247  1521  1521 I notification_cancel: [10042,1910,com.android.systemui,2,low_battery,-1,0,1088,8,NULL]
11-11 07:31:52.247  1521  1521 I notification_cancel: [10042,1910,com.android.systemui,3,low_battery,-1,0,1088,8,NULL]
11-11 07:31:52.427  1521  1908 I battery_status: [2,2,1,2,Li-ion]
11-11 07:31:52.457  1521  1521 I notification_cancel: [10042,1910,com.android.systemui,2,low_battery,-1,0,1088,8,NULL]
11-11 07:31:52.457  1521  1521 I notification_cancel: [10042,1910,com.android.systemui,3,low_battery,-1,0,1088,8,NULL]
11-11 07:31:52.587  1521  3100 I am_uid_active: 10021
11-11 07:31:52.687  1910  2380 I sysui_multi_action: [757,1093,758,4,793,3970,1094,18923648,1095,6]
11-11 07:31:52.687  1521  1521 I notification_cancel: [10016,2974,com.google.android.gms,1,com.google.android.gms.update.control.NotificationControl,0,0,1088,8,NULL]
11-11 07:31:52.727  1521  1521 I notification_enqueue: [1000,1521,android,26,NULL,-1,Notification(channel=DEVELOPER pri=0 contentView=null vibrate=null sound=null tick defaults=0x0 flags=0x2 color=0xff607d8b vis=PUBLIC),0]
11-11 07:31:52.777  1521  1521 I notification_enqueue: [1000,2202,com.android.settings,2131300159,NULL,-1,Notification(channel=usb_connect_notification_channel pri=-1 contentView=null vibrate=null sound=null tick defaults=0x0 flags=0x2 color=0x00000000 vis=PRIVATE),0]
11-11 07:31:53.007  1521  3141 I wm_task_created: [3354,1]
11-11 07:31:53.007  1521  3141 I wm_task_moved: [3354,1,8]
11-11 07:31:53.007  1521  3141 I am_focused_stack: [0,1,0,reuseOrNewTask]
11-11 07:31:53.007  1521  3141 I wm_task_moved: [3354,1,8]
11-11 07:31:53.007  1521  3141 I am_create_task: [0,3354]
11-11 07:31:53.007  1521  3141 I am_create_activity: [0,57586201,3354,com.android.settings/.deviceinfo.UsbModeChooserActivity,NULL,NULL,NULL,276856832]
11-11 07:31:53.007  1521  3141 I wm_task_moved: [3354,1,8]
11-11 07:31:53.007  1521  3141 I am_restart_activity: [0,57586201,3354,com.android.settings/.deviceinfo.UsbModeChooserActivity]
11-11 07:31:53.007  1521  3141 I am_set_resumed_activity: [0,com.android.settings/.deviceinfo.UsbModeChooserActivity,minimalResumeActivityLocked]
11-11 07:31:53.017  1521  3141 I am_pause_activity: [0,57586201,com.android.settings/.deviceinfo.UsbModeChooserActivity]
11-11 07:31:53.027  1521  1521 I notification_cancel: [10042,1910,com.android.systemui,2,low_battery,-1,0,1088,8,NULL]
11-11 07:31:53.027  1521  1521 I notification_cancel: [10042,1910,com.android.systemui,3,low_battery,-1,0,1088,8,NULL]
11-11 07:31:53.047  2202  2202 I am_on_resume_called: [0,com.android.settings.deviceinfo.UsbModeChooserActivity,LAUNCH_ACTIVITY]
11-11 07:31:53.047  2202  2202 I am_on_paused_called: [0,com.android.settings.deviceinfo.UsbModeChooserActivity,handlePauseActivity]
11-11 07:31:53.047  1521  1553 I am_stop_activity: [0,57586201,com.android.settings/.deviceinfo.UsbModeChooserActivity]
11-11 07:31:53.047  1521  1553 I sysui_count: [window_time_0,9]
11-11 07:31:53.057  1521  1553 I sysui_multi_action: [757,803,799,window_time_0,802,9]
11-11 07:31:53.057  1521  1553 I sysui_multi_action: [757,1144,758,8,806,com.android.settings,871,com.android.settings.deviceinfo.UsbModeChooserActivity]
11-11 07:31:53.057  2202  2202 I am_on_stop_called: [0,com.android.settings.deviceinfo.UsbModeChooserActivity,handleStopActivity]
11-11 07:31:53.167  1521  1521 I notification_cancel: [10042,1910,com.android.systemui,2,low_battery,-1,0,1088,8,NULL]
11-11 07:31:53.167  1521  1521 I notification_cancel: [10042,1910,com.android.systemui,3,low_battery,-1,0,1088,8,NULL]
11-11 07:31:53.167  1521  1521 I notification_cancel: [10042,1910,com.android.systemui,2,low_battery,-1,0,1088,8,NULL]
11-11 07:31:53.167  1521  1521 I notification_cancel: [10042,1910,com.android.systemui,3,low_battery,-1,0,1088,8,NULL]
11-11 07:31:53.687  1910  2380 I sysui_multi_action: [757,1093,758,4,793,1000,1094,18923648,1095,6]
11-11 07:31:55.677  1910  2380 I sysui_multi_action: [757,1093,758,4,793,1996,1094,18923648,1095,6]
11-11 07:31:56.687  1910  2380 I sysui_multi_action: [757,1093,758,4,793,1007,1094,18923648,1095,6]
11-11 07:31:57.697  1910  2380 I sysui_multi_action: [757,1093,758,4,793,1007,1094,18923648,1095,6]
11-11 07:31:59.697  1910  2380 I sysui_multi_action: [757,1093,758,4,793,2000,1094,18923648,1095,6]
11-11 07:32:01.067  1910  2380 I sysui_multi_action: [757,1093,758,4,793,1378,1094,18923648,1095,6]
11-11 07:32:03.707  1910  2380 I sysui_multi_action: [757,1093,758,4,793,2631,1094,18923648,1095,6]
11-11 07:32:05.707  1910  2380 I sysui_multi_action: [757,1093,758,4,793,2001,1094,18923648,1095,6]
11-11 07:32:07.717  1521  1563 I power_sleep_requested: 0
11-11 07:32:08.027  1521  1559 I sysui_view_visibility: [223,100]
11-11 07:32:08.027  1521  1559 I sysui_multi_action: [757,223,758,1]
11-11 07:32:08.067  1521  1521 I sysui_multi_action: [757,198,758,2,759,3]
11-11 07:32:08.067  1521  1521 I power_screen_state: [0,3,0,0,0]
11-11 07:32:08.067  1521  1521 I screen_toggled: 0
11-11 07:32:08.067  1521  1521 I sysui_histogram: [screen_timeout,60]
11-11 07:32:08.067  1521  1521 I sysui_multi_action: [757,804,799,screen_timeout,801,60,802,1]
11-11 07:32:08.067  1521  1521 I power_screen_broadcast_send: 1
11-11 07:32:08.197  1521  3100 I netstats_mobile_sample: [7214,25,2658,28,7214,25,2658,28,7214,25,2658,28,1541892728270]
11-11 07:32:08.197  1521  3100 I netstats_wifi_sample: [13735069,15056,1908219,13632,13647897,13012,1716979,13564,13647897,13012,1716979,13564,1541892728270]
11-11 07:32:08.207  1521  3082 I netstats_mobile_sample: [7214,25,2658,28,7214,25,2658,28,7214,25,2658,28,1541892728286]
11-11 07:32:08.207  1521  3082 I netstats_wifi_sample: [13735069,15056,1908219,13632,13647897,13012,1716979,13564,13647897,13012,1716979,13564,1541892728286]
11-11 07:32:08.217  1521  3100 I sysui_view_visibility: [127,0]
11-11 07:32:08.217  1521  3100 I sysui_multi_action: [757,127,758,2]
11-11 07:32:08.217  1521  3100 I notification_panel_hidden: 
11-11 07:32:08.227  1521  3100 I netstats_mobile_sample: [7214,25,2658,28,7214,25,2658,28,7214,25,2658,28,1541892728300]
11-11 07:32:08.227  1521  3100 I netstats_wifi_sample: [13735069,15056,1908219,13632,13647897,13012,1716979,13564,13647897,13012,1716979,13564,1541892728300]
11-11 07:32:08.237  1521  3100 I netstats_mobile_sample: [7214,25,2658,28,7214,25,2658,28,7214,25,2658,28,1541892728307]
11-11 07:32:08.237  1521  3100 I netstats_wifi_sample: [13735069,15056,1908219,13632,13647897,13012,1716979,13564,13647897,13012,1716979,13564,1541892728307]
11-11 07:32:08.247  1521  1908 I netstats_mobile_sample: [7214,25,2658,28,7214,25,2658,28,7214,25,2658,28,1541892728318]
11-11 07:32:08.247  1521  1908 I netstats_wifi_sample: [13735069,15056,1908219,13632,13647897,13012,1716979,13564,13647897,13012,1716979,13564,1541892728318]
11-11 07:32:08.257  1521  1908 I netstats_mobile_sample: [7214,25,2658,28,7214,25,2658,28,7214,25,2658,28,1541892728333]
11-11 07:32:08.257  1521  1908 I netstats_wifi_sample: [13735069,15056,1908219,13632,13647897,13012,1716979,13564,13647897,13012,1716979,13564,1541892728333]
11-11 07:32:08.267  1521  1908 I netstats_mobile_sample: [7214,25,2658,28,7214,25,2658,28,7214,25,2658,28,1541892728346]
11-11 07:32:08.267  1521  1908 I netstats_wifi_sample: [13735069,15056,1908219,13632,13647897,13012,1716979,13564,13647897,13012,1716979,13564,1541892728346]
11-11 07:32:08.287  1521  1908 I netstats_mobile_sample: [7214,25,2658,28,7214,25,2658,28,7214,25,2658,28,1541892728362]
11-11 07:32:08.287  1521  1908 I netstats_wifi_sample: [13735069,15056,1908219,13632,13647897,13012,1716979,13564,13647897,13012,1716979,13564,1541892728362]
11-11 07:32:08.297  1521  3100 I netstats_mobile_sample: [7214,25,2658,28,7214,25,2658,28,7214,25,2658,28,1541892728375]
11-11 07:32:08.297  1521  3100 I netstats_wifi_sample: [13735069,15056,1908219,13632,13647897,13012,1716979,13564,13647897,13012,1716979,13564,1541892728375]
11-11 07:32:08.317  1521  3100 I netstats_mobile_sample: [7214,25,2658,28,7214,25,2658,28,7214,25,2658,28,1541892728393]
11-11 07:32:08.317  1521  3100 I netstats_wifi_sample: [13735069,15056,1908219,13632,13647897,13012,1716979,13564,13647897,13012,1716979,13564,1541892728393]
11-11 07:32:08.337  1521  1908 I netstats_mobile_sample: [7214,25,2658,28,7214,25,2658,28,7214,25,2658,28,1541892728411]
