11-11 07:13:43.267  1521  1552 I sync    : [com.android.contacts,0,4,132323836]
11-11 07:13:43.277  1521  1552 I am_uid_running: 10073
11-11 07:13:43.327  1521  1552 I am_proc_start: [0,5247,10073,com.google.process.gapps,service,com.google.android.syncadapters.contacts/.ContactsSyncAdapterService]
11-11 07:13:43.327  1521  2711 I am_proc_bound: [0,5234,com.zte.tensorflow.aizteservice:remote]
11-11 07:13:43.327  1521  3141 I am_proc_bound: [0,5247,com.google.process.gapps]
11-11 07:13:43.337  1521  1552 I sync    : [com.google.android.gms.fitness,0,4,132323836]
11-11 07:13:43.357  1521  1552 I sync    : [com.gotokeep.keep.provider.EmptyAccountContentProvider,0,4,2334629]
11-11 07:13:43.357  1521  1552 I sync    : [com.google.android.gms.photos.iu.EsGoogleIuProvider,0,4,132323836]
11-11 07:13:43.367  1521  1552 I sync    : [com.google.android.gms.games.background,0,4,132323836]
11-11 07:13:43.387  1910  1910 I sysui_count: [panel_open_qs,1]
11-11 07:13:43.387  1910  1910 I sysui_multi_action: [757,803,799,panel_open_qs,802,1]
11-11 07:13:43.387  1521  1552 I sync    : [com.google.android.gms.photos.iu.EsGoogleIuProvider,1,4,132323836]
11-11 07:13:43.387  1521  1521 I notification_cancel: [1000,1521,android,18,-1835188102,0,0,0,8,NULL]
11-11 07:13:43.387  1521  1552 I sync    : [com.google.android.gms.games.background,1,4,132323836]
11-11 07:13:43.387  1521  1521 I notification_cancel: [1000,1521,android,18,1511166296,0,0,0,8,NULL]
11-11 07:13:43.397  1521  1552 I sync    : [com.sina.weibo.sync.authority,0,4,394525637]
11-11 07:13:43.397  1910  1910 I sysui_count: [panel_open,1]
11-11 07:13:43.397  1910  1910 I sysui_multi_action: [757,803,799,panel_open,802,1]
11-11 07:13:43.397  1521  1552 I sync    : [com.alibaba.android.rimet.syncadapter.provider,0,4,133862058]
11-11 07:13:43.417  1521  5266 I sysui_histogram: [boot_mount_all_duration_default,91]
11-11 07:13:43.417  1521  5266 I sysui_multi_action: [757,804,799,boot_mount_all_duration_default,801,91,802,1]
11-11 07:13:43.417  1521  5266 I sysui_histogram: [boot_fs_stat_dsp_b,3]
11-11 07:13:43.417  1521  5266 I sysui_multi_action: [757,804,799,boot_fs_stat_dsp_b,801,3,802,1]
11-11 07:13:43.417  1521  5266 I sysui_histogram: [boot_fs_stat_persist,11]
11-11 07:13:43.417  1521  5266 I sysui_multi_action: [757,804,799,boot_fs_stat_persist,801,11,802,1]
11-11 07:13:43.417  1521  5266 I sysui_histogram: [boot_fs_stat_cache,11]
11-11 07:13:43.417  1521  5266 I sysui_multi_action: [757,804,799,boot_fs_stat_cache,801,11,802,1]
11-11 07:13:43.417  1521  3152 I am_proc_start: [0,5270,1000,com.qualcomm.display,broadcast,com.qualcomm.cabl/.CABLReceiver]
11-11 07:13:43.427  1521  3152 I am_proc_bound: [0,5270,com.qualcomm.display]
11-11 07:13:43.437  1521  1552 I sync    : [com.android.contacts,1,4,132323836]
11-11 07:13:43.437  1521  1521 I notification_cancel: [1000,1521,android,18,-444974812,0,0,0,8,NULL]
11-11 07:13:43.437  1521  1521 I am_uid_active: 10012
11-11 07:13:43.447  1910  1910 I sysui_count: [panel_open_qs,1]
11-11 07:13:43.447  1910  1910 I sysui_multi_action: [757,803,799,panel_open_qs,802,1]
11-11 07:13:43.457  1521  1552 I sync    : [org.zx.dummy,0,2,-176821342]
11-11 07:13:43.467  1521  1552 I sync    : [com.google.android.gms.drive.sync,0,4,132323836]
11-11 07:13:43.477  1521  1552 I sync    : [com.google.android.gms.drive.sync,1,4,132323836]
11-11 07:13:43.477  1521  1521 I notification_cancel: [1000,1521,android,18,-1730274980,0,0,0,8,NULL]
11-11 07:13:43.477  1521  1552 I sync    : [com.google.android.gms.games,0,4,132323836]
11-11 07:13:43.477  1910  1910 I sysui_count: [panel_open_qs,1]
11-11 07:13:43.477  1910  1910 I sysui_multi_action: [757,803,799,panel_open_qs,802,1]
11-11 07:13:43.477  1521  1552 I sync    : [com.google.android.gms.games,1,4,132323836]
11-11 07:13:43.477  1521  1521 I notification_cancel: [1000,1521,android,18,1486081250,0,0,0,8,NULL]
11-11 07:13:43.487  1521  1552 I sync    : [com.google.android.gms.fitness,1,4,132323836]
11-11 07:13:43.487  1521  1521 I notification_cancel: [1000,1521,android,18,779151675,0,0,0,8,NULL]
11-11 07:13:43.487  1521  1552 I sync    : [org.zx.dummy,1,2,-176821342]
11-11 07:13:43.497  1910  1910 I sysui_count: [panel_open_qs,1]
11-11 07:13:43.497  1910  1910 I sysui_multi_action: [757,803,799,panel_open_qs,802,1]
11-11 07:13:43.497  1521  1521 I notification_cancel: [1000,1521,android,18,-1444570984,0,0,0,8,NULL]
11-11 07:13:43.497  1521  1552 I sync    : [com.android.contacts,0,4,132323836]
11-11 07:13:43.497  1521  1552 I sync    : [com.google.android.gms.games,0,2,132323836]
11-11 07:13:43.507  1910  1910 I sysui_count: [panel_open_qs,1]
11-11 07:13:43.507  1910  1910 I sysui_multi_action: [757,803,799,panel_open_qs,802,1]
11-11 07:13:43.527  1521  2711 I am_proc_start: [0,5323,10016,com.google.android.play.games.ui,content provider,com.google.android.gms/.games.provider.NotificationStubContentProvider]
11-11 07:13:43.527  1910  1910 I sysui_count: [panel_open_qs,1]
11-11 07:13:43.527  1910  1910 I sysui_multi_action: [757,803,799,panel_open_qs,802,1]
11-11 07:13:43.527  1521  2103 I sysui_view_visibility: [127,100]
11-11 07:13:43.527  1521  2103 I sysui_multi_action: [757,127,758,1]
11-11 07:13:43.537  1521  2103 I sysui_histogram: [note_load,0]
11-11 07:13:43.537  1521  2103 I sysui_multi_action: [757,804,799,note_load,801,0,802,1]
11-11 07:13:43.537  1521  2103 I notification_panel_revealed: 0
11-11 07:13:43.537  1521  3126 I am_proc_bound: [0,5323,com.google.android.play.games.ui]
11-11 07:13:43.547  1910  1910 I sysui_count: [panel_open_qs,1]
11-11 07:13:43.557  1910  1910 I sysui_multi_action: [757,803,799,panel_open_qs,802,1]
11-11 07:13:43.557  1910  1910 I sysui_count: [panel_open_qs,1]
11-11 07:13:43.557  1910  1910 I sysui_multi_action: [757,803,799,panel_open_qs,802,1]
11-11 07:13:43.597  1521  3126 I am_wtf  : [0,1521,system_server,-1,ActivityManager,Sending non-protected broadcast com.zte.nvbar.forbidden.call from system 3108:com.android.dialer/u0a9 pkg com.android.dialer]
11-11 07:13:43.607  1521  3126 I am_wtf  : [0,1521,system_server,-1,ActivityManager,Sending non-protected broadcast com.zte.nvbar.forbidden.call from system 3108:com.android.dialer/u0a9 pkg com.android.dialer]
11-11 07:13:43.637  1521  1552 I sync    : [com.google.android.gms.photos.iu.EsGoogleIuProvider,0,2,132323836]
11-11 07:13:43.637  1521  1521 I notification_cancel: [1001,2084,com.android.phone,1000,NULL,0,0,1088,8,NULL]
11-11 07:13:43.637  1521  1521 I notification_cancel: [1001,2084,com.android.phone,1001,NULL,0,0,1088,8,NULL]
11-11 07:13:43.637  1521  1521 I notification_cancel: [1001,2084,com.android.phone,1000,NULL,0,0,1088,8,NULL]
11-11 07:13:43.637  1521  1521 I notification_cancel: [1001,2084,com.android.phone,1001,NULL,0,0,1088,8,NULL]
11-11 07:13:43.667  1521  1552 I sync    : [com.google.android.gms.games,1,2,132323836]
11-11 07:13:43.667  1521  1521 I notification_cancel: [1000,1521,android,18,1486081250,0,0,0,8,NULL]
11-11 07:13:43.667  1521  1552 I sync    : [com.google.android.gms.drive.sync,0,2,132323836]
11-11 07:13:43.707  1521  1521 I notification_cancel: [1001,2084,com.android.phone,4,1,0,0,1088,8,NULL]
11-11 07:13:43.707  1521  1521 I notification_cancel: [1001,2084,com.android.phone,3,1,0,0,1088,8,NULL]
11-11 07:13:43.727  1521  1521 I notification_cancel: [10016,5323,com.google.android.gms,10436,NOT_MNC,0,0,1088,8,NULL]
11-11 07:13:43.727  1521  1521 I notification_cancel: [10016,5323,com.google.android.gms,39789,NOT_MNC,0,0,1088,8,NULL]
11-11 07:13:43.727  1521  1521 I notification_cancel: [1001,2084,com.android.phone,1000,NULL,0,0,1088,8,NULL]
11-11 07:13:43.727  1521  1521 I notification_cancel: [1001,2084,com.android.phone,1001,NULL,0,0,1088,8,NULL]
11-11 07:13:43.727  1521  1521 I notification_cancel: [1001,2084,com.android.phone,1000,NULL,0,0,1088,8,NULL]
11-11 07:13:43.727  1521  1521 I notification_cancel: [1001,2084,com.android.phone,1001,NULL,0,0,1088,8,NULL]
11-11 07:13:43.767  1521  1553 I am_uid_running: 10066
11-11 07:13:43.777  1521  1553 I am_proc_start: [0,5384,10066,com.android.calendar,broadcast,com.android.calendar/.chinesefestivalalert.ChineseFestivalAlertReceiver]
11-11 07:13:43.787  1521  1552 I sync    : [com.google.android.gms.photos.iu.EsGoogleIuProvider,1,2,132323836]
11-11 07:13:43.787  1521  1521 I notification_cancel: [1000,1521,android,18,-1835188102,0,0,0,8,NULL]
11-11 07:13:43.787  1521  1552 I sync    : [com.google.android.gms.games.background,0,2,132323836]
11-11 07:13:43.787  1521  1521 I notification_cancel: [1001,2084,com.android.phone,4,1,0,0,1088,8,NULL]
11-11 07:13:43.787  1521  1521 I notification_cancel: [1001,2084,com.android.phone,3,1,0,0,1088,8,NULL]
11-11 07:13:43.797  1521  3141 I am_proc_bound: [0,5384,com.android.calendar]
11-11 07:13:43.807  1521  1552 I sync    : [com.google.android.gms.games.background,1,2,132323836]
11-11 07:13:43.807  1521  1521 I notification_cancel: [1000,1521,android,18,1511166296,0,0,0,8,NULL]
11-11 07:13:43.807  1521  1552 I sync    : [com.google.android.gms.games.background,0,4,132323836]
11-11 07:13:43.817  1521  1552 I sync    : [com.google.android.gms.games.background,1,4,132323836]
11-11 07:13:43.827  1521  1521 I notification_cancel: [1000,1521,android,18,1511166296,0,0,0,8,NULL]
11-11 07:13:43.837  1521  1552 I sync    : [com.google.android.gms.fitness,0,4,132323836]
11-11 07:13:43.867  1521  1552 I sync    : [com.google.android.gms.fitness,1,4,132323836]
11-11 07:13:43.867  1521  1521 I notification_cancel: [1000,1521,android,18,779151675,0,0,0,8,NULL]
11-11 07:13:43.877  1521  1552 I sync    : [com.google.android.gms.games,0,4,132323836]
11-11 07:13:43.907  1521  1552 I sync    : [com.google.android.gms.games,1,4,132323836]
11-11 07:13:43.907  1521  1521 I notification_cancel: [1000,1521,android,18,1486081250,0,0,0,8,NULL]
11-11 07:13:43.907  1521  1552 I sync    : [com.google.android.gms.photos.iu.EsGoogleIuProvider,0,4,132323836]
11-11 07:13:43.917  1521  1552 I sync    : [com.google.android.gms.photos.iu.EsGoogleIuProvider,1,4,132323836]
11-11 07:13:43.917  1521  1521 I notification_cancel: [1000,1521,android,18,-1835188102,0,0,0,8,NULL]
11-11 07:13:43.947  1521  1521 I notification_cancel: [10016,2974,com.google.android.gms,1,FSA2_CONTACTS_PERMISSION_NOTIFICATION,0,0,1088,8,NULL]
11-11 07:13:44.047  1521  1521 I notification_cancel: [10066,5384,com.android.calendar,0,NULL,0,0,1088,8,NULL]
11-11 07:13:44.047  1521  1521 I notification_cancel: [10066,5384,com.android.calendar,1,NULL,0,0,1088,8,NULL]
11-11 07:13:44.047  1521  1521 I notification_cancel: [10066,5384,com.android.calendar,2,NULL,0,0,1088,8,NULL]
11-11 07:13:44.057  1521  1521 I notification_cancel: [10066,5384,com.android.calendar,3,NULL,0,0,1088,8,NULL]
11-11 07:13:44.057  1521  1521 I notification_cancel: [10066,5384,com.android.calendar,4,NULL,0,0,1088,8,NULL]
11-11 07:13:44.057  1521  1521 I notification_cancel: [10066,5384,com.android.calendar,5,NULL,0,0,1088,8,NULL]
11-11 07:13:44.057  1521  1521 I notification_cancel: [10066,5384,com.android.calendar,6,NULL,0,0,1088,8,NULL]
11-11 07:13:44.057  1521  1521 I notification_cancel: [10066,5384,com.android.calendar,7,NULL,0,0,1088,8,NULL]
11-11 07:13:44.057  1521  1521 I notification_cancel: [10066,5384,com.android.calendar,8,NULL,0,0,1088,8,NULL]
11-11 07:13:44.057  1521  1521 I notification_cancel: [10066,5384,com.android.calendar,9,NULL,0,0,1088,8,NULL]
11-11 07:13:44.057  1521  1521 I notification_cancel: [10066,5384,com.android.calendar,10,NULL,0,0,1088,8,NULL]
11-11 07:13:44.057  1521  1521 I notification_cancel: [10066,5384,com.android.calendar,11,NULL,0,0,1088,8,NULL]
11-11 07:13:44.057  1521  1521 I notification_cancel: [10066,5384,com.android.calendar,12,NULL,0,0,1088,8,NULL]
11-11 07:13:44.057  1521  1521 I notification_cancel: [10066,5384,com.android.calendar,13,NULL,0,0,1088,8,NULL]
11-11 07:13:44.057  1521  1521 I notification_cancel: [10066,5384,com.android.calendar,14,NULL,0,0,1088,8,NULL]
11-11 07:13:44.057  1521  1521 I notification_cancel: [10066,5384,com.android.calendar,15,NULL,0,0,1088,8,NULL]
11-11 07:13:44.057  1521  1521 I notification_cancel: [10066,5384,com.android.calendar,16,NULL,0,0,1088,8,NULL]
11-11 07:13:44.057  1521  1521 I notification_cancel: [10066,5384,com.android.calendar,17,NULL,0,0,1088,8,NULL]
11-11 07:13:44.057  1521  1521 I notification_cancel: [10066,5384,com.android.calendar,18,NULL,0,0,1088,8,NULL]
11-11 07:13:44.057  1521  1521 I notification_cancel: [10066,5384,com.android.calendar,19,NULL,0,0,1088,8,NULL]
11-11 07:13:44.057  1521  1521 I notification_cancel: [10066,5384,com.android.calendar,20,NULL,0,0,1088,8,NULL]
11-11 07:13:44.087  1521  1552 I sync    : [com.google.android.gms.drive.sync,1,2,132323836]
11-11 07:13:44.087  1521  1521 I notification_cancel: [1000,1521,android,18,-1730274980,0,0,0,8,NULL]
11-11 07:13:44.097  1521  1552 I sync    : [com.google.android.gms.drive.sync,0,4,132323836]
11-11 07:13:44.097  1521  1521 I notification_cancel: [10016,2974,com.google.android.gms,10436,NULL,0,0,1088,8,NULL]
11-11 07:13:44.107  1521  1552 I sync    : [com.google.android.gms.drive.sync,1,4,132323836]
11-11 07:13:44.107  1521  1521 I notification_cancel: [1000,1521,android,18,-1730274980,0,0,0,8,NULL]
11-11 07:13:44.127  1521  2711 I am_proc_start: [0,5443,1000,com.android.deftdeviceregister,broadcast,com.android.deftdeviceregister/.DeftSelfRegistIpReceiver]
11-11 07:13:44.127  1521  2711 I am_proc_bound: [0,5443,com.android.deftdeviceregister]
11-11 07:13:44.247  1910  1910 I sysui_view_visibility: [111,100]
11-11 07:13:44.247  1910  1910 I sysui_multi_action: [757,111,758,1]
11-11 07:13:44.247  1910  1910 I sysui_multi_action: [757,0,758,1,759,0,833,1,927,0]
11-11 07:13:44.247  1910  1910 I sysui_multi_action: [757,126,758,1,759,126,833,1,927,1]
11-11 07:13:44.247  1910  1910 I sysui_multi_action: [757,111,758,1,759,111,833,1,927,2,928,1]
11-11 07:13:44.247  1910  1910 I sysui_multi_action: [757,122,758,1,759,122,833,1,927,3,928,1]
11-11 07:13:44.247  1910  1910 I sysui_multi_action: [757,113,758,1,759,113,833,1,927,4]
11-11 07:13:44.247  1910  1910 I sysui_multi_action: [757,126,758,1,759,126,833,1,927,5]
11-11 07:13:44.247  1910  1910 I sysui_multi_action: [757,112,758,1,759,112,833,1,927,6,928,0]
11-11 07:13:44.247  1910  1910 I sysui_multi_action: [757,120,758,1,759,120,833,1,927,7]
11-11 07:13:44.247  1910  1910 I sysui_multi_action: [757,0,758,1,759,0,833,1,927,8]
11-11 07:13:44.247  1910  1910 I sysui_multi_action: [757,119,758,1,759,119,833,1,927,9]
11-11 07:13:44.247  1910  1910 I sysui_multi_action: [757,0,758,1,759,0,833,1,927,10,928,0]
11-11 07:13:44.247  1910  1910 I sysui_multi_action: [757,0,758,1,759,0,833,1,927,11,928,0]
11-11 07:13:44.247  1910  1910 I sysui_multi_action: [757,123,758,1,759,123,833,0,927,12,928,0]
11-11 07:13:44.247  1910  1910 I sysui_multi_action: [757,111,758,1,759,111,833,0,927,13]
11-11 07:13:44.247  1910  1910 I sysui_multi_action: [757,111,758,1,759,111,833,0,927,14]
11-11 07:13:44.247  1910  1910 I sysui_multi_action: [757,111,758,1,759,111,833,0,927,15]
11-11 07:13:44.247  1910  1910 I sysui_multi_action: [757,118,758,1,759,118,833,0,927,16,928,0]
11-11 07:13:44.247  1910  1910 I sysui_multi_action: [757,111,758,1,759,111,833,0,927,17]
11-11 07:13:44.247  1910  1910 I sysui_multi_action: [757,111,758,1,759,111,833,0,927,18]
11-11 07:13:44.247  1910  1910 I sysui_multi_action: [757,268,758,1,759,268,806,com.moji.zteweather,833,0,871,com.moji.mjweather.quicksetting.MJQSWeatherTileService,927,19]
11-11 07:13:44.247  1910  1910 I sysui_view_visibility: [111,100]
11-11 07:13:44.247  1910  1910 I sysui_multi_action: [757,111,758,1]
11-11 07:13:44.247  1910  1910 I sysui_multi_action: [757,0,758,1,759,0,833,1,927,0]
11-11 07:13:44.247  1910  1910 I sysui_multi_action: [757,126,758,1,759,126,833,1,927,1]
11-11 07:13:44.247  1910  1910 I sysui_multi_action: [757,111,758,1,759,111,833,1,927,2,928,1]
11-11 07:13:44.247  1910  1910 I sysui_multi_action: [757,122,758,1,759,122,833,1,927,3,928,1]
11-11 07:13:44.267  1910  2380 I sysui_multi_action: [757,1093,758,4,793,3853,1094,16826496,1095,5]
11-11 07:13:44.907  1521  1552 I am_pss  : [2414,1001,com.qualcomm.qcrilmsgtunnel,3717120,3002368,0]
11-11 07:13:45.167  1521  1552 I am_pss  : [2490,10088,com.zte.theme,2851840,2326528,0]
11-11 07:13:45.477  1521  3151 I am_wtf  : [0,1521,system_server,-1,ActivityManager,Sending non-protected broadcast zte.cn.bluetooth.action.HEADSET_BATTERY_LEVEL from system 2943:com.android.bluetooth/1002 pkg com.android.bluetooth]
11-11 07:13:45.477  1521  3151 I am_wtf  : [0,1521,system_server,-1,ActivityManager,Sending non-protected broadcast zte.cn.bluetooth.action.HEADSET_BATTERY_LEVEL from system 2943:com.android.bluetooth/1002 pkg com.android.bluetooth]
11-11 07:13:45.487  1910  2380 I sysui_multi_action: [757,1093,758,4,793,1221,1094,16826496,1095,5]
11-11 07:13:46.207  1521  1521 I notification_cancel: [10042,1910,com.android.systemui,2,low_battery,-1,0,1088,8,NULL]
11-11 07:13:46.207  1521  1521 I notification_cancel: [10042,1910,com.android.systemui,3,low_battery,-1,0,1088,8,NULL]
11-11 07:13:46.507  1910  2380 I sysui_multi_action: [757,1093,758,4,793,1021,1094,16826496,1095,5]
11-11 07:13:47.177  1521  1552 I am_pss  : [2943,1002,com.android.bluetooth,17231872,15310848,0]
11-11 07:13:47.287  1521  1552 I am_pss  : [2022,10016,com.google.android.gms.persistent,34061312,24322048,0]
11-11 07:13:47.317  1910  1910 I sysui_action: [406,]
11-11 07:13:47.317  1910  1910 I sysui_multi_action: [757,406,758,4]
11-11 07:13:47.327  1521  3151 I wm_task_created: [3344,1]
11-11 07:13:47.327  1521  3151 I wm_task_moved: [3344,1,1]
11-11 07:13:47.327  1521  3151 I am_focused_stack: [0,1,0,reuseOrNewTask]
11-11 07:13:47.327  1521  3151 I wm_task_moved: [3344,1,1]
11-11 07:13:47.327  1521  3151 I am_create_task: [0,3344]
11-11 07:13:47.327  1521  3151 I am_create_activity: [0,168121604,3344,com.android.settings/.Settings,android.settings.SETTINGS,NULL,NULL,335544320]
11-11 07:13:47.327  1521  3151 I wm_task_moved: [3344,1,1]
11-11 07:13:47.327  1521  3151 I am_pause_activity: [0,116116113,com.zte.mifavor.launcher/com.android.launcher3.Launcher]
11-11 07:13:47.337  3237  3237 I am_on_paused_called: [0,com.android.launcher3.Launcher,handlePauseActivity_pauseBackStacks]
11-11 07:13:47.337  1521  3100 I am_restart_activity: [0,168121604,3344,com.android.settings/.Settings]
11-11 07:13:47.347  1521  3100 I am_set_resumed_activity: [0,com.android.settings/.Settings,minimalResumeActivityLocked]
11-11 07:13:47.347  1521  1553 I sysui_count: [window_time_0,9]
11-11 07:13:47.347  1521  1553 I sysui_multi_action: [757,803,799,window_time_0,802,9]
11-11 07:13:47.447  2202  2202 I sysui_multi_action: [757,35,758,1,833,0]
11-11 07:13:47.457  2202  2202 I am_on_resume_called: [0,com.android.settings.Settings,LAUNCH_ACTIVITY]
11-11 07:13:47.487  1521  3151 I am_uid_running: 10077
11-11 07:13:47.497  1521  3151 I am_proc_start: [0,5650,10077,com.android.inputmethod.latin,broadcast,com.android.inputmethod.latin/.SystemBroadcastReceiver]
11-11 07:13:47.507  1521  3151 I am_proc_bound: [0,5650,com.android.inputmethod.latin]
11-11 07:13:47.527  1521  1561 I sysui_multi_action: [319,73,321,72,322,204,325,76,757,761,758,8,759,1,806,com.android.settings,871,com.android.settings.Settings,904,com.android.systemui,905,0]
11-11 07:13:47.527  1521  1561 I am_activity_launch_time: [0,168121604,com.android.settings/.Settings,183,20921]
11-11 07:13:47.577  1521  3151 I am_proc_died: [0,5650,com.android.inputmethod.latin,0,12]
11-11 07:13:47.587  1521  3151 I am_broadcast_discard_app: [0,252543016,android.intent.action.BOOT_COMPLETED,39,ResolveInfo{eb03cfc com.android.inputmethod.latin/.SystemBroadcastReceiver m=0x108000}]
11-11 07:13:47.587  1521  3151 I am_uid_stopped: 10077
11-11 07:13:47.587  1521  1553 I am_uid_running: 10028
11-11 07:13:47.597  1521  1553 I am_proc_start: [0,5669,10028,com.android.managedprovisioning,broadcast,com.android.managedprovisioning/.preprovisioning.BootReminder]
11-11 07:13:47.597  1521  2711 I am_proc_bound: [0,5669,com.android.managedprovisioning]
11-11 07:13:47.597  1910  1910 I sysui_view_visibility: [111,0]
11-11 07:13:47.597  1910  1910 I sysui_multi_action: [757,111,758,2]
11-11 07:13:47.597  1910  1910 I sysui_view_visibility: [111,0]
11-11 07:13:47.597  1910  1910 I sysui_multi_action: [757,111,758,2]
11-11 07:13:47.617  1521  1553 I am_stop_activity: [0,116116113,com.zte.mifavor.launcher/com.android.launcher3.Launcher]
11-11 07:13:47.627  3237  3237 I am_on_stop_called: [0,com.android.launcher3.Launcher,handleStopActivity]
11-11 07:13:47.647  1521  3151 I am_proc_start: [0,5684,1000,com.android.mipop,broadcast,com.android.mipop/.ZTEUserSwitchReceiver]
11-11 07:13:47.657  1521  3151 I am_proc_bound: [0,5684,com.android.mipop]
11-11 07:13:47.677  1521  1521 I notification_cancel: [10042,1910,com.android.systemui,2,low_battery,-1,0,1088,8,NULL]
11-11 07:13:47.677  1521  1521 I notification_cancel: [10042,1910,com.android.systemui,3,low_battery,-1,0,1088,8,NULL]
11-11 07:13:47.697  1521  1552 I am_pss  : [3206,10090,com.android.smspush,2924544,2363392,0]
11-11 07:13:47.757  1521  3151 I am_proc_start: [0,5698,1000,com.android.mipop:romoteservice,service,com.android.mipop/.RomoteService]
11-11 07:13:47.757  1521  3151 I am_proc_bound: [0,5698,com.android.mipop:romoteservice]
11-11 07:13:47.767  1521  2103 I am_uid_running: 10029
11-11 07:13:47.777  1521  2103 I am_proc_start: [0,5713,10029,com.android.mms,broadcast,com.android.mms/.transaction.MmsSystemEventReceiver]
11-11 07:13:47.777  1521  2103 I am_proc_bound: [0,5713,com.android.mms]
11-11 07:13:47.807  1521  1552 I am_pss  : [3278,10022,com.zte.halo,10214400,8347648,0]
11-11 07:13:47.877  1521  3100 I sysui_view_visibility: [127,0]
11-11 07:13:47.877  1521  3100 I sysui_multi_action: [757,127,758,2]
11-11 07:13:47.877  1521  3100 I notification_panel_hidden: 
11-11 07:13:47.917  1910  2380 I sysui_multi_action: [757,1093,758,4,793,1413,1094,16826496,1095,5]
11-11 07:13:47.947  1521  1552 I am_pss  : [3364,10094,com.yulore.framework,13505536,11612160,0]
11-11 07:13:47.967  1521  3100 I am_uid_running: 10055
11-11 07:13:47.977  1521  3100 I am_proc_start: [0,5749,10055,com.android.packageinstaller,broadcast,com.android.packageinstaller/.TemporaryFileManager]
11-11 07:13:47.977  1521  2105 I force_gc: Binder
11-11 07:13:47.977  1521  3151 I am_proc_bound: [0,5749,com.android.packageinstaller]
11-11 07:13:47.987  1521  1521 I notification_cancel: [10029,5713,com.android.mms,123,com.android.mms:sms:,0,0,1088,8,NULL]
11-11 07:13:48.117  1521  3100 I am_uid_running: 10021
11-11 07:13:48.137  1521  3100 I am_proc_start: [0,5775,10021,com.android.vending,broadcast,com.android.vending/com.google.android.finsky.boothandler.BootCompletedReceiver]
11-11 07:13:48.137  1521  2103 I am_proc_bound: [0,5775,com.android.vending]
11-11 07:13:48.377  1521  1552 I am_pss  : [3458,10003,com.android.contacts,17251328,15167488,0]
11-11 07:13:48.617  1521  1521 I notification_cancel_all: [1000,1521,com.android.vending,0,0,0,17,NULL]
11-11 07:13:48.637  1521  1521 I notification_cancel_all: [1000,1521,com.android.vending,0,0,0,17,NULL]
11-11 07:13:48.637  1521  1521 I notification_cancel_all: [1000,1521,com.android.vending,0,0,0,17,NULL]
11-11 07:13:48.637  1521  1521 I notification_cancel_all: [1000,1521,com.android.vending,0,0,0,17,NULL]
11-11 07:13:48.757  1521  1521 I notification_cancel: [10021,5775,com.android.vending,-1050172287,NULL,0,0,1088,8,NULL]
11-11 07:13:48.767  1521  3100 I am_mem_factor: [0,1]
11-11 07:13:48.767  1521  1552 I am_pss  : [3291,10023,com.zte.heartyservice,23080960,20054016,0]
11-11 07:13:48.777  1521  1521 I am_uid_running: 10006
11-11 07:13:48.787  1521  1521 I am_proc_start: [0,5850,10006,com.google.android.configupdater,broadcast,com.google.android.configupdater/.MainReceiver]
11-11 07:13:48.787  1521  1552 I am_pss  : [3614,1000,com.zte.heartyservice.strategy,6733824,6107136,0]
11-11 07:13:48.797  1521  2103 I am_proc_bound: [0,5850,com.google.android.configupdater]
11-11 07:13:48.807  1521  1521 I notification_cancel: [1000,1521,android,37,AccountManagerService:37:686122139,0,0,0,8,NULL]
11-11 07:13:48.807  1521  1521 I notification_cancel: [1000,1521,android,37,AccountManagerService:37:686122139,0,0,0,8,NULL]
11-11 07:13:48.937  1521  1552 I am_pss  : [3677,1000,com.tencent.android.location,4496384,3592192,0]
11-11 07:13:48.967  1521  2105 I am_uid_running: 10018
11-11 07:13:48.977  1521  2105 I am_proc_start: [0,5895,10018,com.google.android.onetimeinitializer,broadcast,com.google.android.onetimeinitializer/.OneTimeInitializerReceiver]
11-11 07:13:48.977  1521  2109 I am_proc_bound: [0,5895,com.google.android.onetimeinitializer]
11-11 07:13:49.067  1521  2711 I am_uid_running: 10019
11-11 07:13:49.087  1521  2711 I am_proc_start: [0,5927,10019,com.google.android.partnersetup,broadcast,com.google.android.partnersetup/.GooglePartnerSetup]
11-11 07:13:49.087  1521  1908 I am_proc_bound: [0,5927,com.google.android.partnersetup]
11-11 07:13:49.107  1521  1552 I sync    : [com.google.android.gms.auth.accountstate,0,3,132323836]
11-11 07:13:49.127  1521  1521 I notification_cancel: [10016,2974,com.google.android.gms,1,UncertifiedNotificationChimeraService,0,0,1088,8,NULL]
11-11 07:13:49.137  1521  1552 I sync    : [com.google.android.gms.auth.accountstate,1,3,132323836]
11-11 07:13:49.137  1521  1521 I notification_cancel: [1000,1521,android,18,-563639719,0,0,0,8,NULL]
11-11 07:13:49.177  1521  1552 I sync    : [com.google.android.gms.auth.api.credentials,0,3,132323836]
11-11 07:13:49.257  1521  1552 I sync    : [com.google.android.gms.auth.api.credentials,1,3,132323836]
11-11 07:13:49.257  1521  1521 I notification_cancel: [1000,1521,android,18,1366796465,0,0,0,8,NULL]
11-11 07:13:49.267  2974  5924 I [70220] : 47122
11-11 07:13:49.277  1521  1552 I sync    : [com.google.android.gms.chromesync,0,3,132323836]
11-11 07:13:49.317  1521  2109 I am_uid_active: 10021
11-11 07:13:49.337  1521  1521 I notification_cancel: [10016,2974,com.google.android.gms,0,com.google.android.gms.auth.TokenNotificationManager:zhoujinxing1007@gmail.com:com.google,0,0,1088,8,NULL]
11-11 07:13:49.377  1521  1552 I sync    : [com.google.android.gms.chromesync,1,3,132323836]
11-11 07:13:49.377  1521  1521 I notification_cancel: [1000,1521,android,18,511121862,0,0,0,8,NULL]
11-11 07:13:49.417  1521  1521 I notification_cancel: [10016,2974,com.google.android.gms,1,com.google.android.gms.update.control.NotificationControl,0,0,1088,8,NULL]
11-11 07:13:49.467  1521  1521 I am_proc_start: [0,5994,1001,com.qualcomm.qti.autoregistration,broadcast,com.qualcomm.qti.autoregistration/.AutoRegReceiver]
11-11 07:13:49.467  1521  2711 I am_proc_bound: [0,5994,com.qualcomm.qti.autoregistration]
11-11 07:13:49.517   570   570 I auditd  : avc:  denied  { find } for interface=vendor.qti.hardware.iop::IIop pid=5994 scontext=u:r:radio:s0 tcontext=u:object_r:hal_iop_hwservice:s0 tclass=hwservice_manager permissive=0
11-11 07:13:49.527  1521  2109 I am_proc_died: [0,5994,com.qualcomm.qti.autoregistration,0,12]
11-11 07:13:49.527  1521  2109 I am_broadcast_discard_app: [0,252543016,android.intent.action.BOOT_COMPLETED,76,ResolveInfo{d800c5c com.qualcomm.qti.autoregistration/.AutoRegReceiver m=0x108000}]
11-11 07:13:49.537  1521  1553 I am_proc_start: [0,6016,1000,com.qualcomm.qti.biometrics.fingerprint.service,broadcast,com.qualcomm.qti.biometrics.fingerprint.service/.ShutdownReceiver]
11-11 07:13:49.547  1521  3141 I am_proc_bound: [0,6016,com.qualcomm.qti.biometrics.fingerprint.service]
11-11 07:13:49.597  1521  1908 I am_proc_start: [0,6042,1000,com.qualcomm.qti.callenhancement,broadcast,com.qualcomm.qti.callenhancement/.BootCompletedReceiver]
11-11 07:13:49.607  1521  3151 I am_proc_bound: [0,6042,com.qualcomm.qti.callenhancement]
11-11 07:13:49.647  1521  1521 I notification_cancel: [10042,1910,com.android.systemui,2,low_battery,-1,0,1088,8,NULL]
11-11 07:13:49.647  1521  1521 I notification_cancel: [10042,1910,com.android.systemui,3,low_battery,-1,0,1088,8,NULL]
11-11 07:13:49.707  1521  1908 I am_proc_start: [0,6066,1001,com.qualcomm.qti.lpa,broadcast,com.qualcomm.qti.lpa/.UimLpaBootReceiver]
11-11 07:13:49.707  1521  3151 I am_proc_bound: [0,6066,com.qualcomm.qti.lpa]
11-11 07:13:49.767   570   570 I auditd  : avc:  denied  { find } for interface=vendor.qti.hardware.iop::IIop pid=6066 scontext=u:r:radio:s0 tcontext=u:object_r:hal_iop_hwservice:s0 tclass=hwservice_manager permissive=0
11-11 07:13:49.797  1521  2105 I am_uid_running: 10098
11-11 07:13:49.807  1521  2105 I am_proc_start: [0,6085,10098,com.qualcomm.qti.qms.service.connectionsecurity,broadcast,com.qualcomm.qti.qms.service.connectionsecurity/.ConnSecBroadcastReceiver]
11-11 07:13:49.807  1521  3141 I am_proc_bound: [0,6085,com.qualcomm.qti.qms.service.connectionsecurity]
11-11 07:13:49.837  1521  2711 I am_proc_died: [0,5684,com.android.mipop,0,11]
11-11 07:13:49.847  1521  1908 I am_proc_died: [0,5698,com.android.mipop:romoteservice,0,11]
11-11 07:13:49.867   570   570 I auditd  : avc:  denied  { find } for interface=vendor.qti.hardware.iop::IIop pid=6085 scontext=u:r:ssg_app:s0:c98,c256,c512,c768 tcontext=u:object_r:hal_iop_hwservice:s0 tclass=hwservice_manager permissive=0
11-11 07:13:49.867  1521  2103 I am_uid_running: 10099
11-11 07:13:49.877  1521  2103 I am_proc_start: [0,6106,10099,com.qualcomm.qti.qms.service.credentials,broadcast,com.qualcomm.qti.qms.service.credentials/com.qualcomm.qti.smcinvokepkgmgr.SmcInvokeBroadcastReceiver]
11-11 07:13:49.887  2022  3967 I gtalk_connection: 16781313
11-11 07:13:49.887  1521  3141 I am_proc_bound: [0,6106,com.qualcomm.qti.qms.service.credentials]
11-11 07:13:49.967   570   570 I auditd  : avc:  denied  { find } for interface=vendor.qti.hardware.iop::IIop pid=6106 scontext=u:r:ssg_app:s0:c99,c256,c512,c768 tcontext=u:object_r:hal_iop_hwservice:s0 tclass=hwservice_manager permissive=0
11-11 07:13:49.977  1521  1908 I am_proc_start: [0,6132,1000,com.qualcomm.qti.smcinvokepkgmgr,broadcast,com.qualcomm.qti.smcinvokepkgmgr/.SmcInvokeBroadcastReceiver]
11-11 07:13:49.987  1521  1908 I am_proc_bound: [0,6132,com.qualcomm.qti.smcinvokepkgmgr]
11-11 07:13:50.047  1521  1553 I am_proc_start: [0,6151,1000,com.zte.cn.doubleapp,broadcast,com.zte.cn.doubleapp/.receiver.BootReceiver]
11-11 07:13:50.057  1521  1908 I am_proc_bound: [0,6151,com.zte.cn.doubleapp]
11-11 07:13:50.187  1521  1908 I am_uid_running: 10020
11-11 07:13:50.197  1521  1908 I am_proc_start: [0,6166,10020,com.zte.halo.app:service,broadcast,com.zte.halo.app/.mainservice.LaunchHaloAppReceiver]
11-11 07:13:50.207  1521  3076 I am_proc_bound: [0,6166,com.zte.halo.app:service]
11-11 07:13:50.397  1521  3076 I am_proc_start: [0,6181,10020,com.zte.halo.app,content provider,com.zte.halo.app/.utils.MyProvider]
11-11 07:13:50.407  1521  1908 I am_proc_bound: [0,6181,com.zte.halo.app]
11-11 07:13:50.517  1521  3076 I am_proc_start: [0,6199,10023,com.zte.heartyservice:boot,broadcast,com.zte.heartyservice/.main.BootCompleteReceiver]
11-11 07:13:50.517  1521  1908 I am_proc_bound: [0,6199,com.zte.heartyservice:boot]
11-11 07:13:50.587  1521  2103 I am_proc_died: [0,6199,com.zte.heartyservice:boot,0,12]
11-11 07:13:50.587  1521  2103 I am_broadcast_discard_app: [0,252543016,android.intent.action.BOOT_COMPLETED,90,ResolveInfo{785ad79 com.zte.heartyservice/.main.BootCompleteReceiver m=0x108000}]
11-11 07:13:50.607  1521  2103 I am_proc_start: [0,6217,1000,com.zte.powersavemode,broadcast,com.zte.powersavemode/.receiver.BootReceiver]
11-11 07:13:50.617  1521  3141 I am_proc_bound: [0,6217,com.zte.powersavemode]
11-11 07:13:50.857  1521  3141 I am_uid_running: 10051
11-11 07:13:50.867  1521  3141 I am_proc_start: [0,6240,10051,com.zte.zdm,broadcast,com.zte.zdm/.application.receiver.DataConnectivityReceiver]
11-11 07:13:50.877  1521  1908 I am_proc_bound: [0,6240,com.zte.zdm]
11-11 07:13:51.337  1521  3141 I am_proc_start: [0,6267,1000,com.zte.zdmdaemon,service,com.zte.zdmdaemon/.binder.DeviceInfoService]
11-11 07:13:51.347  1521  1908 I am_proc_bound: [0,6267,com.zte.zdmdaemon]
11-11 07:13:52.897  1521  1560 I am_uid_running: 10015
11-11 07:13:52.907  1521  1560 I am_proc_start: [0,6297,10015,com.google.android.ext.services,service,com.google.android.ext.services/android.ext.services.storage.CacheQuotaServiceImpl]
11-11 07:13:52.917  1521  1908 I am_proc_bound: [0,6297,com.google.android.ext.services]
11-11 07:13:52.917  1521  1908 I am_uid_active: 10015
11-11 07:13:52.937  1521  1552 I am_pss  : [4176,10035,com.zte.retrieve.service,6532096,5357568,0]
11-11 07:13:52.957  1521  1552 I am_pss  : [4208,10049,com.zte.aliveupdate,5909504,4972544,0]
11-11 07:13:52.967  1521  1552 I am_pss  : [4320,10103,com.moji.zteweather:mjskin,8384512,4677632,0]
11-11 07:13:52.977  1521  1552 I am_pss  : [4164,10040,com.sohu.inputmethod.status,5659648,4632576,0]
11-11 07:13:54.457  2974  5431 I aggregation: 1541891634466
11-11 07:13:54.457  2974  5431 I [70220] : [20,64]
11-11 07:13:54.467  1521  3082 I am_proc_start: [0,6352,10016,com.google.android.gms.ui,service,com.google.android.gms/.chimera.UiIntentOperationService]
11-11 07:13:54.497  1521  3082 I am_proc_bound: [0,6352,com.google.android.gms.ui]
11-11 07:13:54.617  1521  1521 I notification_cancel: [10016,6352,com.google.android.gms,10436,NOT_MNC,0,0,1088,8,NULL]
11-11 07:13:54.617  1521  1521 I notification_cancel: [10016,6352,com.google.android.gms,39789,NOT_MNC,0,0,1088,8,NULL]
11-11 07:13:54.637  1910  2380 I sysui_multi_action: [757,1093,758,4,793,6714,1094,16826496,1095,5]
11-11 07:13:54.637  1521  1521 I notification_cancel: [10016,2022,com.google.android.gms,3,NotificationPresenter,0,0,1088,8,NULL]
11-11 07:13:54.657  1521  1521 I notification_cancel: [10016,2022,com.google.android.gms,3,NotificationPresenter,0,0,1088,8,NULL]
11-11 07:13:54.737  1521  1552 I sync    : [com.google.android.gms.people,0,0,132323836]
11-11 07:13:54.767  1521  3141 I am_proc_start: [0,6411,10016,com.google.android.gms.unstable,service,com.google.android.gms/.droidguard.DroidGuardService]
11-11 07:13:54.777  1521  3152 I am_proc_bound: [0,6411,com.google.android.gms.unstable]
11-11 07:13:54.907  1521  1552 I sync    : [subscribedfeeds,0,0,132323836]
11-11 07:13:54.907  1521  1521 I notification_cancel: [10016,6411,com.google.android.gms,10436,NOT_MNC,0,0,1088,8,NULL]
11-11 07:13:54.907  1521  1521 I notification_cancel: [10016,6411,com.google.android.gms,39789,NOT_MNC,0,0,1088,8,NULL]
11-11 07:13:54.997  3154  3167 I force_gc: Binder
11-11 07:13:55.647  1521  1521 I notification_cancel: [10042,1910,com.android.systemui,2,low_battery,-1,0,1088,8,NULL]
11-11 07:13:55.647  1521  1521 I notification_cancel: [10042,1910,com.android.systemui,3,low_battery,-1,0,1088,8,NULL]
11-11 07:13:56.277  1910  2380 I sysui_multi_action: [757,1093,758,4,793,1641,1094,16826496,1095,5]
11-11 07:13:57.197  1521  3152 I wm_task_moved: [3344,1,1]
11-11 07:13:57.197  1521  3152 I am_create_activity: [0,157439121,3344,com.android.settings/.Settings$PowerUsageSummaryActivity,NULL,NULL,NULL,32768]
11-11 07:13:57.197  1521  3152 I am_pause_activity: [0,168121604,com.android.settings/.Settings]
11-11 07:13:57.207  2202  2202 I sysui_view_visibility: [35,0]
11-11 07:13:57.207  2202  2202 I sysui_multi_action: [757,35,758,2]
11-11 07:13:57.207  2202  2202 I am_on_paused_called: [0,com.android.settings.Settings,handlePauseActivity]
11-11 07:13:57.207  1521  3141 I am_restart_activity: [0,157439121,3344,com.android.settings/.Settings$PowerUsageSummaryActivity]
11-11 07:13:57.207  1521  3141 I am_set_resumed_activity: [0,com.android.settings/.Settings$PowerUsageSummaryActivity,minimalResumeActivityLocked]
11-11 07:13:57.207  1521  1553 I sysui_count: [window_time_0,10]
11-11 07:13:57.207  1521  1553 I sysui_multi_action: [757,803,799,window_time_0,802,10]
11-11 07:13:57.227  1521  1552 I am_pss  : [2854,10065,com.android.carrierdefaultapp,2779136,2387968,0]
11-11 07:13:57.237  1521  1552 I am_pss  : [2544,10026,com.zte.mfvkeyguard,3770368,2928640,0]
11-11 07:13:57.247  1521  2103 I wm_task_created: [3345,1]
11-11 07:13:57.247  1521  2103 I wm_task_moved: [3345,1,2]
11-11 07:13:57.247  1521  2103 I wm_task_moved: [3345,1,2]
11-11 07:13:57.247  1521  2103 I am_create_task: [0,3345]
11-11 07:13:57.247  1521  2103 I am_create_activity: [0,219980947,3345,com.zte.powersavemode/.main.PowerSaveModeActivity,com.zte.powersavemode.intent.action.PowerSaveModeActivity,NULL,NULL,268435456]
11-11 07:13:57.247  1521  2103 I wm_task_moved: [3345,1,2]
11-11 07:13:57.247  1521  2103 I am_pause_activity: [0,157439121,com.android.settings/.Settings$PowerUsageSummaryActivity]
11-11 07:13:57.247  1521  6103 I am_finish_activity: [0,157439121,3344,com.android.settings/.Settings$PowerUsageSummaryActivity,app-request]
11-11 07:13:57.247  1521  1553 I sysui_count: [window_time_0,0]
11-11 07:13:57.247  1521  1553 I sysui_multi_action: [757,803,799,window_time_0,802,0]
11-11 07:13:57.257  1521  3141 I am_restart_activity: [0,219980947,3345,com.zte.powersavemode/.main.PowerSaveModeActivity]
11-11 07:13:57.257  1521  3141 I am_set_resumed_activity: [0,com.zte.powersavemode/.main.PowerSaveModeActivity,minimalResumeActivityLocked]
11-11 07:13:57.257  1521  1553 I sysui_count: [window_time_0,0]
11-11 07:13:57.257  1521  1553 I sysui_multi_action: [757,803,799,window_time_0,802,0]
11-11 07:13:57.267  1521  3141 I wm_task_moved: [3345,1,2]
11-11 07:13:57.267  1521  3141 I am_create_activity: [0,99348164,3345,com.zte.powersavemode/.main.PowerSaveModeActivityMFV,NULL,NULL,NULL,0]
11-11 07:13:57.277  1521  3141 I am_pause_activity: [0,219980947,com.zte.powersavemode/.main.PowerSaveModeActivity]
11-11 07:13:57.277  1521  2103 I am_finish_activity: [0,219980947,3345,com.zte.powersavemode/.main.PowerSaveModeActivity,app-request]
11-11 07:13:57.277  1521  1553 I sysui_count: [window_time_0,0]
11-11 07:13:57.277  1521  1553 I sysui_multi_action: [757,803,799,window_time_0,802,0]
11-11 07:13:57.287  1521  6103 I am_restart_activity: [0,99348164,3345,com.zte.powersavemode/.main.PowerSaveModeActivityMFV]
11-11 07:13:57.287  1521  6103 I am_set_resumed_activity: [0,com.zte.powersavemode/.main.PowerSaveModeActivityMFV,minimalResumeActivityLocked]
11-11 07:13:57.287  1521  1553 I sysui_count: [window_time_0,0]
11-11 07:13:57.287  1521  1553 I sysui_multi_action: [757,803,799,window_time_0,802,0]
11-11 07:13:57.337  6217  6217 I am_on_resume_called: [0,com.zte.powersavemode.main.PowerSaveModeActivityMFV,LAUNCH_ACTIVITY]
11-11 07:13:57.407  1521  1552 I am_pss  : [2202,1000,com.android.settings,92655616,87707648,0]
11-11 07:13:57.567  1521  1561 I sysui_multi_action: [319,51,321,47,322,321,325,86,757,761,758,8,759,1,806,com.zte.powersavemode,871,com.zte.powersavemode.main.PowerSaveModeActivityMFV,904,com.zte.powersavemode,905,0]
11-11 07:13:57.567  1521  1561 I am_activity_launch_time: [0,99348164,com.zte.powersavemode/.main.PowerSaveModeActivityMFV,276,354]
11-11 07:13:57.567  1521  3141 I am_destroy_activity: [0,219980947,3345,com.zte.powersavemode/.main.PowerSaveModeActivity,finish-imm]
11-11 07:13:57.567  1521  3141 I am_destroy_activity: [0,157439121,3344,com.android.settings/.Settings$PowerUsageSummaryActivity,finish-imm]
11-11 07:13:57.567  1521  3141 I am_stop_activity: [0,168121604,com.android.settings/.Settings]
11-11 07:13:57.577  2202  2202 I am_on_stop_called: [0,com.android.settings.Settings,handleStopActivity]
11-11 07:13:57.967  1521  1552 I am_pss  : [3220,10052,com.zte.faceverify:service,5716992,4329472,0]
11-11 07:13:58.517  1521  1552 I am_pss  : [4957,10132,com.baidu.input,39718912,35303424,0]
11-11 07:13:58.927  1521  1521 I notification_cancel: [10042,1910,com.android.systemui,2,low_battery,-1,0,1088,8,NULL]
11-11 07:13:58.927  1521  1521 I notification_cancel: [10042,1910,com.android.systemui,3,low_battery,-1,0,1088,8,NULL]
11-11 07:13:59.217  1521  3141 I am_proc_start: [0,6631,1001,org.codeaurora.ims,broadcast,org.codeaurora.ims/.WifiCallingQuickSettingsReceiver]
11-11 07:13:59.217  1521  3141 I am_proc_bound: [0,6631,org.codeaurora.ims]
11-11 07:13:59.247   570   570 I auditd  : avc:  denied  { find } for interface=vendor.qti.hardware.iop::IIop pid=6631 scontext=u:r:radio:s0 tcontext=u:object_r:hal_iop_hwservice:s0 tclass=hwservice_manager permissive=0
11-11 07:13:59.277  1521  3141 I am_proc_start: [0,6644,1000,org.simalliance.openmobileapi.service,broadcast,org.simalliance.openmobileapi.service/.SmartcardServiceBootCompletedBroadcastReceiver]
11-11 07:13:59.297  1521  3141 I am_proc_bound: [0,6644,org.simalliance.openmobileapi.service]
11-11 07:13:59.327  1521  3141 I wm_task_moved: [3345,1,2]
11-11 07:13:59.327  1521  3141 I am_create_activity: [0,168461378,3345,com.zte.powersavemode/.power.PowerUsageSummaryActivityMFV,NULL,NULL,NULL,8388608]
11-11 07:13:59.327  1521  3141 I am_pause_activity: [0,99348164,com.zte.powersavemode/.main.PowerSaveModeActivityMFV]
11-11 07:13:59.337  6217  6217 I am_on_paused_called: [0,com.zte.powersavemode.main.PowerSaveModeActivityMFV,handlePauseActivity]
11-11 07:13:59.337  1521  3141 I am_restart_activity: [0,168461378,3345,com.zte.powersavemode/.power.PowerUsageSummaryActivityMFV]
11-11 07:13:59.337  1521  3141 I am_set_resumed_activity: [0,com.zte.powersavemode/.power.PowerUsageSummaryActivityMFV,minimalResumeActivityLocked]
11-11 07:13:59.337  1521  1553 I sysui_count: [window_time_0,2]
11-11 07:13:59.337  1521  1553 I sysui_multi_action: [757,803,799,window_time_0,802,2]
11-11 07:13:59.367  1521  3141 I am_proc_start: [0,6663,1000,org.simalliance.openmobileapi.service:remote,service,org.simalliance.openmobileapi.service/.SmartcardService]
11-11 07:13:59.377  1521  3141 I am_proc_bound: [0,6663,org.simalliance.openmobileapi.service:remote]
11-11 07:13:59.377  6217  6217 I am_on_resume_called: [0,com.zte.powersavemode.power.PowerUsageSummaryActivityMFV,LAUNCH_ACTIVITY]
11-11 07:13:59.417  1521  1561 I am_activity_launch_time: [0,168461378,com.zte.powersavemode/.power.PowerUsageSummaryActivityMFV,82,82]
11-11 07:13:59.547  1521  1521 I notification_cancel: [10042,1910,com.android.systemui,2,low_battery,-1,0,1088,8,NULL]
11-11 07:13:59.547  1521  1521 I notification_cancel: [10042,1910,com.android.systemui,3,low_battery,-1,0,1088,8,NULL]
11-11 07:13:59.677  1521  1553 I am_stop_activity: [0,99348164,com.zte.powersavemode/.main.PowerSaveModeActivityMFV]
11-11 07:13:59.677  6217  6217 I am_on_stop_called: [0,com.zte.powersavemode.main.PowerSaveModeActivityMFV,handleStopActivity]
11-11 07:13:59.697  1910  2380 I sysui_multi_action: [757,1093,758,4,793,3420,1094,16826496,1095,5]
11-11 07:14:01.047  1910  2380 I sysui_multi_action: [757,1093,758,4,793,1349,1094,16826496,1095,5]
11-11 07:14:01.307  6217  6217 I menu_item_selected: [0,]
11-11 07:14:01.317  1521  1908 I wm_task_moved: [3345,1,2]
11-11 07:14:01.317  1521  1908 I am_create_activity: [0,139431920,3345,com.zte.powersavemode/.power.BatteryHistoryDetailMFV,android.intent.action.MAIN,NULL,NULL,0]
11-11 07:14:01.317  1521  1908 I am_pause_activity: [0,168461378,com.zte.powersavemode/.power.PowerUsageSummaryActivityMFV]
11-11 07:14:01.327  6217  6217 I am_on_paused_called: [0,com.zte.powersavemode.power.PowerUsageSummaryActivityMFV,handlePauseActivity]
11-11 07:14:01.327  1521  3082 I am_restart_activity: [0,139431920,3345,com.zte.powersavemode/.power.BatteryHistoryDetailMFV]
11-11 07:14:01.327  1521  3082 I am_set_resumed_activity: [0,com.zte.powersavemode/.power.BatteryHistoryDetailMFV,minimalResumeActivityLocked]
11-11 07:14:01.327  1521  1553 I sysui_count: [window_time_0,2]
11-11 07:14:01.327  1521  1553 I sysui_multi_action: [757,803,799,window_time_0,802,2]
11-11 07:14:01.367  6217  6217 I am_on_resume_called: [0,com.zte.powersavemode.power.BatteryHistoryDetailMFV,LAUNCH_ACTIVITY]
11-11 07:14:01.437  1521  1561 I am_activity_launch_time: [0,139431920,com.zte.powersavemode/.power.BatteryHistoryDetailMFV,111,111]
11-11 07:14:01.717  1521  1553 I am_stop_activity: [0,168461378,com.zte.powersavemode/.power.PowerUsageSummaryActivityMFV]
11-11 07:14:01.717  6217  6217 I am_on_stop_called: [0,com.zte.powersavemode.power.PowerUsageSummaryActivityMFV,handleStopActivity]
11-11 07:14:02.447  1910  2380 I sysui_multi_action: [757,1093,758,4,793,1409,1094,16826496,1095,5]
11-11 07:14:03.127  1521  1521 I am_proc_start: [0,6705,1000,zte.com.cn.alarmclock,broadcast,zte.com.cn.alarmclock/.receiver.AlarmInitReceiver]
11-11 07:14:03.137  1521  1552 I am_pss  : [4902,10169,cn.com.zte.mobilemail,20292608,18124800,0]
11-11 07:14:03.147  1521  1908 I am_proc_bound: [0,6705,zte.com.cn.alarmclock]
11-11 07:14:03.387  1521  1552 I am_pss  : [5234,10057,com.zte.tensorflow.aizteservice:remote,71468032,71008256,0]
11-11 07:14:03.417  1521  1908 I am_proc_start: [0,6722,10103,com.moji.zteweather:pushservice,service,com.moji.zteweather/com.igexin.sdk.PushService]
11-11 07:14:03.427  1521  1552 I am_pss  : [4409,10092,com.google.android.webview:webview_service,3777536,2154496,0]
11-11 07:14:03.437  1521  1908 I am_proc_bound: [0,6722,com.moji.zteweather:pushservice]
11-11 07:14:03.457  1910  2380 I sysui_multi_action: [757,1093,758,4,793,1001,1094,18923648,1095,6]
11-11 07:14:03.537  1521  1908 I am_proc_died: [0,6722,com.moji.zteweather:pushservice,0,11]
11-11 07:14:03.567  1521  1552 I am_pss  : [3345,10003,android.process.acore,18676736,17227776,0]
11-11 07:14:03.587  1521  1552 I am_pss  : [5247,10073,com.google.process.gapps,4102144,3530752,0]
11-11 07:14:03.637  1521  6103 I am_uid_running: 10100
11-11 07:14:03.667  1521  6103 I am_proc_start: [0,6743,10100,com.qualcomm.timeservice,broadcast,com.qualcomm.timeservice/.TimeServiceBroadcastReceiver]
11-11 07:14:03.677  1521  1521 I notification_cancel: [10016,2974,com.google.android.gms,1,com.google.android.gms.update.control.NotificationControl,0,0,1088,8,NULL]
11-11 07:14:03.697  1521  6105 I am_proc_bound: [0,6743,com.qualcomm.timeservice]
11-11 07:14:03.747   570   570 I auditd  : avc:  denied  { find } for interface=vendor.qti.hardware.iop::IIop pid=6743 scontext=u:r:timeservice_app:s0:c100,c256,c512,c768 tcontext=u:object_r:hal_iop_hwservice:s0 tclass=hwservice_manager permissive=0
11-11 07:14:03.837  1521  1552 I am_pss  : [3561,10084,com.android.printspooler,3094528,2703360,0]
11-11 07:14:03.957  2974  2974 I [70220] : 2369
11-11 07:14:03.957  2974  2974 I [70220] : 47106
11-11 07:14:04.177  2974  2974 I [70220] : 2369
11-11 07:14:04.177  2974  2974 I [70220] : 47106
11-11 07:14:04.227  1521  1552 I am_pss  : [5443,1000,com.android.deftdeviceregister,3268608,2781184,0]
11-11 07:14:04.487  1910  2380 I sysui_multi_action: [757,1093,758,4,793,1033,1094,18923648,1095,6]
11-11 07:14:04.917  1521  1553 I am_proc_start: [0,6779,10023,com.zte.heartyservice:ui,broadcast,com.zte.heartyservice/.main.UICommandReceiver]
11-11 07:14:04.947  1521  3141 I am_proc_bound: [0,6779,com.zte.heartyservice:ui]
11-11 07:14:05.487  1910  2380 I sysui_multi_action: [757,1093,758,4,793,1003,1094,18923648,1095,6]
11-11 07:14:06.357  1521  1552 I am_pss  : [4591,10126,com.tencent.mm:toolsmp,43864064,23814144,0]
11-11 07:14:06.477  1521  1552 I am_pss  : [3415,10126,com.tencent.mm,94720000,81317888,0]
11-11 07:14:06.507  1521  1552 I am_pss  : [4140,10126,com.tencent.mm:exdevice,15395840,7839744,0]
11-11 07:14:06.527  1521  1552 I am_pss  : [4303,10126,com.tencent.mm:push,21637120,13201408,0]
11-11 07:14:06.547  1521  1552 I am_pss  : [4578,10126,com.tencent.mm:tools,57844736,37216256,0]
11-11 07:14:07.237  1521  1553 I am_wtf  : [0,1521,system_server,-1,JobSchedulerService,Can't cancel all jobs for system uid]
11-11 07:14:07.307  1521  3082 I am_proc_start: [0,6887,10016,com.google.android.gms.learning,service,com.google.android.gms/.learning.training.background.TrainingGcmTaskService]
11-11 07:14:07.317  1521  1552 I am_pss  : [6217,1000,com.zte.powersavemode,145612800,136712192,0]
11-11 07:14:07.327  1521  1908 I am_proc_bound: [0,6887,com.google.android.gms.learning]
11-11 07:14:07.447  1521  2711 I am_proc_start: [0,6912,1000,com.zte.powersavemode:service,broadcast,com.zte.powersavemode/.receiver.ServiceTimerStartReceiver]
11-11 07:14:07.457  1521  1521 I notification_cancel: [10016,6887,com.google.android.gms,10436,NOT_MNC,0,0,1088,8,NULL]
11-11 07:14:07.457  1521  1521 I notification_cancel: [10016,6887,com.google.android.gms,39789,NOT_MNC,0,0,1088,8,NULL]
11-11 07:14:07.467  1521  6103 I am_proc_bound: [0,6912,com.zte.powersavemode:service]
11-11 07:14:07.567  1521  3082 I am_proc_died: [0,6912,com.zte.powersavemode:service,0,12]
11-11 07:14:07.567  1521  3082 I am_broadcast_discard_app: [0,267031217,NULL,0,ResolveInfo{a7ef33b com.zte.powersavemode/.receiver.ServiceTimerStartReceiver m=0x0}]
11-11 07:14:07.647  1521  1552 I am_pss  : [3237,10025,com.zte.mifavor.launcher,102850560,96108544,0]
11-11 07:14:07.717  1521  1521 I notification_cancel: [10016,6352,com.google.android.gms,1,mdm.notification_reminder,0,0,1088,8,NULL]
11-11 07:14:07.867  1521  3076 I am_proc_start: [0,6965,10020,com.zte.halo.app:remote,service,com.zte.halo.app/com.baidu.location.f]
11-11 07:14:07.877  1521  6103 I am_proc_bound: [0,6965,com.zte.halo.app:remote]
11-11 07:14:08.127  1521  1552 I am_pss  : [4889,10156,com.zte.softda,62385152,59265024,0]
11-11 07:14:08.147  1521  1552 I am_pss  : [4920,10130,cn.com.zte.app.uac,8273920,6557696,0]
11-11 07:14:08.407  1521  2711 I am_proc_died: [0,6965,com.zte.halo.app:remote,900,17]
11-11 07:14:08.467  1910  2380 I sysui_multi_action: [757,1093,758,4,793,2977,1094,18923648,1095,6]
11-11 07:14:08.527  2974  7047 I aggregation: 1541891648535
11-11 07:14:08.707  1521  1552 I am_pss  : [5039,10078,com.zte.beautify,6324224,5373952,0]
11-11 07:14:08.827  1521  1552 I am_pss  : [5775,10021,com.android.vending,26885120,24457216,0]
11-11 07:14:08.847  1521  1552 I am_pss  : [2974,10016,com.google.android.gms,64528384,52518912,0]
